
--- STARTING SERVER ON PORT 8096 ---
Traceback (most recent call last):
  File "C:\Users\DESILO\AppData\Local\Programs\Python\Python311\Lib\site-packages\pydantic\networks.py", line 965, in import_email_validator
    import email_validator
ModuleNotFoundError: No module named 'email_validator'

The above exception was the direct cause of the following exception:

Traceback (most recent call last):
  File "<frozen runpy>", line 198, in _run_module_as_main
  File "<frozen runpy>", line 88, in _run_code
  File "C:\Users\DESILO\AppData\Local\Programs\Python\Python311\Lib\site-packages\uvicorn\__main__.py", line 4, in <module>
    uvicorn.main()
  File "C:\Users\DESILO\AppData\Roaming\Python\Python311\site-packages\click\core.py", line 1442, in __call__
    return self.main(*args, **kwargs)
           ^^^^^^^^^^^^^^^^^^^^^^^^^^
  File "C:\Users\DESILO\AppData\Roaming\Python\Python311\site-packages\click\core.py", line 1363, in main
    rv = self.invoke(ctx)
         ^^^^^^^^^^^^^^^^
  File "C:\Users\DESILO\AppData\Roaming\Python\Python311\site-packages\click\core.py", line 1226, in invoke
    return ctx.invoke(self.callback, **ctx.params)
           ^^^^^^^^^^^^^^^^^^^^^^^^^^^^^^^^^^^^^^^
  File "C:\Users\DESILO\AppData\Roaming\Python\Python311\site-packages\click\core.py", line 794, in invoke
    return callback(*args, **kwargs)
           ^^^^^^^^^^^^^^^^^^^^^^^^^
  File "C:\Users\DESILO\AppData\Local\Programs\Python\Python311\Lib\site-packages\uvicorn\main.py", line 416, in main
    run(
  File "C:\Users\DESILO\AppData\Local\Programs\Python\Python311\Lib\site-packages\uvicorn\main.py", line 587, in run
    server.run()
  File "C:\Users\DESILO\AppData\Local\Programs\Python\Python311\Lib\site-packages\uvicorn\server.py", line 61, in run
    return asyncio.run(self.serve(sockets=sockets))
           ^^^^^^^^^^^^^^^^^^^^^^^^^^^^^^^^^^^^^^^^
  File "C:\Users\DESILO\AppData\Local\Programs\Python\Python311\Lib\asyncio\runners.py", line 190, in run
    return runner.run(main)
           ^^^^^^^^^^^^^^^^
  File "C:\Users\DESILO\AppData\Local\Programs\Python\Python311\Lib\asyncio\runners.py", line 118, in run
    return self._loop.run_until_complete(task)
           ^^^^^^^^^^^^^^^^^^^^^^^^^^^^^^^^^^^
  File "C:\Users\DESILO\AppData\Local\Programs\Python\Python311\Lib\asyncio\base_events.py", line 650, in run_until_complete
    return future.result()
           ^^^^^^^^^^^^^^^
  File "C:\Users\DESILO\AppData\Local\Programs\Python\Python311\Lib\site-packages\uvicorn\server.py", line 68, in serve
    config.load()
  File "C:\Users\DESILO\AppData\Local\Programs\Python\Python311\Lib\site-packages\uvicorn\config.py", line 467, in load
    self.loaded_app = import_from_string(self.app)
                      ^^^^^^^^^^^^^^^^^^^^^^^^^^^^
  File "C:\Users\DESILO\AppData\Local\Programs\Python\Python311\Lib\site-packages\uvicorn\importer.py", line 21, in import_from_string
    module = importlib.import_module(module_str)
             ^^^^^^^^^^^^^^^^^^^^^^^^^^^^^^^^^^^
  File "C:\Users\DESILO\AppData\Local\Programs\Python\Python311\Lib\importlib\__init__.py", line 126, in import_module
    return _bootstrap._gcd_import(name[level:], package, level)
           ^^^^^^^^^^^^^^^^^^^^^^^^^^^^^^^^^^^^^^^^^^^^^^^^^^^^
  File "<frozen importlib._bootstrap>", line 1206, in _gcd_import
  File "<frozen importlib._bootstrap>", line 1178, in _find_and_load
  File "<frozen importlib._bootstrap>", line 1149, in _find_and_load_unlocked
  File "<frozen importlib._bootstrap>", line 690, in _load_unlocked
  File "<frozen importlib._bootstrap_external>", line 940, in exec_module
  File "<frozen importlib._bootstrap>", line 241, in _call_with_frames_removed
  File "D:\Palak\Idea-to-deploy\data\artifacts\ac2e93f6-b5d0-47b6-840b-6e0571518ac2\code\apps\api\main.py", line 4, in <module>
    from auth_routes import router as auth_router
  File "D:\Palak\Idea-to-deploy\data\artifacts\ac2e93f6-b5d0-47b6-840b-6e0571518ac2\code\apps\api\auth_routes.py", line 5, in <module>
    import auth
  File "D:\Palak\Idea-to-deploy\data\artifacts\ac2e93f6-b5d0-47b6-840b-6e0571518ac2\code\apps\api\auth.py", line 61, in <module>
    class UserBase(BaseModel):
  File "C:\Users\DESILO\AppData\Local\Programs\Python\Python311\Lib\site-packages\pydantic\_internal\_model_construction.py", line 255, in __new__
    complete_model_class(
  File "C:\Users\DESILO\AppData\Local\Programs\Python\Python311\Lib\site-packages\pydantic\_internal\_model_construction.py", line 648, in complete_model_class
    schema = gen_schema.generate_schema(cls)
             ^^^^^^^^^^^^^^^^^^^^^^^^^^^^^^^
  File "C:\Users\DESILO\AppData\Local\Programs\Python\Python311\Lib\site-packages\pydantic\_internal\_generate_schema.py", line 729, in generate_schema
    schema = self._generate_schema_inner(obj)
             ^^^^^^^^^^^^^^^^^^^^^^^^^^^^^^^^
  File "C:\Users\DESILO\AppData\Local\Programs\Python\Python311\Lib\site-packages\pydantic\_internal\_generate_schema.py", line 1023, in _generate_schema_inner
    return self._model_schema(obj)
           ^^^^^^^^^^^^^^^^^^^^^^^
  File "C:\Users\DESILO\AppData\Local\Programs\Python\Python311\Lib\site-packages\pydantic\_internal\_generate_schema.py", line 856, in _model_schema
    {k: self._generate_md_field_schema(k, v, decorators) for k, v in fields.items()},
    ^^^^^^^^^^^^^^^^^^^^^^^^^^^^^^^^^^^^^^^^^^^^^^^^^^^^^^^^^^^^^^^^^^^^^^^^^^^^^^^^
  File "C:\Users\DESILO\AppData\Local\Programs\Python\Python311\Lib\site-packages\pydantic\_internal\_generate_schema.py", line 856, in <dictcomp>
    {k: self._generate_md_field_schema(k, v, decorators) for k, v in fields.items()},
        ^^^^^^^^^^^^^^^^^^^^^^^^^^^^^^^^^^^^^^^^^^^^^^^^
  File "C:\Users\DESILO\AppData\Local\Programs\Python\Python311\Lib\site-packages\pydantic\_internal\_generate_schema.py", line 1228, in _generate_md_field_schema
    schema, metadata = self._common_field_schema(name, field_info, decorators)
                       ^^^^^^^^^^^^^^^^^^^^^^^^^^^^^^^^^^^^^^^^^^^^^^^^^^^^^^^
  File "C:\Users\DESILO\AppData\Local\Programs\Python\Python311\Lib\site-packages\pydantic\_internal\_generate_schema.py", line 1282, in _common_field_schema
    schema = self._apply_annotations(
             ^^^^^^^^^^^^^^^^^^^^^^^^
  File "C:\Users\DESILO\AppData\Local\Programs\Python\Python311\Lib\site-packages\pydantic\_internal\_generate_schema.py", line 2227, in _apply_annotations
    schema = get_inner_schema(source_type)
             ^^^^^^^^^^^^^^^^^^^^^^^^^^^^^
  File "C:\Users\DESILO\AppData\Local\Programs\Python\Python311\Lib\site-packages\pydantic\_internal\_schema_generation_shared.py", line 83, in __call__
    schema = self._handler(source_type)
             ^^^^^^^^^^^^^^^^^^^^^^^^^^
  File "C:\Users\DESILO\AppData\Local\Programs\Python\Python311\Lib\site-packages\pydantic\_internal\_generate_schema.py", line 2206, in inner_handler
    schema = self._generate_schema_inner(obj)
             ^^^^^^^^^^^^^^^^^^^^^^^^^^^^^^^^
  File "C:\Users\DESILO\AppData\Local\Programs\Python\Python311\Lib\site-packages\pydantic\_internal\_generate_schema.py", line 1028, in _generate_schema_inner
    return self.match_type(obj)
           ^^^^^^^^^^^^^^^^^^^^
  File "C:\Users\DESILO\AppData\Local\Programs\Python\Python311\Lib\site-packages\pydantic\_internal\_generate_schema.py", line 1144, in match_type
    return self._match_generic_type(obj, origin)
           ^^^^^^^^^^^^^^^^^^^^^^^^^^^^^^^^^^^^^
  File "C:\Users\DESILO\AppData\Local\Programs\Python\Python311\Lib\site-packages\pydantic\_internal\_generate_schema.py", line 1167, in _match_generic_type
    return self._union_schema(obj)
           ^^^^^^^^^^^^^^^^^^^^^^^
  File "C:\Users\DESILO\AppData\Local\Programs\Python\Python311\Lib\site-packages\pydantic\_internal\_generate_schema.py", line 1327, in _union_schema
    choices.append(self.generate_schema(arg))
                   ^^^^^^^^^^^^^^^^^^^^^^^^^
  File "C:\Users\DESILO\AppData\Local\Programs\Python\Python311\Lib\site-packages\pydantic\_internal\_generate_schema.py", line 726, in generate_schema
    schema = self._generate_schema_from_get_schema_method(obj, obj)
             ^^^^^^^^^^^^^^^^^^^^^^^^^^^^^^^^^^^^^^^^^^^^^^^^^^^^^^
  File "C:\Users\DESILO\AppData\Local\Programs\Python\Python311\Lib\site-packages\pydantic\_internal\_generate_schema.py", line 919, in _generate_schema_from_get_schema_method
    schema = get_schema(
             ^^^^^^^^^^^
  File "C:\Users\DESILO\AppData\Local\Programs\Python\Python311\Lib\site-packages\pydantic\networks.py", line 1005, in __get_pydantic_core_schema__
    import_email_validator()
  File "C:\Users\DESILO\AppData\Local\Programs\Python\Python311\Lib\site-packages\pydantic\networks.py", line 967, in import_email_validator
    raise ImportError("email-validator is not installed, run `pip install 'pydantic[email]'`") from e
ImportError: email-validator is not installed, run `pip install 'pydantic[email]'`

--- STARTING SERVER ON PORT 8098 ---
Traceback (most recent call last):
  File "C:\Users\DESILO\AppData\Local\Programs\Python\Python311\Lib\site-packages\pydantic\networks.py", line 965, in import_email_validator
    import email_validator
ModuleNotFoundError: No module named 'email_validator'

The above exception was the direct cause of the following exception:

Traceback (most recent call last):
  File "<frozen runpy>", line 198, in _run_module_as_main
  File "<frozen runpy>", line 88, in _run_code
  File "C:\Users\DESILO\AppData\Local\Programs\Python\Python311\Lib\site-packages\uvicorn\__main__.py", line 4, in <module>
    uvicorn.main()
  File "C:\Users\DESILO\AppData\Roaming\Python\Python311\site-packages\click\core.py", line 1442, in __call__
    return self.main(*args, **kwargs)
           ^^^^^^^^^^^^^^^^^^^^^^^^^^
  File "C:\Users\DESILO\AppData\Roaming\Python\Python311\site-packages\click\core.py", line 1363, in main
    rv = self.invoke(ctx)
         ^^^^^^^^^^^^^^^^
  File "C:\Users\DESILO\AppData\Roaming\Python\Python311\site-packages\click\core.py", line 1226, in invoke
    return ctx.invoke(self.callback, **ctx.params)
           ^^^^^^^^^^^^^^^^^^^^^^^^^^^^^^^^^^^^^^^
  File "C:\Users\DESILO\AppData\Roaming\Python\Python311\site-packages\click\core.py", line 794, in invoke
    return callback(*args, **kwargs)
           ^^^^^^^^^^^^^^^^^^^^^^^^^
  File "C:\Users\DESILO\AppData\Local\Programs\Python\Python311\Lib\site-packages\uvicorn\main.py", line 416, in main
    run(
  File "C:\Users\DESILO\AppData\Local\Programs\Python\Python311\Lib\site-packages\uvicorn\main.py", line 587, in run
    server.run()
  File "C:\Users\DESILO\AppData\Local\Programs\Python\Python311\Lib\site-packages\uvicorn\server.py", line 61, in run
    return asyncio.run(self.serve(sockets=sockets))
           ^^^^^^^^^^^^^^^^^^^^^^^^^^^^^^^^^^^^^^^^
  File "C:\Users\DESILO\AppData\Local\Programs\Python\Python311\Lib\asyncio\runners.py", line 190, in run
    return runner.run(main)
           ^^^^^^^^^^^^^^^^
  File "C:\Users\DESILO\AppData\Local\Programs\Python\Python311\Lib\asyncio\runners.py", line 118, in run
    return self._loop.run_until_complete(task)
           ^^^^^^^^^^^^^^^^^^^^^^^^^^^^^^^^^^^
  File "C:\Users\DESILO\AppData\Local\Programs\Python\Python311\Lib\asyncio\base_events.py", line 650, in run_until_complete
    return future.result()
           ^^^^^^^^^^^^^^^
  File "C:\Users\DESILO\AppData\Local\Programs\Python\Python311\Lib\site-packages\uvicorn\server.py", line 68, in serve
    config.load()
  File "C:\Users\DESILO\AppData\Local\Programs\Python\Python311\Lib\site-packages\uvicorn\config.py", line 467, in load
    self.loaded_app = import_from_string(self.app)
                      ^^^^^^^^^^^^^^^^^^^^^^^^^^^^
  File "C:\Users\DESILO\AppData\Local\Programs\Python\Python311\Lib\site-packages\uvicorn\importer.py", line 21, in import_from_string
    module = importlib.import_module(module_str)
             ^^^^^^^^^^^^^^^^^^^^^^^^^^^^^^^^^^^
  File "C:\Users\DESILO\AppData\Local\Programs\Python\Python311\Lib\importlib\__init__.py", line 126, in import_module
    return _bootstrap._gcd_import(name[level:], package, level)
           ^^^^^^^^^^^^^^^^^^^^^^^^^^^^^^^^^^^^^^^^^^^^^^^^^^^^
  File "<frozen importlib._bootstrap>", line 1206, in _gcd_import
  File "<frozen importlib._bootstrap>", line 1178, in _find_and_load
  File "<frozen importlib._bootstrap>", line 1149, in _find_and_load_unlocked
  File "<frozen importlib._bootstrap>", line 690, in _load_unlocked
  File "<frozen importlib._bootstrap_external>", line 940, in exec_module
  File "<frozen importlib._bootstrap>", line 241, in _call_with_frames_removed
  File "D:\Palak\Idea-to-deploy\data\artifacts\ac2e93f6-b5d0-47b6-840b-6e0571518ac2\code\apps\api\main.py", line 4, in <module>
    from auth_routes import router as auth_router
  File "D:\Palak\Idea-to-deploy\data\artifacts\ac2e93f6-b5d0-47b6-840b-6e0571518ac2\code\apps\api\auth_routes.py", line 5, in <module>
    import auth
  File "D:\Palak\Idea-to-deploy\data\artifacts\ac2e93f6-b5d0-47b6-840b-6e0571518ac2\code\apps\api\auth.py", line 61, in <module>
    class UserBase(BaseModel):
  File "C:\Users\DESILO\AppData\Local\Programs\Python\Python311\Lib\site-packages\pydantic\_internal\_model_construction.py", line 255, in __new__
    complete_model_class(
  File "C:\Users\DESILO\AppData\Local\Programs\Python\Python311\Lib\site-packages\pydantic\_internal\_model_construction.py", line 648, in complete_model_class
    schema = gen_schema.generate_schema(cls)
             ^^^^^^^^^^^^^^^^^^^^^^^^^^^^^^^
  File "C:\Users\DESILO\AppData\Local\Programs\Python\Python311\Lib\site-packages\pydantic\_internal\_generate_schema.py", line 729, in generate_schema
    schema = self._generate_schema_inner(obj)
             ^^^^^^^^^^^^^^^^^^^^^^^^^^^^^^^^
  File "C:\Users\DESILO\AppData\Local\Programs\Python\Python311\Lib\site-packages\pydantic\_internal\_generate_schema.py", line 1023, in _generate_schema_inner
    return self._model_schema(obj)
           ^^^^^^^^^^^^^^^^^^^^^^^
  File "C:\Users\DESILO\AppData\Local\Programs\Python\Python311\Lib\site-packages\pydantic\_internal\_generate_schema.py", line 856, in _model_schema
    {k: self._generate_md_field_schema(k, v, decorators) for k, v in fields.items()},
    ^^^^^^^^^^^^^^^^^^^^^^^^^^^^^^^^^^^^^^^^^^^^^^^^^^^^^^^^^^^^^^^^^^^^^^^^^^^^^^^^
  File "C:\Users\DESILO\AppData\Local\Programs\Python\Python311\Lib\site-packages\pydantic\_internal\_generate_schema.py", line 856, in <dictcomp>
    {k: self._generate_md_field_schema(k, v, decorators) for k, v in fields.items()},
        ^^^^^^^^^^^^^^^^^^^^^^^^^^^^^^^^^^^^^^^^^^^^^^^^
  File "C:\Users\DESILO\AppData\Local\Programs\Python\Python311\Lib\site-packages\pydantic\_internal\_generate_schema.py", line 1228, in _generate_md_field_schema
    schema, metadata = self._common_field_schema(name, field_info, decorators)
                       ^^^^^^^^^^^^^^^^^^^^^^^^^^^^^^^^^^^^^^^^^^^^^^^^^^^^^^^
  File "C:\Users\DESILO\AppData\Local\Programs\Python\Python311\Lib\site-packages\pydantic\_internal\_generate_schema.py", line 1282, in _common_field_schema
    schema = self._apply_annotations(
             ^^^^^^^^^^^^^^^^^^^^^^^^
  File "C:\Users\DESILO\AppData\Local\Programs\Python\Python311\Lib\site-packages\pydantic\_internal\_generate_schema.py", line 2227, in _apply_annotations
    schema = get_inner_schema(source_type)
             ^^^^^^^^^^^^^^^^^^^^^^^^^^^^^
  File "C:\Users\DESILO\AppData\Local\Programs\Python\Python311\Lib\site-packages\pydantic\_internal\_schema_generation_shared.py", line 83, in __call__
    schema = self._handler(source_type)
             ^^^^^^^^^^^^^^^^^^^^^^^^^^
  File "C:\Users\DESILO\AppData\Local\Programs\Python\Python311\Lib\site-packages\pydantic\_internal\_generate_schema.py", line 2206, in inner_handler
    schema = self._generate_schema_inner(obj)
             ^^^^^^^^^^^^^^^^^^^^^^^^^^^^^^^^
  File "C:\Users\DESILO\AppData\Local\Programs\Python\Python311\Lib\site-packages\pydantic\_internal\_generate_schema.py", line 1028, in _generate_schema_inner
    return self.match_type(obj)
           ^^^^^^^^^^^^^^^^^^^^
  File "C:\Users\DESILO\AppData\Local\Programs\Python\Python311\Lib\site-packages\pydantic\_internal\_generate_schema.py", line 1144, in match_type
    return self._match_generic_type(obj, origin)
           ^^^^^^^^^^^^^^^^^^^^^^^^^^^^^^^^^^^^^
  File "C:\Users\DESILO\AppData\Local\Programs\Python\Python311\Lib\site-packages\pydantic\_internal\_generate_schema.py", line 1167, in _match_generic_type
    return self._union_schema(obj)
           ^^^^^^^^^^^^^^^^^^^^^^^
  File "C:\Users\DESILO\AppData\Local\Programs\Python\Python311\Lib\site-packages\pydantic\_internal\_generate_schema.py", line 1327, in _union_schema
    choices.append(self.generate_schema(arg))
                   ^^^^^^^^^^^^^^^^^^^^^^^^^
  File "C:\Users\DESILO\AppData\Local\Programs\Python\Python311\Lib\site-packages\pydantic\_internal\_generate_schema.py", line 726, in generate_schema
    schema = self._generate_schema_from_get_schema_method(obj, obj)
             ^^^^^^^^^^^^^^^^^^^^^^^^^^^^^^^^^^^^^^^^^^^^^^^^^^^^^^
  File "C:\Users\DESILO\AppData\Local\Programs\Python\Python311\Lib\site-packages\pydantic\_internal\_generate_schema.py", line 919, in _generate_schema_from_get_schema_method
    schema = get_schema(
             ^^^^^^^^^^^
  File "C:\Users\DESILO\AppData\Local\Programs\Python\Python311\Lib\site-packages\pydantic\networks.py", line 1005, in __get_pydantic_core_schema__
    import_email_validator()
  File "C:\Users\DESILO\AppData\Local\Programs\Python\Python311\Lib\site-packages\pydantic\networks.py", line 967, in import_email_validator
    raise ImportError("email-validator is not installed, run `pip install 'pydantic[email]'`") from e
ImportError: email-validator is not installed, run `pip install 'pydantic[email]'`

--- STARTING SERVER ON PORT 8060 ---
Traceback (most recent call last):
  File "<frozen runpy>", line 198, in _run_module_as_main
  File "<frozen runpy>", line 88, in _run_code
  File "C:\Users\DESILO\AppData\Local\Programs\Python\Python311\Lib\site-packages\uvicorn\__main__.py", line 4, in <module>
    uvicorn.main()
  File "C:\Users\DESILO\AppData\Roaming\Python\Python311\site-packages\click\core.py", line 1442, in __call__
    return self.main(*args, **kwargs)
           ^^^^^^^^^^^^^^^^^^^^^^^^^^
  File "C:\Users\DESILO\AppData\Roaming\Python\Python311\site-packages\click\core.py", line 1363, in main
    rv = self.invoke(ctx)
         ^^^^^^^^^^^^^^^^
  File "C:\Users\DESILO\AppData\Roaming\Python\Python311\site-packages\click\core.py", line 1226, in invoke
    return ctx.invoke(self.callback, **ctx.params)
           ^^^^^^^^^^^^^^^^^^^^^^^^^^^^^^^^^^^^^^^
  File "C:\Users\DESILO\AppData\Roaming\Python\Python311\site-packages\click\core.py", line 794, in invoke
    return callback(*args, **kwargs)
           ^^^^^^^^^^^^^^^^^^^^^^^^^
  File "C:\Users\DESILO\AppData\Local\Programs\Python\Python311\Lib\site-packages\uvicorn\main.py", line 416, in main
    run(
  File "C:\Users\DESILO\AppData\Local\Programs\Python\Python311\Lib\site-packages\uvicorn\main.py", line 587, in run
    server.run()
  File "C:\Users\DESILO\AppData\Local\Programs\Python\Python311\Lib\site-packages\uvicorn\server.py", line 61, in run
    return asyncio.run(self.serve(sockets=sockets))
           ^^^^^^^^^^^^^^^^^^^^^^^^^^^^^^^^^^^^^^^^
  File "C:\Users\DESILO\AppData\Local\Programs\Python\Python311\Lib\asyncio\runners.py", line 190, in run
    return runner.run(main)
           ^^^^^^^^^^^^^^^^
  File "C:\Users\DESILO\AppData\Local\Programs\Python\Python311\Lib\asyncio\runners.py", line 118, in run
    return self._loop.run_until_complete(task)
           ^^^^^^^^^^^^^^^^^^^^^^^^^^^^^^^^^^^
  File "C:\Users\DESILO\AppData\Local\Programs\Python\Python311\Lib\asyncio\base_events.py", line 650, in run_until_complete
    return future.result()
           ^^^^^^^^^^^^^^^
  File "C:\Users\DESILO\AppData\Local\Programs\Python\Python311\Lib\site-packages\uvicorn\server.py", line 68, in serve
    config.load()
  File "C:\Users\DESILO\AppData\Local\Programs\Python\Python311\Lib\site-packages\uvicorn\config.py", line 467, in load
    self.loaded_app = import_from_string(self.app)
                      ^^^^^^^^^^^^^^^^^^^^^^^^^^^^
  File "C:\Users\DESILO\AppData\Local\Programs\Python\Python311\Lib\site-packages\uvicorn\importer.py", line 21, in import_from_string
    module = importlib.import_module(module_str)
             ^^^^^^^^^^^^^^^^^^^^^^^^^^^^^^^^^^^
  File "C:\Users\DESILO\AppData\Local\Programs\Python\Python311\Lib\importlib\__init__.py", line 126, in import_module
    return _bootstrap._gcd_import(name[level:], package, level)
           ^^^^^^^^^^^^^^^^^^^^^^^^^^^^^^^^^^^^^^^^^^^^^^^^^^^^
  File "<frozen importlib._bootstrap>", line 1206, in _gcd_import
  File "<frozen importlib._bootstrap>", line 1178, in _find_and_load
  File "<frozen importlib._bootstrap>", line 1149, in _find_and_load_unlocked
  File "<frozen importlib._bootstrap>", line 690, in _load_unlocked
  File "<frozen importlib._bootstrap_external>", line 940, in exec_module
  File "<frozen importlib._bootstrap>", line 241, in _call_with_frames_removed
  File "D:\Palak\Idea-to-deploy\data\artifacts\ac2e93f6-b5d0-47b6-840b-6e0571518ac2\code\apps\api\main.py", line 2, in <module>
    from fastapi import FastAPI
  File "C:\Users\DESILO\AppData\Local\Programs\Python\Python311\Lib\site-packages\fastapi\__init__.py", line 7, in <module>
    from .applications import FastAPI as FastAPI
  File "C:\Users\DESILO\AppData\Local\Programs\Python\Python311\Lib\site-packages\fastapi\applications.py", line 16, in <module>
    from fastapi import routing
  File "C:\Users\DESILO\AppData\Local\Programs\Python\Python311\Lib\site-packages\fastapi\routing.py", line 22, in <module>
    from fastapi import params
  File "C:\Users\DESILO\AppData\Local\Programs\Python\Python311\Lib\site-packages\fastapi\params.py", line 5, in <module>
    from fastapi.openapi.models import Example
  File "C:\Users\DESILO\AppData\Local\Programs\Python\Python311\Lib\site-packages\fastapi\openapi\models.py", line 4, in <module>
    from fastapi._compat import (
  File "C:\Users\DESILO\AppData\Local\Programs\Python\Python311\Lib\site-packages\fastapi\_compat.py", line 20, in <module>
    from fastapi.exceptions import RequestErrorModel
  File "C:\Users\DESILO\AppData\Local\Programs\Python\Python311\Lib\site-packages\fastapi\exceptions.py", line 3, in <module>
    from pydantic import BaseModel, create_model
  File "<frozen importlib._bootstrap>", line 1231, in _handle_fromlist
  File "C:\Users\DESILO\AppData\Local\Programs\Python\Python311\Lib\site-packages\pydantic\__init__.py", line 446, in __getattr__
    module = import_module(module_name, package=package)
             ^^^^^^^^^^^^^^^^^^^^^^^^^^^^^^^^^^^^^^^^^^^
  File "C:\Users\DESILO\AppData\Local\Programs\Python\Python311\Lib\importlib\__init__.py", line 126, in import_module
    return _bootstrap._gcd_import(name[level:], package, level)
           ^^^^^^^^^^^^^^^^^^^^^^^^^^^^^^^^^^^^^^^^^^^^^^^^^^^^
  File "C:\Users\DESILO\AppData\Local\Programs\Python\Python311\Lib\site-packages\pydantic\main.py", line 36, in <module>
    from ._internal import (
  File "C:\Users\DESILO\AppData\Local\Programs\Python\Python311\Lib\site-packages\pydantic\_internal\_model_construction.py", line 25, in <module>
    from ._generate_schema import GenerateSchema, InvalidSchemaError
  File "C:\Users\DESILO\AppData\Local\Programs\Python\Python311\Lib\site-packages\pydantic\_internal\_generate_schema.py", line 1
    Limit Exists
          ^^^^^^
SyntaxError: invalid syntax

--- STARTING SERVER ON PORT 8042 ---
Traceback (most recent call last):
  File "<frozen runpy>", line 189, in _run_module_as_main
  File "<frozen runpy>", line 148, in _get_module_details
  File "<frozen runpy>", line 112, in _get_module_details
  File "C:\Users\DESILO\AppData\Local\Programs\Python\Python311\Lib\site-packages\uvicorn\__init__.py", line 2, in <module>
    from uvicorn.main import Server, main, run
  File "C:\Users\DESILO\AppData\Local\Programs\Python\Python311\Lib\site-packages\uvicorn\main.py", line 29, in <module>
    from uvicorn.server import Server, ServerState  # noqa: F401  # Used to be defined here.
    ^^^^^^^^^^^^^^^^^^^^^^^^^^^^^^^^^^^^^^^^^^^^^^
  File "C:\Users\DESILO\AppData\Local\Programs\Python\Python311\Lib\site-packages\uvicorn\server.py", line 1
    Limit Exists
          ^^^^^^
SyntaxError: invalid syntax

--- STARTING SERVER ON PORT 8023 ---
Traceback (most recent call last):
  File "<frozen runpy>", line 189, in _run_module_as_main
  File "<frozen runpy>", line 148, in _get_module_details
  File "<frozen runpy>", line 112, in _get_module_details
  File "C:\Users\DESILO\AppData\Local\Programs\Python\Python311\Lib\site-packages\uvicorn\__init__.py", line 2, in <module>
    from uvicorn.main import Server, main, run
  File "C:\Users\DESILO\AppData\Local\Programs\Python\Python311\Lib\site-packages\uvicorn\main.py", line 29, in <module>
    from uvicorn.server import Server, ServerState  # noqa: F401  # Used to be defined here.
    ^^^^^^^^^^^^^^^^^^^^^^^^^^^^^^^^^^^^^^^^^^^^^^
  File "C:\Users\DESILO\AppData\Local\Programs\Python\Python311\Lib\site-packages\uvicorn\server.py", line 1
    Limit Exists
          ^^^^^^
SyntaxError: invalid syntax

--- STARTING SERVER ON PORT 8094 ---
Traceback (most recent call last):
  File "<frozen runpy>", line 189, in _run_module_as_main
  File "<frozen runpy>", line 148, in _get_module_details
  File "<frozen runpy>", line 112, in _get_module_details
  File "C:\Users\DESILO\AppData\Local\Programs\Python\Python311\Lib\site-packages\uvicorn\__init__.py", line 2, in <module>
    from uvicorn.main import Server, main, run
  File "C:\Users\DESILO\AppData\Local\Programs\Python\Python311\Lib\site-packages\uvicorn\main.py", line 29, in <module>
    from uvicorn.server import Server, ServerState  # noqa: F401  # Used to be defined here.
    ^^^^^^^^^^^^^^^^^^^^^^^^^^^^^^^^^^^^^^^^^^^^^^
  File "C:\Users\DESILO\AppData\Local\Programs\Python\Python311\Lib\site-packages\uvicorn\server.py", line 1
    Limit Exists
          ^^^^^^
SyntaxError: invalid syntax

--- STARTING SERVER ON PORT 8074 ---
Traceback (most recent call last):
  File "<frozen runpy>", line 189, in _run_module_as_main
  File "<frozen runpy>", line 148, in _get_module_details
  File "<frozen runpy>", line 112, in _get_module_details
  File "C:\Users\DESILO\AppData\Local\Programs\Python\Python311\Lib\site-packages\uvicorn\__init__.py", line 2, in <module>
    from uvicorn.main import Server, main, run
  File "C:\Users\DESILO\AppData\Local\Programs\Python\Python311\Lib\site-packages\uvicorn\main.py", line 29, in <module>
    from uvicorn.server import Server, ServerState  # noqa: F401  # Used to be defined here.
    ^^^^^^^^^^^^^^^^^^^^^^^^^^^^^^^^^^^^^^^^^^^^^^
  File "C:\Users\DESILO\AppData\Local\Programs\Python\Python311\Lib\site-packages\uvicorn\server.py", line 1
    Limit Exists
          ^^^^^^
SyntaxError: invalid syntax

--- STARTING SERVER ON PORT 8082 ---
Traceback (most recent call last):
  File "C:\Users\DESILO\AppData\Local\Programs\Python\Python311\Lib\site-packages\pydantic\networks.py", line 965, in import_email_validator
    import email_validator
ModuleNotFoundError: No module named 'email_validator'

The above exception was the direct cause of the following exception:

Traceback (most recent call last):
  File "<frozen runpy>", line 198, in _run_module_as_main
  File "<frozen runpy>", line 88, in _run_code
  File "C:\Users\DESILO\AppData\Local\Programs\Python\Python311\Lib\site-packages\uvicorn\__main__.py", line 4, in <module>
    uvicorn.main()
  File "C:\Users\DESILO\AppData\Local\Programs\Python\Python311\Lib\site-packages\click\core.py", line 1485, in __call__
    return self.main(*args, **kwargs)
           ^^^^^^^^^^^^^^^^^^^^^^^^^^
  File "C:\Users\DESILO\AppData\Local\Programs\Python\Python311\Lib\site-packages\click\core.py", line 1406, in main
    rv = self.invoke(ctx)
         ^^^^^^^^^^^^^^^^
  File "C:\Users\DESILO\AppData\Local\Programs\Python\Python311\Lib\site-packages\click\core.py", line 1269, in invoke
    return ctx.invoke(self.callback, **ctx.params)
           ^^^^^^^^^^^^^^^^^^^^^^^^^^^^^^^^^^^^^^^
  File "C:\Users\DESILO\AppData\Local\Programs\Python\Python311\Lib\site-packages\click\core.py", line 824, in invoke
    return callback(*args, **kwargs)
           ^^^^^^^^^^^^^^^^^^^^^^^^^
  File "C:\Users\DESILO\AppData\Local\Programs\Python\Python311\Lib\site-packages\uvicorn\main.py", line 424, in main
    run(
  File "C:\Users\DESILO\AppData\Local\Programs\Python\Python311\Lib\site-packages\uvicorn\main.py", line 594, in run
    server.run()
  File "C:\Users\DESILO\AppData\Local\Programs\Python\Python311\Lib\site-packages\uvicorn\server.py", line 67, in run
    return asyncio_run(self.serve(sockets=sockets), loop_factory=self.config.get_loop_factory())
           ^^^^^^^^^^^^^^^^^^^^^^^^^^^^^^^^^^^^^^^^^^^^^^^^^^^^^^^^^^^^^^^^^^^^^^^^^^^^^^^^^^^^^
  File "C:\Users\DESILO\AppData\Local\Programs\Python\Python311\Lib\site-packages\uvicorn\_compat.py", line 30, in asyncio_run
    return runner.run(main)
           ^^^^^^^^^^^^^^^^
  File "C:\Users\DESILO\AppData\Local\Programs\Python\Python311\Lib\asyncio\runners.py", line 118, in run
    return self._loop.run_until_complete(task)
           ^^^^^^^^^^^^^^^^^^^^^^^^^^^^^^^^^^^
  File "C:\Users\DESILO\AppData\Local\Programs\Python\Python311\Lib\asyncio\base_events.py", line 650, in run_until_complete
    return future.result()
           ^^^^^^^^^^^^^^^
  File "C:\Users\DESILO\AppData\Local\Programs\Python\Python311\Lib\site-packages\uvicorn\server.py", line 71, in serve
    await self._serve(sockets)
  File "C:\Users\DESILO\AppData\Local\Programs\Python\Python311\Lib\site-packages\uvicorn\server.py", line 78, in _serve
    config.load()
  File "C:\Users\DESILO\AppData\Local\Programs\Python\Python311\Lib\site-packages\uvicorn\config.py", line 439, in load
    self.loaded_app = import_from_string(self.app)
                      ^^^^^^^^^^^^^^^^^^^^^^^^^^^^
  File "C:\Users\DESILO\AppData\Local\Programs\Python\Python311\Lib\site-packages\uvicorn\importer.py", line 19, in import_from_string
    module = importlib.import_module(module_str)
             ^^^^^^^^^^^^^^^^^^^^^^^^^^^^^^^^^^^
  File "C:\Users\DESILO\AppData\Local\Programs\Python\Python311\Lib\importlib\__init__.py", line 126, in import_module
    return _bootstrap._gcd_import(name[level:], package, level)
           ^^^^^^^^^^^^^^^^^^^^^^^^^^^^^^^^^^^^^^^^^^^^^^^^^^^^
  File "<frozen importlib._bootstrap>", line 1206, in _gcd_import
  File "<frozen importlib._bootstrap>", line 1178, in _find_and_load
  File "<frozen importlib._bootstrap>", line 1149, in _find_and_load_unlocked
  File "<frozen importlib._bootstrap>", line 690, in _load_unlocked
  File "<frozen importlib._bootstrap_external>", line 940, in exec_module
  File "<frozen importlib._bootstrap>", line 241, in _call_with_frames_removed
  File "D:\Palak\Idea-to-deploy\data\artifacts\ac2e93f6-b5d0-47b6-840b-6e0571518ac2\code\apps\api\main.py", line 4, in <module>
    from auth_routes import router as auth_router
  File "D:\Palak\Idea-to-deploy\data\artifacts\ac2e93f6-b5d0-47b6-840b-6e0571518ac2\code\apps\api\auth_routes.py", line 5, in <module>
    import auth
  File "D:\Palak\Idea-to-deploy\data\artifacts\ac2e93f6-b5d0-47b6-840b-6e0571518ac2\code\apps\api\auth.py", line 61, in <module>
    class UserBase(BaseModel):
  File "C:\Users\DESILO\AppData\Local\Programs\Python\Python311\Lib\site-packages\pydantic\_internal\_model_construction.py", line 255, in __new__
    complete_model_class(
  File "C:\Users\DESILO\AppData\Local\Programs\Python\Python311\Lib\site-packages\pydantic\_internal\_model_construction.py", line 648, in complete_model_class
    schema = gen_schema.generate_schema(cls)
             ^^^^^^^^^^^^^^^^^^^^^^^^^^^^^^^
  File "C:\Users\DESILO\AppData\Local\Programs\Python\Python311\Lib\site-packages\pydantic\_internal\_generate_schema.py", line 729, in generate_schema
    schema = self._generate_schema_inner(obj)
             ^^^^^^^^^^^^^^^^^^^^^^^^^^^^^^^^
  File "C:\Users\DESILO\AppData\Local\Programs\Python\Python311\Lib\site-packages\pydantic\_internal\_generate_schema.py", line 1023, in _generate_schema_inner
    return self._model_schema(obj)
           ^^^^^^^^^^^^^^^^^^^^^^^
  File "C:\Users\DESILO\AppData\Local\Programs\Python\Python311\Lib\site-packages\pydantic\_internal\_generate_schema.py", line 856, in _model_schema
    {k: self._generate_md_field_schema(k, v, decorators) for k, v in fields.items()},
    ^^^^^^^^^^^^^^^^^^^^^^^^^^^^^^^^^^^^^^^^^^^^^^^^^^^^^^^^^^^^^^^^^^^^^^^^^^^^^^^^
  File "C:\Users\DESILO\AppData\Local\Programs\Python\Python311\Lib\site-packages\pydantic\_internal\_generate_schema.py", line 856, in <dictcomp>
    {k: self._generate_md_field_schema(k, v, decorators) for k, v in fields.items()},
        ^^^^^^^^^^^^^^^^^^^^^^^^^^^^^^^^^^^^^^^^^^^^^^^^
  File "C:\Users\DESILO\AppData\Local\Programs\Python\Python311\Lib\site-packages\pydantic\_internal\_generate_schema.py", line 1228, in _generate_md_field_schema
    schema, metadata = self._common_field_schema(name, field_info, decorators)
                       ^^^^^^^^^^^^^^^^^^^^^^^^^^^^^^^^^^^^^^^^^^^^^^^^^^^^^^^
  File "C:\Users\DESILO\AppData\Local\Programs\Python\Python311\Lib\site-packages\pydantic\_internal\_generate_schema.py", line 1282, in _common_field_schema
    schema = self._apply_annotations(
             ^^^^^^^^^^^^^^^^^^^^^^^^
  File "C:\Users\DESILO\AppData\Local\Programs\Python\Python311\Lib\site-packages\pydantic\_internal\_generate_schema.py", line 2227, in _apply_annotations
    schema = get_inner_schema(source_type)
             ^^^^^^^^^^^^^^^^^^^^^^^^^^^^^
  File "C:\Users\DESILO\AppData\Local\Programs\Python\Python311\Lib\site-packages\pydantic\_internal\_schema_generation_shared.py", line 83, in __call__
    schema = self._handler(source_type)
             ^^^^^^^^^^^^^^^^^^^^^^^^^^
  File "C:\Users\DESILO\AppData\Local\Programs\Python\Python311\Lib\site-packages\pydantic\_internal\_generate_schema.py", line 2206, in inner_handler
    schema = self._generate_schema_inner(obj)
             ^^^^^^^^^^^^^^^^^^^^^^^^^^^^^^^^
  File "C:\Users\DESILO\AppData\Local\Programs\Python\Python311\Lib\site-packages\pydantic\_internal\_generate_schema.py", line 1028, in _generate_schema_inner
    return self.match_type(obj)
           ^^^^^^^^^^^^^^^^^^^^
  File "C:\Users\DESILO\AppData\Local\Programs\Python\Python311\Lib\site-packages\pydantic\_internal\_generate_schema.py", line 1144, in match_type
    return self._match_generic_type(obj, origin)
           ^^^^^^^^^^^^^^^^^^^^^^^^^^^^^^^^^^^^^
  File "C:\Users\DESILO\AppData\Local\Programs\Python\Python311\Lib\site-packages\pydantic\_internal\_generate_schema.py", line 1167, in _match_generic_type
    return self._union_schema(obj)
           ^^^^^^^^^^^^^^^^^^^^^^^
  File "C:\Users\DESILO\AppData\Local\Programs\Python\Python311\Lib\site-packages\pydantic\_internal\_generate_schema.py", line 1327, in _union_schema
    choices.append(self.generate_schema(arg))
                   ^^^^^^^^^^^^^^^^^^^^^^^^^
  File "C:\Users\DESILO\AppData\Local\Programs\Python\Python311\Lib\site-packages\pydantic\_internal\_generate_schema.py", line 726, in generate_schema
    schema = self._generate_schema_from_get_schema_method(obj, obj)
             ^^^^^^^^^^^^^^^^^^^^^^^^^^^^^^^^^^^^^^^^^^^^^^^^^^^^^^
  File "C:\Users\DESILO\AppData\Local\Programs\Python\Python311\Lib\site-packages\pydantic\_internal\_generate_schema.py", line 919, in _generate_schema_from_get_schema_method
    schema = get_schema(
             ^^^^^^^^^^^
  File "C:\Users\DESILO\AppData\Local\Programs\Python\Python311\Lib\site-packages\pydantic\networks.py", line 1005, in __get_pydantic_core_schema__
    import_email_validator()
  File "C:\Users\DESILO\AppData\Local\Programs\Python\Python311\Lib\site-packages\pydantic\networks.py", line 967, in import_email_validator
    raise ImportError("email-validator is not installed, run `pip install 'pydantic[email]'`") from e
ImportError: email-validator is not installed, run `pip install 'pydantic[email]'`

--- STARTING SERVER ON PORT 8074 ---
C:\Users\DESILO\AppData\Local\Programs\Python\Python311\Lib\site-packages\pydantic\_internal\_config.py:383: UserWarning: Valid config keys have changed in V2:
* 'orm_mode' has been renamed to 'from_attributes'
  warnings.warn(message, UserWarning)
INFO:     Started server process [2108]
INFO:     Waiting for application startup.
INFO:     Application startup complete.
INFO:     Uvicorn running on http://0.0.0.0:8074 (Press CTRL+C to quit)

--- STARTING SERVER ON PORT 8085 ---
Traceback (most recent call last):
  File "<frozen runpy>", line 198, in _run_module_as_main
  File "<frozen runpy>", line 88, in _run_code
  File "C:\Users\DESILO\AppData\Local\Programs\Python\Python311\Lib\site-packages\uvicorn\__main__.py", line 4, in <module>
    uvicorn.main()
  File "C:\Users\DESILO\AppData\Local\Programs\Python\Python311\Lib\site-packages\click\core.py", line 1485, in __call__
    return self.main(*args, **kwargs)
           ^^^^^^^^^^^^^^^^^^^^^^^^^^
  File "C:\Users\DESILO\AppData\Local\Programs\Python\Python311\Lib\site-packages\click\core.py", line 1406, in main
    rv = self.invoke(ctx)
         ^^^^^^^^^^^^^^^^
  File "C:\Users\DESILO\AppData\Local\Programs\Python\Python311\Lib\site-packages\click\core.py", line 1269, in invoke
    return ctx.invoke(self.callback, **ctx.params)
           ^^^^^^^^^^^^^^^^^^^^^^^^^^^^^^^^^^^^^^^
  File "C:\Users\DESILO\AppData\Local\Programs\Python\Python311\Lib\site-packages\click\core.py", line 824, in invoke
    return callback(*args, **kwargs)
           ^^^^^^^^^^^^^^^^^^^^^^^^^
  File "C:\Users\DESILO\AppData\Local\Programs\Python\Python311\Lib\site-packages\uvicorn\main.py", line 424, in main
    run(
  File "C:\Users\DESILO\AppData\Local\Programs\Python\Python311\Lib\site-packages\uvicorn\main.py", line 594, in run
    server.run()
  File "C:\Users\DESILO\AppData\Local\Programs\Python\Python311\Lib\site-packages\uvicorn\server.py", line 67, in run
    return asyncio_run(self.serve(sockets=sockets), loop_factory=self.config.get_loop_factory())
           ^^^^^^^^^^^^^^^^^^^^^^^^^^^^^^^^^^^^^^^^^^^^^^^^^^^^^^^^^^^^^^^^^^^^^^^^^^^^^^^^^^^^^
  File "C:\Users\DESILO\AppData\Local\Programs\Python\Python311\Lib\site-packages\uvicorn\_compat.py", line 30, in asyncio_run
    return runner.run(main)
           ^^^^^^^^^^^^^^^^
  File "C:\Users\DESILO\AppData\Local\Programs\Python\Python311\Lib\asyncio\runners.py", line 118, in run
    return self._loop.run_until_complete(task)
           ^^^^^^^^^^^^^^^^^^^^^^^^^^^^^^^^^^^
  File "C:\Users\DESILO\AppData\Local\Programs\Python\Python311\Lib\asyncio\base_events.py", line 650, in run_until_complete
    return future.result()
           ^^^^^^^^^^^^^^^
  File "C:\Users\DESILO\AppData\Local\Programs\Python\Python311\Lib\site-packages\uvicorn\server.py", line 71, in serve
    await self._serve(sockets)
  File "C:\Users\DESILO\AppData\Local\Programs\Python\Python311\Lib\site-packages\uvicorn\server.py", line 78, in _serve
    config.load()
  File "C:\Users\DESILO\AppData\Local\Programs\Python\Python311\Lib\site-packages\uvicorn\config.py", line 439, in load
    self.loaded_app = import_from_string(self.app)
                      ^^^^^^^^^^^^^^^^^^^^^^^^^^^^
  File "C:\Users\DESILO\AppData\Local\Programs\Python\Python311\Lib\site-packages\uvicorn\importer.py", line 19, in import_from_string
    module = importlib.import_module(module_str)
             ^^^^^^^^^^^^^^^^^^^^^^^^^^^^^^^^^^^
  File "C:\Users\DESILO\AppData\Local\Programs\Python\Python311\Lib\importlib\__init__.py", line 126, in import_module
    return _bootstrap._gcd_import(name[level:], package, level)
           ^^^^^^^^^^^^^^^^^^^^^^^^^^^^^^^^^^^^^^^^^^^^^^^^^^^^
  File "<frozen importlib._bootstrap>", line 1206, in _gcd_import
  File "<frozen importlib._bootstrap>", line 1178, in _find_and_load
  File "<frozen importlib._bootstrap>", line 1149, in _find_and_load_unlocked
  File "<frozen importlib._bootstrap>", line 690, in _load_unlocked
  File "<frozen importlib._bootstrap_external>", line 940, in exec_module
  File "<frozen importlib._bootstrap>", line 241, in _call_with_frames_removed
  File "D:\Palak\Idea-to-deploy\data\artifacts\ac2e93f6-b5d0-47b6-840b-6e0571518ac2\code\apps\api\main.py", line 4, in <module>
    from auth_routes import router as auth_router
ImportError: cannot import name 'router' from 'auth_routes' (D:\Palak\Idea-to-deploy\data\artifacts\ac2e93f6-b5d0-47b6-840b-6e0571518ac2\code\apps\api\auth_routes.py)

--- STARTING SERVER ON PORT 8040 ---
Traceback (most recent call last):
  File "<frozen runpy>", line 189, in _run_module_as_main
  File "<frozen runpy>", line 148, in _get_module_details
  File "<frozen runpy>", line 112, in _get_module_details
  File "C:\Users\DESILO\AppData\Local\Programs\Python\Python311\Lib\site-packages\uvicorn\__init__.py", line 1, in <module>
    from uvicorn.config import Config
  File "C:\Users\DESILO\AppData\Local\Programs\Python\Python311\Lib\site-packages\uvicorn\config.py", line 17, in <module>
    import click
  File "C:\Users\DESILO\AppData\Local\Programs\Python\Python311\Lib\site-packages\click\__init__.py", line 10, in <module>
    from .core import Argument as Argument
  File "C:\Users\DESILO\AppData\Local\Programs\Python\Python311\Lib\site-packages\click\core.py", line 1
    Limit Exists
          ^^^^^^
SyntaxError: invalid syntax

--- STARTING SERVER ON PORT 8031 ---
Traceback (most recent call last):
  File "<frozen runpy>", line 189, in _run_module_as_main
  File "<frozen runpy>", line 148, in _get_module_details
  File "<frozen runpy>", line 112, in _get_module_details
  File "C:\Users\DESILO\AppData\Local\Programs\Python\Python311\Lib\site-packages\uvicorn\__init__.py", line 1, in <module>
    from uvicorn.config import Config
  File "C:\Users\DESILO\AppData\Local\Programs\Python\Python311\Lib\site-packages\uvicorn\config.py", line 17, in <module>
    import click
  File "C:\Users\DESILO\AppData\Local\Programs\Python\Python311\Lib\site-packages\click\__init__.py", line 10, in <module>
    from .core import Argument as Argument
  File "C:\Users\DESILO\AppData\Local\Programs\Python\Python311\Lib\site-packages\click\core.py", line 1
    Limit Exists
          ^^^^^^
SyntaxError: invalid syntax

--- STARTING SERVER ON PORT 8015 ---
Traceback (most recent call last):
  File "<frozen runpy>", line 198, in _run_module_as_main
  File "<frozen runpy>", line 88, in _run_code
  File "C:\Users\DESILO\AppData\Local\Programs\Python\Python311\Lib\site-packages\uvicorn\__main__.py", line 4, in <module>
    uvicorn.main()
  File "C:\Users\DESILO\AppData\Local\Programs\Python\Python311\Lib\site-packages\click\core.py", line 1485, in __call__
    return self.main(*args, **kwargs)
           ^^^^^^^^^^^^^^^^^^^^^^^^^^
  File "C:\Users\DESILO\AppData\Local\Programs\Python\Python311\Lib\site-packages\click\core.py", line 1406, in main
    rv = self.invoke(ctx)
         ^^^^^^^^^^^^^^^^
  File "C:\Users\DESILO\AppData\Local\Programs\Python\Python311\Lib\site-packages\click\core.py", line 1269, in invoke
    return ctx.invoke(self.callback, **ctx.params)
           ^^^^^^^^^^^^^^^^^^^^^^^^^^^^^^^^^^^^^^^
  File "C:\Users\DESILO\AppData\Local\Programs\Python\Python311\Lib\site-packages\click\core.py", line 824, in invoke
    return callback(*args, **kwargs)
           ^^^^^^^^^^^^^^^^^^^^^^^^^
  File "C:\Users\DESILO\AppData\Local\Programs\Python\Python311\Lib\site-packages\uvicorn\main.py", line 424, in main
    run(
  File "C:\Users\DESILO\AppData\Local\Programs\Python\Python311\Lib\site-packages\uvicorn\main.py", line 594, in run
    server.run()
  File "C:\Users\DESILO\AppData\Local\Programs\Python\Python311\Lib\site-packages\uvicorn\server.py", line 67, in run
    return asyncio_run(self.serve(sockets=sockets), loop_factory=self.config.get_loop_factory())
           ^^^^^^^^^^^^^^^^^^^^^^^^^^^^^^^^^^^^^^^^^^^^^^^^^^^^^^^^^^^^^^^^^^^^^^^^^^^^^^^^^^^^^
  File "C:\Users\DESILO\AppData\Local\Programs\Python\Python311\Lib\site-packages\uvicorn\_compat.py", line 30, in asyncio_run
    return runner.run(main)
           ^^^^^^^^^^^^^^^^
  File "C:\Users\DESILO\AppData\Local\Programs\Python\Python311\Lib\asyncio\runners.py", line 118, in run
    return self._loop.run_until_complete(task)
           ^^^^^^^^^^^^^^^^^^^^^^^^^^^^^^^^^^^
  File "C:\Users\DESILO\AppData\Local\Programs\Python\Python311\Lib\asyncio\base_events.py", line 650, in run_until_complete
    return future.result()
           ^^^^^^^^^^^^^^^
  File "C:\Users\DESILO\AppData\Local\Programs\Python\Python311\Lib\site-packages\uvicorn\server.py", line 71, in serve
    await self._serve(sockets)
  File "C:\Users\DESILO\AppData\Local\Programs\Python\Python311\Lib\site-packages\uvicorn\server.py", line 78, in _serve
    config.load()
  File "C:\Users\DESILO\AppData\Local\Programs\Python\Python311\Lib\site-packages\uvicorn\config.py", line 439, in load
    self.loaded_app = import_from_string(self.app)
                      ^^^^^^^^^^^^^^^^^^^^^^^^^^^^
  File "C:\Users\DESILO\AppData\Local\Programs\Python\Python311\Lib\site-packages\uvicorn\importer.py", line 19, in import_from_string
    module = importlib.import_module(module_str)
             ^^^^^^^^^^^^^^^^^^^^^^^^^^^^^^^^^^^
  File "C:\Users\DESILO\AppData\Local\Programs\Python\Python311\Lib\importlib\__init__.py", line 126, in import_module
    return _bootstrap._gcd_import(name[level:], package, level)
           ^^^^^^^^^^^^^^^^^^^^^^^^^^^^^^^^^^^^^^^^^^^^^^^^^^^^
  File "<frozen importlib._bootstrap>", line 1206, in _gcd_import
  File "<frozen importlib._bootstrap>", line 1178, in _find_and_load
  File "<frozen importlib._bootstrap>", line 1149, in _find_and_load_unlocked
  File "<frozen importlib._bootstrap>", line 690, in _load_unlocked
  File "<frozen importlib._bootstrap_external>", line 940, in exec_module
  File "<frozen importlib._bootstrap>", line 241, in _call_with_frames_removed
  File "D:\Palak\Idea-to-deploy\data\artifacts\ac2e93f6-b5d0-47b6-840b-6e0571518ac2\code\apps\api\main.py", line 4, in <module>
    from auth_routes import router as auth_router
ImportError: cannot import name 'router' from 'auth_routes' (D:\Palak\Idea-to-deploy\data\artifacts\ac2e93f6-b5d0-47b6-840b-6e0571518ac2\code\apps\api\auth_routes.py)

--- STARTING SERVER ON PORT 8072 ---
Traceback (most recent call last):
  File "<frozen runpy>", line 198, in _run_module_as_main
  File "<frozen runpy>", line 88, in _run_code
  File "C:\Users\DESILO\AppData\Local\Programs\Python\Python311\Lib\site-packages\uvicorn\__main__.py", line 4, in <module>
    uvicorn.main()
  File "C:\Users\DESILO\AppData\Local\Programs\Python\Python311\Lib\site-packages\click\core.py", line 1485, in __call__
    return self.main(*args, **kwargs)
           ^^^^^^^^^^^^^^^^^^^^^^^^^^
  File "C:\Users\DESILO\AppData\Local\Programs\Python\Python311\Lib\site-packages\click\core.py", line 1406, in main
    rv = self.invoke(ctx)
         ^^^^^^^^^^^^^^^^
  File "C:\Users\DESILO\AppData\Local\Programs\Python\Python311\Lib\site-packages\click\core.py", line 1269, in invoke
    return ctx.invoke(self.callback, **ctx.params)
           ^^^^^^^^^^^^^^^^^^^^^^^^^^^^^^^^^^^^^^^
  File "C:\Users\DESILO\AppData\Local\Programs\Python\Python311\Lib\site-packages\click\core.py", line 824, in invoke
    return callback(*args, **kwargs)
           ^^^^^^^^^^^^^^^^^^^^^^^^^
  File "C:\Users\DESILO\AppData\Local\Programs\Python\Python311\Lib\site-packages\uvicorn\main.py", line 424, in main
    run(
  File "C:\Users\DESILO\AppData\Local\Programs\Python\Python311\Lib\site-packages\uvicorn\main.py", line 594, in run
    server.run()
  File "C:\Users\DESILO\AppData\Local\Programs\Python\Python311\Lib\site-packages\uvicorn\server.py", line 67, in run
    return asyncio_run(self.serve(sockets=sockets), loop_factory=self.config.get_loop_factory())
           ^^^^^^^^^^^^^^^^^^^^^^^^^^^^^^^^^^^^^^^^^^^^^^^^^^^^^^^^^^^^^^^^^^^^^^^^^^^^^^^^^^^^^
  File "C:\Users\DESILO\AppData\Local\Programs\Python\Python311\Lib\site-packages\uvicorn\_compat.py", line 30, in asyncio_run
    return runner.run(main)
           ^^^^^^^^^^^^^^^^
  File "C:\Users\DESILO\AppData\Local\Programs\Python\Python311\Lib\asyncio\runners.py", line 118, in run
    return self._loop.run_until_complete(task)
           ^^^^^^^^^^^^^^^^^^^^^^^^^^^^^^^^^^^
  File "C:\Users\DESILO\AppData\Local\Programs\Python\Python311\Lib\asyncio\base_events.py", line 650, in run_until_complete
    return future.result()
           ^^^^^^^^^^^^^^^
  File "C:\Users\DESILO\AppData\Local\Programs\Python\Python311\Lib\site-packages\uvicorn\server.py", line 71, in serve
    await self._serve(sockets)
  File "C:\Users\DESILO\AppData\Local\Programs\Python\Python311\Lib\site-packages\uvicorn\server.py", line 78, in _serve
    config.load()
  File "C:\Users\DESILO\AppData\Local\Programs\Python\Python311\Lib\site-packages\uvicorn\config.py", line 439, in load
    self.loaded_app = import_from_string(self.app)
                      ^^^^^^^^^^^^^^^^^^^^^^^^^^^^
  File "C:\Users\DESILO\AppData\Local\Programs\Python\Python311\Lib\site-packages\uvicorn\importer.py", line 19, in import_from_string
    module = importlib.import_module(module_str)
             ^^^^^^^^^^^^^^^^^^^^^^^^^^^^^^^^^^^
  File "C:\Users\DESILO\AppData\Local\Programs\Python\Python311\Lib\importlib\__init__.py", line 126, in import_module
    return _bootstrap._gcd_import(name[level:], package, level)
           ^^^^^^^^^^^^^^^^^^^^^^^^^^^^^^^^^^^^^^^^^^^^^^^^^^^^
  File "<frozen importlib._bootstrap>", line 1206, in _gcd_import
  File "<frozen importlib._bootstrap>", line 1178, in _find_and_load
  File "<frozen importlib._bootstrap>", line 1149, in _find_and_load_unlocked
  File "<frozen importlib._bootstrap>", line 690, in _load_unlocked
  File "<frozen importlib._bootstrap_external>", line 940, in exec_module
  File "<frozen importlib._bootstrap>", line 241, in _call_with_frames_removed
  File "D:\Palak\Idea-to-deploy\data\artifacts\ac2e93f6-b5d0-47b6-840b-6e0571518ac2\code\apps\api\main.py", line 5, in <module>
    from routers.main import router as main_router
  File "D:\Palak\Idea-to-deploy\data\artifacts\ac2e93f6-b5d0-47b6-840b-6e0571518ac2\code\apps\api\routers\main.py", line 1
    Limit Exists
          ^^^^^^
SyntaxError: invalid syntax

--- STARTING SERVER ON PORT 8060 ---
Traceback (most recent call last):
  File "<frozen runpy>", line 198, in _run_module_as_main
  File "<frozen runpy>", line 88, in _run_code
  File "C:\Users\DESILO\AppData\Local\Programs\Python\Python311\Lib\site-packages\uvicorn\__main__.py", line 4, in <module>
    uvicorn.main()
  File "C:\Users\DESILO\AppData\Local\Programs\Python\Python311\Lib\site-packages\click\core.py", line 1485, in __call__
    return self.main(*args, **kwargs)
           ^^^^^^^^^^^^^^^^^^^^^^^^^^
  File "C:\Users\DESILO\AppData\Local\Programs\Python\Python311\Lib\site-packages\click\core.py", line 1406, in main
    rv = self.invoke(ctx)
         ^^^^^^^^^^^^^^^^
  File "C:\Users\DESILO\AppData\Local\Programs\Python\Python311\Lib\site-packages\click\core.py", line 1269, in invoke
    return ctx.invoke(self.callback, **ctx.params)
           ^^^^^^^^^^^^^^^^^^^^^^^^^^^^^^^^^^^^^^^
  File "C:\Users\DESILO\AppData\Local\Programs\Python\Python311\Lib\site-packages\click\core.py", line 824, in invoke
    return callback(*args, **kwargs)
           ^^^^^^^^^^^^^^^^^^^^^^^^^
  File "C:\Users\DESILO\AppData\Local\Programs\Python\Python311\Lib\site-packages\uvicorn\main.py", line 424, in main
    run(
  File "C:\Users\DESILO\AppData\Local\Programs\Python\Python311\Lib\site-packages\uvicorn\main.py", line 594, in run
    server.run()
  File "C:\Users\DESILO\AppData\Local\Programs\Python\Python311\Lib\site-packages\uvicorn\server.py", line 67, in run
    return asyncio_run(self.serve(sockets=sockets), loop_factory=self.config.get_loop_factory())
           ^^^^^^^^^^^^^^^^^^^^^^^^^^^^^^^^^^^^^^^^^^^^^^^^^^^^^^^^^^^^^^^^^^^^^^^^^^^^^^^^^^^^^
  File "C:\Users\DESILO\AppData\Local\Programs\Python\Python311\Lib\site-packages\uvicorn\_compat.py", line 30, in asyncio_run
    return runner.run(main)
           ^^^^^^^^^^^^^^^^
  File "C:\Users\DESILO\AppData\Local\Programs\Python\Python311\Lib\asyncio\runners.py", line 118, in run
    return self._loop.run_until_complete(task)
           ^^^^^^^^^^^^^^^^^^^^^^^^^^^^^^^^^^^
  File "C:\Users\DESILO\AppData\Local\Programs\Python\Python311\Lib\asyncio\base_events.py", line 650, in run_until_complete
    return future.result()
           ^^^^^^^^^^^^^^^
  File "C:\Users\DESILO\AppData\Local\Programs\Python\Python311\Lib\site-packages\uvicorn\server.py", line 71, in serve
    await self._serve(sockets)
  File "C:\Users\DESILO\AppData\Local\Programs\Python\Python311\Lib\site-packages\uvicorn\server.py", line 78, in _serve
    config.load()
  File "C:\Users\DESILO\AppData\Local\Programs\Python\Python311\Lib\site-packages\uvicorn\config.py", line 439, in load
    self.loaded_app = import_from_string(self.app)
                      ^^^^^^^^^^^^^^^^^^^^^^^^^^^^
  File "C:\Users\DESILO\AppData\Local\Programs\Python\Python311\Lib\site-packages\uvicorn\importer.py", line 22, in import_from_string
    raise exc from None
  File "C:\Users\DESILO\AppData\Local\Programs\Python\Python311\Lib\site-packages\uvicorn\importer.py", line 19, in import_from_string
    module = importlib.import_module(module_str)
             ^^^^^^^^^^^^^^^^^^^^^^^^^^^^^^^^^^^
  File "C:\Users\DESILO\AppData\Local\Programs\Python\Python311\Lib\importlib\__init__.py", line 126, in import_module
    return _bootstrap._gcd_import(name[level:], package, level)
           ^^^^^^^^^^^^^^^^^^^^^^^^^^^^^^^^^^^^^^^^^^^^^^^^^^^^
  File "<frozen importlib._bootstrap>", line 1206, in _gcd_import
  File "<frozen importlib._bootstrap>", line 1178, in _find_and_load
  File "<frozen importlib._bootstrap>", line 1149, in _find_and_load_unlocked
  File "<frozen importlib._bootstrap>", line 690, in _load_unlocked
  File "<frozen importlib._bootstrap_external>", line 940, in exec_module
  File "<frozen importlib._bootstrap>", line 241, in _call_with_frames_removed
  File "D:\Palak\Idea-to-deploy\data\artifacts\ac2e93f6-b5d0-47b6-840b-6e0571518ac2\code\apps\api\main.py", line 4, in <module>
    from auth_routes import router as auth_router
  File "D:\Palak\Idea-to-deploy\data\artifacts\ac2e93f6-b5d0-47b6-840b-6e0571518ac2\code\apps\api\auth_routes.py", line 4, in <module>
    from auth import create_access_token, create_refresh_token, get_db
  File "D:\Palak\Idea-to-deploy\data\artifacts\ac2e93f6-b5d0-47b6-840b-6e0571518ac2\code\apps\api\auth.py", line 1, in <module>
    import jwt
ModuleNotFoundError: No module named 'jwt'

--- STARTING SERVER ON PORT 8090 ---
Traceback (most recent call last):
  File "<frozen runpy>", line 198, in _run_module_as_main
  File "<frozen runpy>", line 88, in _run_code
  File "C:\Users\DESILO\AppData\Local\Programs\Python\Python311\Lib\site-packages\uvicorn\__main__.py", line 4, in <module>
    uvicorn.main()
  File "C:\Users\DESILO\AppData\Local\Programs\Python\Python311\Lib\site-packages\click\core.py", line 1485, in __call__
    return self.main(*args, **kwargs)
           ^^^^^^^^^^^^^^^^^^^^^^^^^^
  File "C:\Users\DESILO\AppData\Local\Programs\Python\Python311\Lib\site-packages\click\core.py", line 1406, in main
    rv = self.invoke(ctx)
         ^^^^^^^^^^^^^^^^
  File "C:\Users\DESILO\AppData\Local\Programs\Python\Python311\Lib\site-packages\click\core.py", line 1269, in invoke
    return ctx.invoke(self.callback, **ctx.params)
           ^^^^^^^^^^^^^^^^^^^^^^^^^^^^^^^^^^^^^^^
  File "C:\Users\DESILO\AppData\Local\Programs\Python\Python311\Lib\site-packages\click\core.py", line 824, in invoke
    return callback(*args, **kwargs)
           ^^^^^^^^^^^^^^^^^^^^^^^^^
  File "C:\Users\DESILO\AppData\Local\Programs\Python\Python311\Lib\site-packages\uvicorn\main.py", line 424, in main
    run(
  File "C:\Users\DESILO\AppData\Local\Programs\Python\Python311\Lib\site-packages\uvicorn\main.py", line 594, in run
    server.run()
  File "C:\Users\DESILO\AppData\Local\Programs\Python\Python311\Lib\site-packages\uvicorn\server.py", line 67, in run
    return asyncio_run(self.serve(sockets=sockets), loop_factory=self.config.get_loop_factory())
           ^^^^^^^^^^^^^^^^^^^^^^^^^^^^^^^^^^^^^^^^^^^^^^^^^^^^^^^^^^^^^^^^^^^^^^^^^^^^^^^^^^^^^
  File "C:\Users\DESILO\AppData\Local\Programs\Python\Python311\Lib\site-packages\uvicorn\_compat.py", line 30, in asyncio_run
    return runner.run(main)
           ^^^^^^^^^^^^^^^^
  File "C:\Users\DESILO\AppData\Local\Programs\Python\Python311\Lib\asyncio\runners.py", line 118, in run
    return self._loop.run_until_complete(task)
           ^^^^^^^^^^^^^^^^^^^^^^^^^^^^^^^^^^^
  File "C:\Users\DESILO\AppData\Local\Programs\Python\Python311\Lib\asyncio\base_events.py", line 650, in run_until_complete
    return future.result()
           ^^^^^^^^^^^^^^^
  File "C:\Users\DESILO\AppData\Local\Programs\Python\Python311\Lib\site-packages\uvicorn\server.py", line 71, in serve
    await self._serve(sockets)
  File "C:\Users\DESILO\AppData\Local\Programs\Python\Python311\Lib\site-packages\uvicorn\server.py", line 78, in _serve
    config.load()
  File "C:\Users\DESILO\AppData\Local\Programs\Python\Python311\Lib\site-packages\uvicorn\config.py", line 439, in load
    self.loaded_app = import_from_string(self.app)
                      ^^^^^^^^^^^^^^^^^^^^^^^^^^^^
  File "C:\Users\DESILO\AppData\Local\Programs\Python\Python311\Lib\site-packages\uvicorn\importer.py", line 19, in import_from_string
    module = importlib.import_module(module_str)
             ^^^^^^^^^^^^^^^^^^^^^^^^^^^^^^^^^^^
  File "C:\Users\DESILO\AppData\Local\Programs\Python\Python311\Lib\importlib\__init__.py", line 126, in import_module
    return _bootstrap._gcd_import(name[level:], package, level)
           ^^^^^^^^^^^^^^^^^^^^^^^^^^^^^^^^^^^^^^^^^^^^^^^^^^^^
  File "<frozen importlib._bootstrap>", line 1206, in _gcd_import
  File "<frozen importlib._bootstrap>", line 1178, in _find_and_load
  File "<frozen importlib._bootstrap>", line 1149, in _find_and_load_unlocked
  File "<frozen importlib._bootstrap>", line 690, in _load_unlocked
  File "<frozen importlib._bootstrap_external>", line 940, in exec_module
  File "<frozen importlib._bootstrap>", line 241, in _call_with_frames_removed
  File "D:\Palak\Idea-to-deploy\data\artifacts\ac2e93f6-b5d0-47b6-840b-6e0571518ac2\code\apps\api\main.py", line 4, in <module>
    from auth_routes import router as auth_router
  File "D:\Palak\Idea-to-deploy\data\artifacts\ac2e93f6-b5d0-47b6-840b-6e0571518ac2\code\apps\api\auth_routes.py", line 4, in <module>
    from auth import create_access_token, create_refresh_token, get_db
  File "D:\Palak\Idea-to-deploy\data\artifacts\ac2e93f6-b5d0-47b6-840b-6e0571518ac2\code\apps\api\auth.py", line 9, in <module>
    pwd_context = CryptContext(schemes=["bcrypt"], default_scheme="bcrypt")
                  ^^^^^^^^^^^^^^^^^^^^^^^^^^^^^^^^^^^^^^^^^^^^^^^^^^^^^^^^^
  File "C:\Users\DESILO\AppData\Local\Programs\Python\Python311\Lib\site-packages\passlib\context.py", line 1402, in __init__
    self.load(kwds)
  File "C:\Users\DESILO\AppData\Local\Programs\Python\Python311\Lib\site-packages\passlib\context.py", line 1597, in load
    config = _CryptConfig(source)
             ^^^^^^^^^^^^^^^^^^^^
  File "C:\Users\DESILO\AppData\Local\Programs\Python\Python311\Lib\site-packages\passlib\context.py", line 636, in __init__
    self._init_options(source)
  File "C:\Users\DESILO\AppData\Local\Programs\Python\Python311\Lib\site-packages\passlib\context.py", line 734, in _init_options
    key, value = norm_context_option(cat, key, value)
                 ^^^^^^^^^^^^^^^^^^^^^^^^^^^^^^^^^^^^
  File "C:\Users\DESILO\AppData\Local\Programs\Python\Python311\Lib\site-packages\passlib\context.py", line 800, in _norm_context_option
    raise KeyError("unknown CryptContext keyword: %r" % (key,))
KeyError: "unknown CryptContext keyword: 'default_scheme'"

--- STARTING SERVER ON PORT 8041 ---
Traceback (most recent call last):
  File "<frozen runpy>", line 198, in _run_module_as_main
  File "<frozen runpy>", line 88, in _run_code
  File "C:\Users\DESILO\AppData\Local\Programs\Python\Python311\Lib\site-packages\uvicorn\__main__.py", line 4, in <module>
    uvicorn.main()
  File "C:\Users\DESILO\AppData\Local\Programs\Python\Python311\Lib\site-packages\click\core.py", line 1485, in __call__
    return self.main(*args, **kwargs)
           ^^^^^^^^^^^^^^^^^^^^^^^^^^
  File "C:\Users\DESILO\AppData\Local\Programs\Python\Python311\Lib\site-packages\click\core.py", line 1406, in main
    rv = self.invoke(ctx)
         ^^^^^^^^^^^^^^^^
  File "C:\Users\DESILO\AppData\Local\Programs\Python\Python311\Lib\site-packages\click\core.py", line 1269, in invoke
    return ctx.invoke(self.callback, **ctx.params)
           ^^^^^^^^^^^^^^^^^^^^^^^^^^^^^^^^^^^^^^^
  File "C:\Users\DESILO\AppData\Local\Programs\Python\Python311\Lib\site-packages\click\core.py", line 824, in invoke
    return callback(*args, **kwargs)
           ^^^^^^^^^^^^^^^^^^^^^^^^^
  File "C:\Users\DESILO\AppData\Local\Programs\Python\Python311\Lib\site-packages\uvicorn\main.py", line 424, in main
    run(
  File "C:\Users\DESILO\AppData\Local\Programs\Python\Python311\Lib\site-packages\uvicorn\main.py", line 594, in run
    server.run()
  File "C:\Users\DESILO\AppData\Local\Programs\Python\Python311\Lib\site-packages\uvicorn\server.py", line 67, in run
    return asyncio_run(self.serve(sockets=sockets), loop_factory=self.config.get_loop_factory())
           ^^^^^^^^^^^^^^^^^^^^^^^^^^^^^^^^^^^^^^^^^^^^^^^^^^^^^^^^^^^^^^^^^^^^^^^^^^^^^^^^^^^^^
  File "C:\Users\DESILO\AppData\Local\Programs\Python\Python311\Lib\site-packages\uvicorn\_compat.py", line 30, in asyncio_run
    return runner.run(main)
           ^^^^^^^^^^^^^^^^
  File "C:\Users\DESILO\AppData\Local\Programs\Python\Python311\Lib\asyncio\runners.py", line 118, in run
    return self._loop.run_until_complete(task)
           ^^^^^^^^^^^^^^^^^^^^^^^^^^^^^^^^^^^
  File "C:\Users\DESILO\AppData\Local\Programs\Python\Python311\Lib\asyncio\base_events.py", line 650, in run_until_complete
    return future.result()
           ^^^^^^^^^^^^^^^
  File "C:\Users\DESILO\AppData\Local\Programs\Python\Python311\Lib\site-packages\uvicorn\server.py", line 71, in serve
    await self._serve(sockets)
  File "C:\Users\DESILO\AppData\Local\Programs\Python\Python311\Lib\site-packages\uvicorn\server.py", line 78, in _serve
    config.load()
  File "C:\Users\DESILO\AppData\Local\Programs\Python\Python311\Lib\site-packages\uvicorn\config.py", line 439, in load
    self.loaded_app = import_from_string(self.app)
                      ^^^^^^^^^^^^^^^^^^^^^^^^^^^^
  File "C:\Users\DESILO\AppData\Local\Programs\Python\Python311\Lib\site-packages\uvicorn\importer.py", line 19, in import_from_string
    module = importlib.import_module(module_str)
             ^^^^^^^^^^^^^^^^^^^^^^^^^^^^^^^^^^^
  File "C:\Users\DESILO\AppData\Local\Programs\Python\Python311\Lib\importlib\__init__.py", line 126, in import_module
    return _bootstrap._gcd_import(name[level:], package, level)
           ^^^^^^^^^^^^^^^^^^^^^^^^^^^^^^^^^^^^^^^^^^^^^^^^^^^^
  File "<frozen importlib._bootstrap>", line 1206, in _gcd_import
  File "<frozen importlib._bootstrap>", line 1178, in _find_and_load
  File "<frozen importlib._bootstrap>", line 1149, in _find_and_load_unlocked
  File "<frozen importlib._bootstrap>", line 690, in _load_unlocked
  File "<frozen importlib._bootstrap_external>", line 940, in exec_module
  File "<frozen importlib._bootstrap>", line 241, in _call_with_frames_removed
  File "D:\Palak\Idea-to-deploy\data\artifacts\ac2e93f6-b5d0-47b6-840b-6e0571518ac2\code\apps\api\main.py", line 4, in <module>
    from auth_routes import router as auth_router
  File "D:\Palak\Idea-to-deploy\data\artifacts\ac2e93f6-b5d0-47b6-840b-6e0571518ac2\code\apps\api\auth_routes.py", line 4, in <module>
    from auth import create_access_token, create_refresh_token, get_db
  File "D:\Palak\Idea-to-deploy\data\artifacts\ac2e93f6-b5d0-47b6-840b-6e0571518ac2\code\apps\api\auth.py", line 9, in <module>
    pwd_context = CryptContext(schemes=["bcrypt"], default_scheme="bcrypt")
                  ^^^^^^^^^^^^^^^^^^^^^^^^^^^^^^^^^^^^^^^^^^^^^^^^^^^^^^^^^
  File "C:\Users\DESILO\AppData\Local\Programs\Python\Python311\Lib\site-packages\passlib\context.py", line 1402, in __init__
    self.load(kwds)
  File "C:\Users\DESILO\AppData\Local\Programs\Python\Python311\Lib\site-packages\passlib\context.py", line 1597, in load
    config = _CryptConfig(source)
             ^^^^^^^^^^^^^^^^^^^^
  File "C:\Users\DESILO\AppData\Local\Programs\Python\Python311\Lib\site-packages\passlib\context.py", line 636, in __init__
    self._init_options(source)
  File "C:\Users\DESILO\AppData\Local\Programs\Python\Python311\Lib\site-packages\passlib\context.py", line 734, in _init_options
    key, value = norm_context_option(cat, key, value)
                 ^^^^^^^^^^^^^^^^^^^^^^^^^^^^^^^^^^^^
  File "C:\Users\DESILO\AppData\Local\Programs\Python\Python311\Lib\site-packages\passlib\context.py", line 800, in _norm_context_option
    raise KeyError("unknown CryptContext keyword: %r" % (key,))
KeyError: "unknown CryptContext keyword: 'default_scheme'"

--- STARTING SERVER ON PORT 8016 ---
Traceback (most recent call last):
  File "<frozen runpy>", line 198, in _run_module_as_main
  File "<frozen runpy>", line 88, in _run_code
  File "C:\Users\DESILO\AppData\Local\Programs\Python\Python311\Lib\site-packages\uvicorn\__main__.py", line 4, in <module>
    uvicorn.main()
  File "C:\Users\DESILO\AppData\Local\Programs\Python\Python311\Lib\site-packages\click\core.py", line 1485, in __call__
    return self.main(*args, **kwargs)
           ^^^^^^^^^^^^^^^^^^^^^^^^^^
  File "C:\Users\DESILO\AppData\Local\Programs\Python\Python311\Lib\site-packages\click\core.py", line 1406, in main
    rv = self.invoke(ctx)
         ^^^^^^^^^^^^^^^^
  File "C:\Users\DESILO\AppData\Local\Programs\Python\Python311\Lib\site-packages\click\core.py", line 1269, in invoke
    return ctx.invoke(self.callback, **ctx.params)
           ^^^^^^^^^^^^^^^^^^^^^^^^^^^^^^^^^^^^^^^
  File "C:\Users\DESILO\AppData\Local\Programs\Python\Python311\Lib\site-packages\click\core.py", line 824, in invoke
    return callback(*args, **kwargs)
           ^^^^^^^^^^^^^^^^^^^^^^^^^
  File "C:\Users\DESILO\AppData\Local\Programs\Python\Python311\Lib\site-packages\uvicorn\main.py", line 424, in main
    run(
  File "C:\Users\DESILO\AppData\Local\Programs\Python\Python311\Lib\site-packages\uvicorn\main.py", line 594, in run
    server.run()
  File "C:\Users\DESILO\AppData\Local\Programs\Python\Python311\Lib\site-packages\uvicorn\server.py", line 67, in run
    return asyncio_run(self.serve(sockets=sockets), loop_factory=self.config.get_loop_factory())
           ^^^^^^^^^^^^^^^^^^^^^^^^^^^^^^^^^^^^^^^^^^^^^^^^^^^^^^^^^^^^^^^^^^^^^^^^^^^^^^^^^^^^^
  File "C:\Users\DESILO\AppData\Local\Programs\Python\Python311\Lib\site-packages\uvicorn\_compat.py", line 30, in asyncio_run
    return runner.run(main)
           ^^^^^^^^^^^^^^^^
  File "C:\Users\DESILO\AppData\Local\Programs\Python\Python311\Lib\asyncio\runners.py", line 118, in run
    return self._loop.run_until_complete(task)
           ^^^^^^^^^^^^^^^^^^^^^^^^^^^^^^^^^^^
  File "C:\Users\DESILO\AppData\Local\Programs\Python\Python311\Lib\asyncio\base_events.py", line 650, in run_until_complete
    return future.result()
           ^^^^^^^^^^^^^^^
  File "C:\Users\DESILO\AppData\Local\Programs\Python\Python311\Lib\site-packages\uvicorn\server.py", line 71, in serve
    await self._serve(sockets)
  File "C:\Users\DESILO\AppData\Local\Programs\Python\Python311\Lib\site-packages\uvicorn\server.py", line 78, in _serve
    config.load()
  File "C:\Users\DESILO\AppData\Local\Programs\Python\Python311\Lib\site-packages\uvicorn\config.py", line 439, in load
    self.loaded_app = import_from_string(self.app)
                      ^^^^^^^^^^^^^^^^^^^^^^^^^^^^
  File "C:\Users\DESILO\AppData\Local\Programs\Python\Python311\Lib\site-packages\uvicorn\importer.py", line 19, in import_from_string
    module = importlib.import_module(module_str)
             ^^^^^^^^^^^^^^^^^^^^^^^^^^^^^^^^^^^
  File "C:\Users\DESILO\AppData\Local\Programs\Python\Python311\Lib\importlib\__init__.py", line 126, in import_module
    return _bootstrap._gcd_import(name[level:], package, level)
           ^^^^^^^^^^^^^^^^^^^^^^^^^^^^^^^^^^^^^^^^^^^^^^^^^^^^
  File "<frozen importlib._bootstrap>", line 1206, in _gcd_import
  File "<frozen importlib._bootstrap>", line 1178, in _find_and_load
  File "<frozen importlib._bootstrap>", line 1149, in _find_and_load_unlocked
  File "<frozen importlib._bootstrap>", line 690, in _load_unlocked
  File "<frozen importlib._bootstrap_external>", line 940, in exec_module
  File "<frozen importlib._bootstrap>", line 241, in _call_with_frames_removed
  File "D:\Palak\Idea-to-deploy\data\artifacts\ac2e93f6-b5d0-47b6-840b-6e0571518ac2\code\apps\api\main.py", line 4, in <module>
    from auth_routes import router as auth_router
  File "D:\Palak\Idea-to-deploy\data\artifacts\ac2e93f6-b5d0-47b6-840b-6e0571518ac2\code\apps\api\auth_routes.py", line 8, in <module>
    @app.post("/auth/register")
     ^^^^^^^^^^^^^^^^^^^^^^^^^^
  File "C:\Users\DESILO\AppData\Local\Programs\Python\Python311\Lib\site-packages\fastapi\routing.py", line 1063, in decorator
    self.add_api_route(
  File "C:\Users\DESILO\AppData\Local\Programs\Python\Python311\Lib\site-packages\fastapi\routing.py", line 1002, in add_api_route
    route = route_class(
            ^^^^^^^^^^^^
  File "C:\Users\DESILO\AppData\Local\Programs\Python\Python311\Lib\site-packages\fastapi\routing.py", line 621, in __init__
    self.dependant = get_dependant(
                     ^^^^^^^^^^^^^^
  File "C:\Users\DESILO\AppData\Local\Programs\Python\Python311\Lib\site-packages\fastapi\dependencies\utils.py", line 276, in get_dependant
    param_details = analyze_param(
                    ^^^^^^^^^^^^^^
  File "C:\Users\DESILO\AppData\Local\Programs\Python\Python311\Lib\site-packages\fastapi\dependencies\utils.py", line 501, in analyze_param
    field = create_model_field(
            ^^^^^^^^^^^^^^^^^^^
  File "C:\Users\DESILO\AppData\Local\Programs\Python\Python311\Lib\site-packages\fastapi\utils.py", line 95, in create_model_field
    raise fastapi.exceptions.FastAPIError(
fastapi.exceptions.FastAPIError: Invalid args for response field! Hint: check that <class 'fastapi.security.oauth2.OAuth2PasswordRequestForm'> is a valid Pydantic field type. If you are using a return type annotation that is not a valid Pydantic field (e.g. Union[Response, dict, None]) you can disable generating the response model from the type annotation with the path operation decorator parameter response_model=None. Read more: https://fastapi.tiangolo.com/tutorial/response-model/

--- STARTING SERVER ON PORT 8026 ---
Traceback (most recent call last):
  File "<frozen runpy>", line 198, in _run_module_as_main
  File "<frozen runpy>", line 88, in _run_code
  File "C:\Users\DESILO\AppData\Local\Programs\Python\Python311\Lib\site-packages\uvicorn\__main__.py", line 4, in <module>
    uvicorn.main()
  File "C:\Users\DESILO\AppData\Local\Programs\Python\Python311\Lib\site-packages\click\core.py", line 1485, in __call__
    return self.main(*args, **kwargs)
           ^^^^^^^^^^^^^^^^^^^^^^^^^^
  File "C:\Users\DESILO\AppData\Local\Programs\Python\Python311\Lib\site-packages\click\core.py", line 1406, in main
    rv = self.invoke(ctx)
         ^^^^^^^^^^^^^^^^
  File "C:\Users\DESILO\AppData\Local\Programs\Python\Python311\Lib\site-packages\click\core.py", line 1269, in invoke
    return ctx.invoke(self.callback, **ctx.params)
           ^^^^^^^^^^^^^^^^^^^^^^^^^^^^^^^^^^^^^^^
  File "C:\Users\DESILO\AppData\Local\Programs\Python\Python311\Lib\site-packages\click\core.py", line 824, in invoke
    return callback(*args, **kwargs)
           ^^^^^^^^^^^^^^^^^^^^^^^^^
  File "C:\Users\DESILO\AppData\Local\Programs\Python\Python311\Lib\site-packages\uvicorn\main.py", line 424, in main
    run(
  File "C:\Users\DESILO\AppData\Local\Programs\Python\Python311\Lib\site-packages\uvicorn\main.py", line 594, in run
    server.run()
  File "C:\Users\DESILO\AppData\Local\Programs\Python\Python311\Lib\site-packages\uvicorn\server.py", line 67, in run
    return asyncio_run(self.serve(sockets=sockets), loop_factory=self.config.get_loop_factory())
           ^^^^^^^^^^^^^^^^^^^^^^^^^^^^^^^^^^^^^^^^^^^^^^^^^^^^^^^^^^^^^^^^^^^^^^^^^^^^^^^^^^^^^
  File "C:\Users\DESILO\AppData\Local\Programs\Python\Python311\Lib\site-packages\uvicorn\_compat.py", line 30, in asyncio_run
    return runner.run(main)
           ^^^^^^^^^^^^^^^^
  File "C:\Users\DESILO\AppData\Local\Programs\Python\Python311\Lib\asyncio\runners.py", line 118, in run
    return self._loop.run_until_complete(task)
           ^^^^^^^^^^^^^^^^^^^^^^^^^^^^^^^^^^^
  File "C:\Users\DESILO\AppData\Local\Programs\Python\Python311\Lib\asyncio\base_events.py", line 650, in run_until_complete
    return future.result()
           ^^^^^^^^^^^^^^^
  File "C:\Users\DESILO\AppData\Local\Programs\Python\Python311\Lib\site-packages\uvicorn\server.py", line 71, in serve
    await self._serve(sockets)
  File "C:\Users\DESILO\AppData\Local\Programs\Python\Python311\Lib\site-packages\uvicorn\server.py", line 78, in _serve
    config.load()
  File "C:\Users\DESILO\AppData\Local\Programs\Python\Python311\Lib\site-packages\uvicorn\config.py", line 439, in load
    self.loaded_app = import_from_string(self.app)
                      ^^^^^^^^^^^^^^^^^^^^^^^^^^^^
  File "C:\Users\DESILO\AppData\Local\Programs\Python\Python311\Lib\site-packages\uvicorn\importer.py", line 19, in import_from_string
    module = importlib.import_module(module_str)
             ^^^^^^^^^^^^^^^^^^^^^^^^^^^^^^^^^^^
  File "C:\Users\DESILO\AppData\Local\Programs\Python\Python311\Lib\importlib\__init__.py", line 126, in import_module
    return _bootstrap._gcd_import(name[level:], package, level)
           ^^^^^^^^^^^^^^^^^^^^^^^^^^^^^^^^^^^^^^^^^^^^^^^^^^^^
  File "<frozen importlib._bootstrap>", line 1206, in _gcd_import
  File "<frozen importlib._bootstrap>", line 1178, in _find_and_load
  File "<frozen importlib._bootstrap>", line 1149, in _find_and_load_unlocked
  File "<frozen importlib._bootstrap>", line 690, in _load_unlocked
  File "<frozen importlib._bootstrap_external>", line 940, in exec_module
  File "<frozen importlib._bootstrap>", line 241, in _call_with_frames_removed
  File "D:\Palak\Idea-to-deploy\data\artifacts\ac2e93f6-b5d0-47b6-840b-6e0571518ac2\code\apps\api\main.py", line 5, in <module>
    from routers.main import router as main_router
  File "D:\Palak\Idea-to-deploy\data\artifacts\ac2e93f6-b5d0-47b6-840b-6e0571518ac2\code\apps\api\routers\main.py", line 1
    Here is the complete FastAPI router module for your entity with CRUD operations:
                ^^^^^^^^
SyntaxError: invalid syntax

--- STARTING SERVER ON PORT 8027 ---
INFO:     Started server process [16816]
INFO:     Waiting for application startup.
INFO:     Application startup complete.
INFO:     Uvicorn running on http://0.0.0.0:8027 (Press CTRL+C to quit)

--- STARTING SERVER ON PORT 8093 ---
Traceback (most recent call last):
  File "<frozen runpy>", line 198, in _run_module_as_main
  File "<frozen runpy>", line 88, in _run_code
  File "C:\Users\DESILO\AppData\Local\Programs\Python\Python311\Lib\site-packages\uvicorn\__main__.py", line 4, in <module>
    uvicorn.main()
  File "C:\Users\DESILO\AppData\Local\Programs\Python\Python311\Lib\site-packages\click\core.py", line 1485, in __call__
    return self.main(*args, **kwargs)
           ^^^^^^^^^^^^^^^^^^^^^^^^^^
  File "C:\Users\DESILO\AppData\Local\Programs\Python\Python311\Lib\site-packages\click\core.py", line 1406, in main
    rv = self.invoke(ctx)
         ^^^^^^^^^^^^^^^^
  File "C:\Users\DESILO\AppData\Local\Programs\Python\Python311\Lib\site-packages\click\core.py", line 1269, in invoke
    return ctx.invoke(self.callback, **ctx.params)
           ^^^^^^^^^^^^^^^^^^^^^^^^^^^^^^^^^^^^^^^
  File "C:\Users\DESILO\AppData\Local\Programs\Python\Python311\Lib\site-packages\click\core.py", line 824, in invoke
    return callback(*args, **kwargs)
           ^^^^^^^^^^^^^^^^^^^^^^^^^
  File "C:\Users\DESILO\AppData\Local\Programs\Python\Python311\Lib\site-packages\uvicorn\main.py", line 424, in main
    run(
  File "C:\Users\DESILO\AppData\Local\Programs\Python\Python311\Lib\site-packages\uvicorn\main.py", line 594, in run
    server.run()
  File "C:\Users\DESILO\AppData\Local\Programs\Python\Python311\Lib\site-packages\uvicorn\server.py", line 67, in run
    return asyncio_run(self.serve(sockets=sockets), loop_factory=self.config.get_loop_factory())
           ^^^^^^^^^^^^^^^^^^^^^^^^^^^^^^^^^^^^^^^^^^^^^^^^^^^^^^^^^^^^^^^^^^^^^^^^^^^^^^^^^^^^^
  File "C:\Users\DESILO\AppData\Local\Programs\Python\Python311\Lib\site-packages\uvicorn\_compat.py", line 30, in asyncio_run
    return runner.run(main)
           ^^^^^^^^^^^^^^^^
  File "C:\Users\DESILO\AppData\Local\Programs\Python\Python311\Lib\asyncio\runners.py", line 118, in run
    return self._loop.run_until_complete(task)
           ^^^^^^^^^^^^^^^^^^^^^^^^^^^^^^^^^^^
  File "C:\Users\DESILO\AppData\Local\Programs\Python\Python311\Lib\asyncio\base_events.py", line 650, in run_until_complete
    return future.result()
           ^^^^^^^^^^^^^^^
  File "C:\Users\DESILO\AppData\Local\Programs\Python\Python311\Lib\site-packages\uvicorn\server.py", line 71, in serve
    await self._serve(sockets)
  File "C:\Users\DESILO\AppData\Local\Programs\Python\Python311\Lib\site-packages\uvicorn\server.py", line 78, in _serve
    config.load()
  File "C:\Users\DESILO\AppData\Local\Programs\Python\Python311\Lib\site-packages\uvicorn\config.py", line 439, in load
    self.loaded_app = import_from_string(self.app)
                      ^^^^^^^^^^^^^^^^^^^^^^^^^^^^
  File "C:\Users\DESILO\AppData\Local\Programs\Python\Python311\Lib\site-packages\uvicorn\importer.py", line 19, in import_from_string
    module = importlib.import_module(module_str)
             ^^^^^^^^^^^^^^^^^^^^^^^^^^^^^^^^^^^
  File "C:\Users\DESILO\AppData\Local\Programs\Python\Python311\Lib\importlib\__init__.py", line 126, in import_module
    return _bootstrap._gcd_import(name[level:], package, level)
           ^^^^^^^^^^^^^^^^^^^^^^^^^^^^^^^^^^^^^^^^^^^^^^^^^^^^
  File "<frozen importlib._bootstrap>", line 1206, in _gcd_import
  File "<frozen importlib._bootstrap>", line 1178, in _find_and_load
  File "<frozen importlib._bootstrap>", line 1149, in _find_and_load_unlocked
  File "<frozen importlib._bootstrap>", line 690, in _load_unlocked
  File "<frozen importlib._bootstrap_external>", line 940, in exec_module
  File "<frozen importlib._bootstrap>", line 241, in _call_with_frames_removed
  File "D:\Palak\Idea-to-deploy\data\artifacts\ac2e93f6-b5d0-47b6-840b-6e0571518ac2\code\apps\api\main.py", line 5, in <module>
    from routers.main import router as main_router
  File "D:\Palak\Idea-to-deploy\data\artifacts\ac2e93f6-b5d0-47b6-840b-6e0571518ac2\code\apps\api\routers\main.py", line 300
    product_update: ProductUpdate,
    ^^^^^^^^^^^^^^^^^^^^^^^^^^^^^
SyntaxError: non-default argument follows default argument

--- STARTING SERVER ON PORT 8081 ---
Traceback (most recent call last):
  File "<frozen runpy>", line 198, in _run_module_as_main
  File "<frozen runpy>", line 88, in _run_code
  File "C:\Users\DESILO\AppData\Local\Programs\Python\Python311\Lib\site-packages\uvicorn\__main__.py", line 4, in <module>
    uvicorn.main()
  File "C:\Users\DESILO\AppData\Local\Programs\Python\Python311\Lib\site-packages\click\core.py", line 1485, in __call__
    return self.main(*args, **kwargs)
           ^^^^^^^^^^^^^^^^^^^^^^^^^^
  File "C:\Users\DESILO\AppData\Local\Programs\Python\Python311\Lib\site-packages\click\core.py", line 1406, in main
    rv = self.invoke(ctx)
         ^^^^^^^^^^^^^^^^
  File "C:\Users\DESILO\AppData\Local\Programs\Python\Python311\Lib\site-packages\click\core.py", line 1269, in invoke
    return ctx.invoke(self.callback, **ctx.params)
           ^^^^^^^^^^^^^^^^^^^^^^^^^^^^^^^^^^^^^^^
  File "C:\Users\DESILO\AppData\Local\Programs\Python\Python311\Lib\site-packages\click\core.py", line 824, in invoke
    return callback(*args, **kwargs)
           ^^^^^^^^^^^^^^^^^^^^^^^^^
  File "C:\Users\DESILO\AppData\Local\Programs\Python\Python311\Lib\site-packages\uvicorn\main.py", line 424, in main
    run(
  File "C:\Users\DESILO\AppData\Local\Programs\Python\Python311\Lib\site-packages\uvicorn\main.py", line 594, in run
    server.run()
  File "C:\Users\DESILO\AppData\Local\Programs\Python\Python311\Lib\site-packages\uvicorn\server.py", line 67, in run
    return asyncio_run(self.serve(sockets=sockets), loop_factory=self.config.get_loop_factory())
           ^^^^^^^^^^^^^^^^^^^^^^^^^^^^^^^^^^^^^^^^^^^^^^^^^^^^^^^^^^^^^^^^^^^^^^^^^^^^^^^^^^^^^
  File "C:\Users\DESILO\AppData\Local\Programs\Python\Python311\Lib\site-packages\uvicorn\_compat.py", line 30, in asyncio_run
    return runner.run(main)
           ^^^^^^^^^^^^^^^^
  File "C:\Users\DESILO\AppData\Local\Programs\Python\Python311\Lib\asyncio\runners.py", line 118, in run
    return self._loop.run_until_complete(task)
           ^^^^^^^^^^^^^^^^^^^^^^^^^^^^^^^^^^^
  File "C:\Users\DESILO\AppData\Local\Programs\Python\Python311\Lib\asyncio\base_events.py", line 650, in run_until_complete
    return future.result()
           ^^^^^^^^^^^^^^^
  File "C:\Users\DESILO\AppData\Local\Programs\Python\Python311\Lib\site-packages\uvicorn\server.py", line 71, in serve
    await self._serve(sockets)
  File "C:\Users\DESILO\AppData\Local\Programs\Python\Python311\Lib\site-packages\uvicorn\server.py", line 78, in _serve
    config.load()
  File "C:\Users\DESILO\AppData\Local\Programs\Python\Python311\Lib\site-packages\uvicorn\config.py", line 439, in load
    self.loaded_app = import_from_string(self.app)
                      ^^^^^^^^^^^^^^^^^^^^^^^^^^^^
  File "C:\Users\DESILO\AppData\Local\Programs\Python\Python311\Lib\site-packages\uvicorn\importer.py", line 19, in import_from_string
    module = importlib.import_module(module_str)
             ^^^^^^^^^^^^^^^^^^^^^^^^^^^^^^^^^^^
  File "C:\Users\DESILO\AppData\Local\Programs\Python\Python311\Lib\importlib\__init__.py", line 126, in import_module
    return _bootstrap._gcd_import(name[level:], package, level)
           ^^^^^^^^^^^^^^^^^^^^^^^^^^^^^^^^^^^^^^^^^^^^^^^^^^^^
  File "<frozen importlib._bootstrap>", line 1206, in _gcd_import
  File "<frozen importlib._bootstrap>", line 1178, in _find_and_load
  File "<frozen importlib._bootstrap>", line 1149, in _find_and_load_unlocked
  File "<frozen importlib._bootstrap>", line 690, in _load_unlocked
  File "<frozen importlib._bootstrap_external>", line 940, in exec_module
  File "<frozen importlib._bootstrap>", line 241, in _call_with_frames_removed
  File "D:\Palak\Idea-to-deploy\data\artifacts\ac2e93f6-b5d0-47b6-840b-6e0571518ac2\code\apps\api\main.py", line 5, in <module>
    from routers.main import router as main_router
  File "D:\Palak\Idea-to-deploy\data\artifacts\ac2e93f6-b5d0-47b6-840b-6e0571518ac2\code\apps\api\routers\main.py", line 300
    product_update: ProductUpdate,
    ^^^^^^^^^^^^^^^^^^^^^^^^^^^^^
SyntaxError: non-default argument follows default argument

--- STARTING SERVER ON PORT 8006 ---
Traceback (most recent call last):
  File "<frozen runpy>", line 198, in _run_module_as_main
  File "<frozen runpy>", line 88, in _run_code
  File "C:\Users\DESILO\AppData\Local\Programs\Python\Python311\Lib\site-packages\uvicorn\__main__.py", line 4, in <module>
    uvicorn.main()
  File "C:\Users\DESILO\AppData\Local\Programs\Python\Python311\Lib\site-packages\click\core.py", line 1485, in __call__
    return self.main(*args, **kwargs)
           ^^^^^^^^^^^^^^^^^^^^^^^^^^
  File "C:\Users\DESILO\AppData\Local\Programs\Python\Python311\Lib\site-packages\click\core.py", line 1406, in main
    rv = self.invoke(ctx)
         ^^^^^^^^^^^^^^^^
  File "C:\Users\DESILO\AppData\Local\Programs\Python\Python311\Lib\site-packages\click\core.py", line 1269, in invoke
    return ctx.invoke(self.callback, **ctx.params)
           ^^^^^^^^^^^^^^^^^^^^^^^^^^^^^^^^^^^^^^^
  File "C:\Users\DESILO\AppData\Local\Programs\Python\Python311\Lib\site-packages\click\core.py", line 824, in invoke
    return callback(*args, **kwargs)
           ^^^^^^^^^^^^^^^^^^^^^^^^^
  File "C:\Users\DESILO\AppData\Local\Programs\Python\Python311\Lib\site-packages\uvicorn\main.py", line 424, in main
    run(
  File "C:\Users\DESILO\AppData\Local\Programs\Python\Python311\Lib\site-packages\uvicorn\main.py", line 594, in run
    server.run()
  File "C:\Users\DESILO\AppData\Local\Programs\Python\Python311\Lib\site-packages\uvicorn\server.py", line 67, in run
    return asyncio_run(self.serve(sockets=sockets), loop_factory=self.config.get_loop_factory())
           ^^^^^^^^^^^^^^^^^^^^^^^^^^^^^^^^^^^^^^^^^^^^^^^^^^^^^^^^^^^^^^^^^^^^^^^^^^^^^^^^^^^^^
  File "C:\Users\DESILO\AppData\Local\Programs\Python\Python311\Lib\site-packages\uvicorn\_compat.py", line 30, in asyncio_run
    return runner.run(main)
           ^^^^^^^^^^^^^^^^
  File "C:\Users\DESILO\AppData\Local\Programs\Python\Python311\Lib\asyncio\runners.py", line 118, in run
    return self._loop.run_until_complete(task)
           ^^^^^^^^^^^^^^^^^^^^^^^^^^^^^^^^^^^
  File "C:\Users\DESILO\AppData\Local\Programs\Python\Python311\Lib\asyncio\base_events.py", line 650, in run_until_complete
    return future.result()
           ^^^^^^^^^^^^^^^
  File "C:\Users\DESILO\AppData\Local\Programs\Python\Python311\Lib\site-packages\uvicorn\server.py", line 71, in serve
    await self._serve(sockets)
  File "C:\Users\DESILO\AppData\Local\Programs\Python\Python311\Lib\site-packages\uvicorn\server.py", line 78, in _serve
    config.load()
  File "C:\Users\DESILO\AppData\Local\Programs\Python\Python311\Lib\site-packages\uvicorn\config.py", line 439, in load
    self.loaded_app = import_from_string(self.app)
                      ^^^^^^^^^^^^^^^^^^^^^^^^^^^^
  File "C:\Users\DESILO\AppData\Local\Programs\Python\Python311\Lib\site-packages\uvicorn\importer.py", line 19, in import_from_string
    module = importlib.import_module(module_str)
             ^^^^^^^^^^^^^^^^^^^^^^^^^^^^^^^^^^^
  File "C:\Users\DESILO\AppData\Local\Programs\Python\Python311\Lib\importlib\__init__.py", line 126, in import_module
    return _bootstrap._gcd_import(name[level:], package, level)
           ^^^^^^^^^^^^^^^^^^^^^^^^^^^^^^^^^^^^^^^^^^^^^^^^^^^^
  File "<frozen importlib._bootstrap>", line 1206, in _gcd_import
  File "<frozen importlib._bootstrap>", line 1178, in _find_and_load
  File "<frozen importlib._bootstrap>", line 1149, in _find_and_load_unlocked
  File "<frozen importlib._bootstrap>", line 690, in _load_unlocked
  File "<frozen importlib._bootstrap_external>", line 940, in exec_module
  File "<frozen importlib._bootstrap>", line 241, in _call_with_frames_removed
  File "D:\Palak\Idea-to-deploy\data\artifacts\ac2e93f6-b5d0-47b6-840b-6e0571518ac2\code\apps\api\main.py", line 5, in <module>
    from routers.main import router as main_router
  File "D:\Palak\Idea-to-deploy\data\artifacts\ac2e93f6-b5d0-47b6-840b-6e0571518ac2\code\apps\api\routers\main.py", line 300
    product_update: ProductUpdate,
    ^^^^^^^^^^^^^^^^^^^^^^^^^^^^^
SyntaxError: non-default argument follows default argument

--- STARTING SERVER ON PORT 8018 ---
Traceback (most recent call last):
  File "<frozen runpy>", line 198, in _run_module_as_main
  File "<frozen runpy>", line 88, in _run_code
  File "C:\Users\DESILO\AppData\Local\Programs\Python\Python311\Lib\site-packages\uvicorn\__main__.py", line 4, in <module>
    uvicorn.main()
  File "C:\Users\DESILO\AppData\Local\Programs\Python\Python311\Lib\site-packages\click\core.py", line 1485, in __call__
    return self.main(*args, **kwargs)
           ^^^^^^^^^^^^^^^^^^^^^^^^^^
  File "C:\Users\DESILO\AppData\Local\Programs\Python\Python311\Lib\site-packages\click\core.py", line 1406, in main
    rv = self.invoke(ctx)
         ^^^^^^^^^^^^^^^^
  File "C:\Users\DESILO\AppData\Local\Programs\Python\Python311\Lib\site-packages\click\core.py", line 1269, in invoke
    return ctx.invoke(self.callback, **ctx.params)
           ^^^^^^^^^^^^^^^^^^^^^^^^^^^^^^^^^^^^^^^
  File "C:\Users\DESILO\AppData\Local\Programs\Python\Python311\Lib\site-packages\click\core.py", line 824, in invoke
    return callback(*args, **kwargs)
           ^^^^^^^^^^^^^^^^^^^^^^^^^
  File "C:\Users\DESILO\AppData\Local\Programs\Python\Python311\Lib\site-packages\uvicorn\main.py", line 424, in main
    run(
  File "C:\Users\DESILO\AppData\Local\Programs\Python\Python311\Lib\site-packages\uvicorn\main.py", line 594, in run
    server.run()
  File "C:\Users\DESILO\AppData\Local\Programs\Python\Python311\Lib\site-packages\uvicorn\server.py", line 67, in run
    return asyncio_run(self.serve(sockets=sockets), loop_factory=self.config.get_loop_factory())
           ^^^^^^^^^^^^^^^^^^^^^^^^^^^^^^^^^^^^^^^^^^^^^^^^^^^^^^^^^^^^^^^^^^^^^^^^^^^^^^^^^^^^^
  File "C:\Users\DESILO\AppData\Local\Programs\Python\Python311\Lib\site-packages\uvicorn\_compat.py", line 30, in asyncio_run
    return runner.run(main)
           ^^^^^^^^^^^^^^^^
  File "C:\Users\DESILO\AppData\Local\Programs\Python\Python311\Lib\asyncio\runners.py", line 118, in run
    return self._loop.run_until_complete(task)
           ^^^^^^^^^^^^^^^^^^^^^^^^^^^^^^^^^^^
  File "C:\Users\DESILO\AppData\Local\Programs\Python\Python311\Lib\asyncio\base_events.py", line 650, in run_until_complete
    return future.result()
           ^^^^^^^^^^^^^^^
  File "C:\Users\DESILO\AppData\Local\Programs\Python\Python311\Lib\site-packages\uvicorn\server.py", line 71, in serve
    await self._serve(sockets)
  File "C:\Users\DESILO\AppData\Local\Programs\Python\Python311\Lib\site-packages\uvicorn\server.py", line 78, in _serve
    config.load()
  File "C:\Users\DESILO\AppData\Local\Programs\Python\Python311\Lib\site-packages\uvicorn\config.py", line 439, in load
    self.loaded_app = import_from_string(self.app)
                      ^^^^^^^^^^^^^^^^^^^^^^^^^^^^
  File "C:\Users\DESILO\AppData\Local\Programs\Python\Python311\Lib\site-packages\uvicorn\importer.py", line 19, in import_from_string
    module = importlib.import_module(module_str)
             ^^^^^^^^^^^^^^^^^^^^^^^^^^^^^^^^^^^
  File "C:\Users\DESILO\AppData\Local\Programs\Python\Python311\Lib\importlib\__init__.py", line 126, in import_module
    return _bootstrap._gcd_import(name[level:], package, level)
           ^^^^^^^^^^^^^^^^^^^^^^^^^^^^^^^^^^^^^^^^^^^^^^^^^^^^
  File "<frozen importlib._bootstrap>", line 1206, in _gcd_import
  File "<frozen importlib._bootstrap>", line 1178, in _find_and_load
  File "<frozen importlib._bootstrap>", line 1149, in _find_and_load_unlocked
  File "<frozen importlib._bootstrap>", line 690, in _load_unlocked
  File "<frozen importlib._bootstrap_external>", line 940, in exec_module
  File "<frozen importlib._bootstrap>", line 241, in _call_with_frames_removed
  File "D:\Palak\Idea-to-deploy\data\artifacts\ac2e93f6-b5d0-47b6-840b-6e0571518ac2\code\apps\api\main.py", line 5, in <module>
    from routers.main import router as main_router
  File "D:\Palak\Idea-to-deploy\data\artifacts\ac2e93f6-b5d0-47b6-840b-6e0571518ac2\code\apps\api\routers\main.py", line 300
    product_update: ProductUpdate,
    ^^^^^^^^^^^^^^^^^^^^^^^^^^^^^
SyntaxError: non-default argument follows default argument

--- STARTING SERVER ON PORT 8063 ---
Traceback (most recent call last):
  File "<frozen runpy>", line 198, in _run_module_as_main
  File "<frozen runpy>", line 88, in _run_code
  File "C:\Users\DESILO\AppData\Local\Programs\Python\Python311\Lib\site-packages\uvicorn\__main__.py", line 4, in <module>
    uvicorn.main()
  File "C:\Users\DESILO\AppData\Local\Programs\Python\Python311\Lib\site-packages\click\core.py", line 1485, in __call__
    return self.main(*args, **kwargs)
           ^^^^^^^^^^^^^^^^^^^^^^^^^^
  File "C:\Users\DESILO\AppData\Local\Programs\Python\Python311\Lib\site-packages\click\core.py", line 1406, in main
    rv = self.invoke(ctx)
         ^^^^^^^^^^^^^^^^
  File "C:\Users\DESILO\AppData\Local\Programs\Python\Python311\Lib\site-packages\click\core.py", line 1269, in invoke
    return ctx.invoke(self.callback, **ctx.params)
           ^^^^^^^^^^^^^^^^^^^^^^^^^^^^^^^^^^^^^^^
  File "C:\Users\DESILO\AppData\Local\Programs\Python\Python311\Lib\site-packages\click\core.py", line 824, in invoke
    return callback(*args, **kwargs)
           ^^^^^^^^^^^^^^^^^^^^^^^^^
  File "C:\Users\DESILO\AppData\Local\Programs\Python\Python311\Lib\site-packages\uvicorn\main.py", line 424, in main
    run(
  File "C:\Users\DESILO\AppData\Local\Programs\Python\Python311\Lib\site-packages\uvicorn\main.py", line 594, in run
    server.run()
  File "C:\Users\DESILO\AppData\Local\Programs\Python\Python311\Lib\site-packages\uvicorn\server.py", line 67, in run
    return asyncio_run(self.serve(sockets=sockets), loop_factory=self.config.get_loop_factory())
           ^^^^^^^^^^^^^^^^^^^^^^^^^^^^^^^^^^^^^^^^^^^^^^^^^^^^^^^^^^^^^^^^^^^^^^^^^^^^^^^^^^^^^
  File "C:\Users\DESILO\AppData\Local\Programs\Python\Python311\Lib\site-packages\uvicorn\_compat.py", line 30, in asyncio_run
    return runner.run(main)
           ^^^^^^^^^^^^^^^^
  File "C:\Users\DESILO\AppData\Local\Programs\Python\Python311\Lib\asyncio\runners.py", line 118, in run
    return self._loop.run_until_complete(task)
           ^^^^^^^^^^^^^^^^^^^^^^^^^^^^^^^^^^^
  File "C:\Users\DESILO\AppData\Local\Programs\Python\Python311\Lib\asyncio\base_events.py", line 650, in run_until_complete
    return future.result()
           ^^^^^^^^^^^^^^^
  File "C:\Users\DESILO\AppData\Local\Programs\Python\Python311\Lib\site-packages\uvicorn\server.py", line 71, in serve
    await self._serve(sockets)
  File "C:\Users\DESILO\AppData\Local\Programs\Python\Python311\Lib\site-packages\uvicorn\server.py", line 78, in _serve
    config.load()
  File "C:\Users\DESILO\AppData\Local\Programs\Python\Python311\Lib\site-packages\uvicorn\config.py", line 439, in load
    self.loaded_app = import_from_string(self.app)
                      ^^^^^^^^^^^^^^^^^^^^^^^^^^^^
  File "C:\Users\DESILO\AppData\Local\Programs\Python\Python311\Lib\site-packages\uvicorn\importer.py", line 19, in import_from_string
    module = importlib.import_module(module_str)
             ^^^^^^^^^^^^^^^^^^^^^^^^^^^^^^^^^^^
  File "C:\Users\DESILO\AppData\Local\Programs\Python\Python311\Lib\importlib\__init__.py", line 126, in import_module
    return _bootstrap._gcd_import(name[level:], package, level)
           ^^^^^^^^^^^^^^^^^^^^^^^^^^^^^^^^^^^^^^^^^^^^^^^^^^^^
  File "<frozen importlib._bootstrap>", line 1206, in _gcd_import
  File "<frozen importlib._bootstrap>", line 1178, in _find_and_load
  File "<frozen importlib._bootstrap>", line 1149, in _find_and_load_unlocked
  File "<frozen importlib._bootstrap>", line 690, in _load_unlocked
  File "<frozen importlib._bootstrap_external>", line 940, in exec_module
  File "<frozen importlib._bootstrap>", line 241, in _call_with_frames_removed
  File "D:\Palak\Idea-to-deploy\data\artifacts\ac2e93f6-b5d0-47b6-840b-6e0571518ac2\code\apps\api\main.py", line 5, in <module>
    from routers.main import router as main_router
  File "D:\Palak\Idea-to-deploy\data\artifacts\ac2e93f6-b5d0-47b6-840b-6e0571518ac2\code\apps\api\routers\main.py", line 268, in <module>
    @router.get("/", response_model=List[ProductResponse])
     ^^^^^^^^^^^^^^^^^^^^^^^^^^^^^^^^^^^^^^^^^^^^^^^^^^^^^
  File "C:\Users\DESILO\AppData\Local\Programs\Python\Python311\Lib\site-packages\fastapi\routing.py", line 1063, in decorator
    self.add_api_route(
  File "C:\Users\DESILO\AppData\Local\Programs\Python\Python311\Lib\site-packages\fastapi\routing.py", line 1002, in add_api_route
    route = route_class(
            ^^^^^^^^^^^^
  File "C:\Users\DESILO\AppData\Local\Programs\Python\Python311\Lib\site-packages\fastapi\routing.py", line 621, in __init__
    self.dependant = get_dependant(
                     ^^^^^^^^^^^^^^
  File "C:\Users\DESILO\AppData\Local\Programs\Python\Python311\Lib\site-packages\fastapi\dependencies\utils.py", line 322, in get_dependant
    add_param_to_fields(field=param_details.field, dependant=dependant)
  File "C:\Users\DESILO\AppData\Local\Programs\Python\Python311\Lib\site-packages\fastapi\dependencies\utils.py", line 537, in add_param_to_fields
    assert field_info_in == params.ParamTypes.cookie, (
AssertionError: non-body parameters must be in path, query, header or cookie: skip

--- STARTING SERVER ON PORT 8080 ---
INFO:     Started server process [8816]
INFO:     Waiting for application startup.
INFO:     Application startup complete.
INFO:     Uvicorn running on http://0.0.0.0:8080 (Press CTRL+C to quit)

--- STARTING SERVER ON PORT 8003 ---
INFO:     Started server process [20680]
INFO:     Waiting for application startup.
INFO:     Application startup complete.
INFO:     Uvicorn running on http://0.0.0.0:8003 (Press CTRL+C to quit)

--- STARTING SERVER ON PORT 8058 ---
INFO:     Started server process [8620]
INFO:     Waiting for application startup.
INFO:     Application startup complete.
INFO:     Uvicorn running on http://0.0.0.0:8058 (Press CTRL+C to quit)
