Requirement already satisfied: fastapi in c:\users\desilo\appdata\local\programs\python\python311\lib\site-packages (from -r requirements.txt (line 1)) (0.128.0)
Requirement already satisfied: uvicorn in c:\users\desilo\appdata\local\programs\python\python311\lib\site-packages (from -r requirements.txt (line 2)) (0.40.0)
Requirement already satisfied: sqlalchemy in c:\users\desilo\appdata\local\programs\python\python311\lib\site-packages (from -r requirements.txt (line 3)) (2.0.25)
Requirement already satisfied: psycopg2-binary in c:\users\desilo\appdata\local\programs\python\python311\lib\site-packages (from -r requirements.txt (line 4)) (2.9.9)
Requirement already satisfied: pydantic in c:\users\desilo\appdata\local\programs\python\python311\lib\site-packages (from -r requirements.txt (line 5)) (2.12.5)
Requirement already satisfied: python-dotenv in c:\users\desilo\appdata\local\programs\python\python311\lib\site-packages (from -r requirements.txt (line 6)) (1.0.0)
Requirement already satisfied: passlib[bcrypt] in c:\users\desilo\appdata\local\programs\python\python311\lib\site-packages (from -r requirements.txt (line 7)) (1.7.4)
Requirement already satisfied: python-jose[cryptography] in c:\users\desilo\appdata\local\programs\python\python311\lib\site-packages (from -r requirements.txt (line 8)) (3.5.0)
Requirement already satisfied: starlette<0.51.0,>=0.40.0 in c:\users\desilo\appdata\local\programs\python\python311\lib\site-packages (from fastapi->-r requirements.txt (line 1)) (0.50.0)
Requirement already satisfied: typing-extensions>=4.8.0 in c:\users\desilo\appdata\local\programs\python\python311\lib\site-packages (from fastapi->-r requirements.txt (line 1)) (4.15.0)
Requirement already satisfied: annotated-doc>=0.0.2 in c:\users\desilo\appdata\local\programs\python\python311\lib\site-packages (from fastapi->-r requirements.txt (line 1)) (0.0.4)
Requirement already satisfied: anyio<5,>=3.6.2 in c:\users\desilo\appdata\local\programs\python\python311\lib\site-packages (from starlette<0.51.0,>=0.40.0->fastapi->-r requirements.txt (line 1)) (4.12.1)
Requirement already satisfied: idna>=2.8 in c:\users\desilo\appdata\local\programs\python\python311\lib\site-packages (from anyio<5,>=3.6.2->starlette<0.51.0,>=0.40.0->fastapi->-r requirements.txt (line 1)) (3.11)
Requirement already satisfied: click>=7.0 in c:\users\desilo\appdata\local\programs\python\python311\lib\site-packages (from uvicorn->-r requirements.txt (line 2)) (8.3.1)
Requirement already satisfied: h11>=0.8 in c:\users\desilo\appdata\local\programs\python\python311\lib\site-packages (from uvicorn->-r requirements.txt (line 2)) (0.16.0)
Requirement already satisfied: greenlet!=0.4.17 in c:\users\desilo\appdata\local\programs\python\python311\lib\site-packages (from sqlalchemy->-r requirements.txt (line 3)) (3.2.3)
Requirement already satisfied: annotated-types>=0.6.0 in c:\users\desilo\appdata\local\programs\python\python311\lib\site-packages (from pydantic->-r requirements.txt (line 5)) (0.7.0)
Requirement already satisfied: pydantic-core==2.41.5 in c:\users\desilo\appdata\local\programs\python\python311\lib\site-packages (from pydantic->-r requirements.txt (line 5)) (2.41.5)
Requirement already satisfied: typing-inspection>=0.4.2 in c:\users\desilo\appdata\local\programs\python\python311\lib\site-packages (from pydantic->-r requirements.txt (line 5)) (0.4.2)
Requirement already satisfied: bcrypt>=3.1.0 in c:\users\desilo\appdata\local\programs\python\python311\lib\site-packages (from passlib[bcrypt]->-r requirements.txt (line 7)) (5.0.0)
Requirement already satisfied: ecdsa!=0.15 in c:\users\desilo\appdata\local\programs\python\python311\lib\site-packages (from python-jose[cryptography]->-r requirements.txt (line 8)) (0.19.1)
Requirement already satisfied: rsa!=4.1.1,!=4.4,<5.0,>=4.0 in c:\users\desilo\appdata\local\programs\python\python311\lib\site-packages (from python-jose[cryptography]->-r requirements.txt (line 8)) (4.9.1)
Requirement already satisfied: pyasn1>=0.5.0 in c:\users\desilo\appdata\local\programs\python\python311\lib\site-packages (from python-jose[cryptography]->-r requirements.txt (line 8)) (0.6.1)
Requirement already satisfied: cryptography>=3.4.0 in c:\users\desilo\appdata\local\programs\python\python311\lib\site-packages (from python-jose[cryptography]->-r requirements.txt (line 8)) (46.0.3)
Requirement already satisfied: colorama in c:\users\desilo\appdata\local\programs\python\python311\lib\site-packages (from click>=7.0->uvicorn->-r requirements.txt (line 2)) (0.4.6)
Requirement already satisfied: cffi>=2.0.0 in c:\users\desilo\appdata\local\programs\python\python311\lib\site-packages (from cryptography>=3.4.0->python-jose[cryptography]->-r requirements.txt (line 8)) (2.0.0)
Requirement already satisfied: pycparser in c:\users\desilo\appdata\local\programs\python\python311\lib\site-packages (from cffi>=2.0.0->cryptography>=3.4.0->python-jose[cryptography]->-r requirements.txt (line 8)) (2.23)
Requirement already satisfied: six>=1.9.0 in c:\users\desilo\appdata\local\programs\python\python311\lib\site-packages (from ecdsa!=0.15->python-jose[cryptography]->-r requirements.txt (line 8)) (1.17.0)

WARNING: Ignoring invalid distribution ~ (C:\Users\DESILO\AppData\Local\Programs\Python\Python311\Lib\site-packages)
WARNING: Ignoring invalid distribution ~cipy (C:\Users\DESILO\AppData\Local\Programs\Python\Python311\Lib\site-packages)
WARNING: Ignoring invalid distribution ~penai (C:\Users\DESILO\AppData\Local\Programs\Python\Python311\Lib\site-packages)
WARNING: Ignoring invalid distribution ~treamlit (C:\Users\DESILO\AppData\Local\Programs\Python\Python311\Lib\site-packages)
WARNING: Ignoring invalid distribution ~vicorn (C:\Users\DESILO\AppData\Local\Programs\Python\Python311\Lib\site-packages)
WARNING: Ignoring invalid distribution ~~icorn (C:\Users\DESILO\AppData\Local\Programs\Python\Python311\Lib\site-packages)
WARNING: Ignoring invalid distribution ~ (C:\Users\DESILO\AppData\Local\Programs\Python\Python311\Lib\site-packages)
WARNING: Ignoring invalid distribution ~cipy (C:\Users\DESILO\AppData\Local\Programs\Python\Python311\Lib\site-packages)
WARNING: Ignoring invalid distribution ~penai (C:\Users\DESILO\AppData\Local\Programs\Python\Python311\Lib\site-packages)
WARNING: Ignoring invalid distribution ~treamlit (C:\Users\DESILO\AppData\Local\Programs\Python\Python311\Lib\site-packages)
WARNING: Ignoring invalid distribution ~vicorn (C:\Users\DESILO\AppData\Local\Programs\Python\Python311\Lib\site-packages)
WARNING: Ignoring invalid distribution ~~icorn (C:\Users\DESILO\AppData\Local\Programs\Python\Python311\Lib\site-packages)
WARNING: Ignoring invalid distribution ~ (C:\Users\DESILO\AppData\Local\Programs\Python\Python311\Lib\site-packages)
WARNING: Ignoring invalid distribution ~cipy (C:\Users\DESILO\AppData\Local\Programs\Python\Python311\Lib\site-packages)
WARNING: Ignoring invalid distribution ~penai (C:\Users\DESILO\AppData\Local\Programs\Python\Python311\Lib\site-packages)
WARNING: Ignoring invalid distribution ~treamlit (C:\Users\DESILO\AppData\Local\Programs\Python\Python311\Lib\site-packages)
WARNING: Ignoring invalid distribution ~vicorn (C:\Users\DESILO\AppData\Local\Programs\Python\Python311\Lib\site-packages)
WARNING: Ignoring invalid distribution ~~icorn (C:\Users\DESILO\AppData\Local\Programs\Python\Python311\Lib\site-packages)
