
--- STARTING SERVER ON PORT 3067 ---

> web@0.1.0 dev
> next dev -p 3067

  ▲ Next.js 14.2.3
  - Local:        http://localhost:3067

 ✓ Starting...

   We detected TypeScript in your project and created a tsconfig.json file for you.
npm error code ENOWORKSPACES
npm error This command does not support workspaces.
npm error A complete log of this run can be found in: C:\Users\DESILO\AppData\Local\npm-cache\_logs\2026-01-10T08_55_29_413Z-debug-0.log
 ✓ Ready in 3.5s
 ⚠ Your page app/page.tsx did not have a root layout. We created app\layout.tsx for you.
 ○ Compiling / ...
 ✓ Compiled / in 6.9s (530 modules)
Image with src "/images/hero-banner.jpg" has legacy prop "layout". Did you forget to run the codemod?
Read more: https://nextjs.org/docs/messages/next-image-upgrade-to-13
Image with src "/images/hero-banner.jpg" has legacy prop "objectFit". Did you forget to run the codemod?
Read more: https://nextjs.org/docs/messages/next-image-upgrade-to-13
Image with src "/images/category-electronics.jpg" has legacy prop "layout". Did you forget to run the codemod?
Read more: https://nextjs.org/docs/messages/next-image-upgrade-to-13
Image with src "/images/category-electronics.jpg" has legacy prop "objectFit". Did you forget to run the codemod?
Read more: https://nextjs.org/docs/messages/next-image-upgrade-to-13
Image with src "/images/category-apparel.jpg" has legacy prop "layout". Did you forget to run the codemod?
Read more: https://nextjs.org/docs/messages/next-image-upgrade-to-13
Image with src "/images/category-apparel.jpg" has legacy prop "objectFit". Did you forget to run the codemod?
Read more: https://nextjs.org/docs/messages/next-image-upgrade-to-13
Image with src "/images/category-homegoods.jpg" has legacy prop "layout". Did you forget to run the codemod?
Read more: https://nextjs.org/docs/messages/next-image-upgrade-to-13
Image with src "/images/category-homegoods.jpg" has legacy prop "objectFit". Did you forget to run the codemod?
Read more: https://nextjs.org/docs/messages/next-image-upgrade-to-13
Image with src "/images/product-headphones.jpg" has legacy prop "layout". Did you forget to run the codemod?
Read more: https://nextjs.org/docs/messages/next-image-upgrade-to-13
Image with src "/images/product-headphones.jpg" has legacy prop "objectFit". Did you forget to run the codemod?
Read more: https://nextjs.org/docs/messages/next-image-upgrade-to-13
Image with src "/images/product-smartwatch.jpg" has legacy prop "layout". Did you forget to run the codemod?
Read more: https://nextjs.org/docs/messages/next-image-upgrade-to-13
Image with src "/images/product-smartwatch.jpg" has legacy prop "objectFit". Did you forget to run the codemod?
Read more: https://nextjs.org/docs/messages/next-image-upgrade-to-13
Image with src "/images/product-backpack.jpg" has legacy prop "layout". Did you forget to run the codemod?
Read more: https://nextjs.org/docs/messages/next-image-upgrade-to-13
Image with src "/images/product-backpack.jpg" has legacy prop "objectFit". Did you forget to run the codemod?
Read more: https://nextjs.org/docs/messages/next-image-upgrade-to-13
Image with src "/images/product-speaker.jpg" has legacy prop "layout". Did you forget to run the codemod?
Read more: https://nextjs.org/docs/messages/next-image-upgrade-to-13
Image with src "/images/product-speaker.jpg" has legacy prop "objectFit". Did you forget to run the codemod?
Read more: https://nextjs.org/docs/messages/next-image-upgrade-to-13
Image with src "/images/promo-banner.jpg" has legacy prop "layout". Did you forget to run the codemod?
Read more: https://nextjs.org/docs/messages/next-image-upgrade-to-13
Image with src "/images/promo-banner.jpg" has legacy prop "objectFit". Did you forget to run the codemod?
Read more: https://nextjs.org/docs/messages/next-image-upgrade-to-13
 GET / 200 in 7150ms
 ✓ Compiled /_not-found in 250ms (533 modules)
 GET /images/hero-banner.jpg 404 in 411ms
 ⨯ The requested resource isn't a valid image for /images/hero-banner.jpg received text/html; charset=utf-8
 GET /images/category-electronics.jpg 404 in 412ms
 ⨯ The requested resource isn't a valid image for /images/category-electronics.jpg received text/html; charset=utf-8
 GET /images/category-apparel.jpg 404 in 417ms
 ⨯ The requested resource isn't a valid image for /images/category-apparel.jpg received text/html; charset=utf-8
 GET /images/category-homegoods.jpg 404 in 417ms
 ⨯ The requested resource isn't a valid image for /images/category-homegoods.jpg received text/html; charset=utf-8
 GET /images/product-headphones.jpg 404 in 419ms
 ⨯ The requested resource isn't a valid image for /images/product-headphones.jpg received text/html; charset=utf-8
 GET /images/product-smartwatch.jpg 404 in 421ms
 ⨯ The requested resource isn't a valid image for /images/product-smartwatch.jpg received text/html; charset=utf-8
 GET /images/product-backpack.jpg 404 in 50ms
 ⨯ The requested resource isn't a valid image for /images/product-backpack.jpg received text/html; charset=utf-8
 GET /images/product-speaker.jpg 404 in 52ms
 ⨯ The requested resource isn't a valid image for /images/product-speaker.jpg received text/html; charset=utf-8
 GET /images/promo-banner.jpg 404 in 54ms
 ⨯ The requested resource isn't a valid image for /images/promo-banner.jpg received text/html; charset=utf-8
 GET /images/hero-banner.jpg 404 in 58ms
 ⨯ The requested resource isn't a valid image for /images/hero-banner.jpg received text/html; charset=utf-8
 GET /images/category-electronics.jpg 404 in 58ms
 ⨯ The requested resource isn't a valid image for /images/category-electronics.jpg received text/html; charset=utf-8
 GET /images/category-apparel.jpg 404 in 62ms
 ⨯ The requested resource isn't a valid image for /images/category-apparel.jpg received text/html; charset=utf-8
 GET /images/category-homegoods.jpg 404 in 62ms
 ⨯ The requested resource isn't a valid image for /images/category-homegoods.jpg received text/html; charset=utf-8
 GET /images/product-headphones.jpg 404 in 64ms
 ⨯ The requested resource isn't a valid image for /images/product-headphones.jpg received text/html; charset=utf-8
 GET /images/product-smartwatch.jpg 404 in 67ms
 ⨯ The requested resource isn't a valid image for /images/product-smartwatch.jpg received text/html; charset=utf-8
 GET /images/promo-banner.jpg 404 in 28ms
 ⨯ The requested resource isn't a valid image for /images/promo-banner.jpg received text/html; charset=utf-8
 GET /images/product-speaker.jpg 404 in 29ms
 ⨯ The requested resource isn't a valid image for /images/product-speaker.jpg received text/html; charset=utf-8
 GET /images/product-backpack.jpg 404 in 39ms
 ⨯ The requested resource isn't a valid image for /images/product-backpack.jpg received text/html; charset=utf-8
 GET /images/hero-banner.jpg 404 in 40ms
 ⨯ The requested resource isn't a valid image for /images/hero-banner.jpg received text/html; charset=utf-8
 GET /images/category-electronics.jpg 404 in 39ms
 ⨯ The requested resource isn't a valid image for /images/category-electronics.jpg received text/html; charset=utf-8
 GET /images/category-apparel.jpg 404 in 41ms
 ⨯ The requested resource isn't a valid image for /images/category-apparel.jpg received text/html; charset=utf-8
 GET /images/category-homegoods.jpg 404 in 41ms
 ⨯ The requested resource isn't a valid image for /images/category-homegoods.jpg received text/html; charset=utf-8
 GET /images/product-smartwatch.jpg 404 in 41ms
 ⨯ The requested resource isn't a valid image for /images/product-smartwatch.jpg received text/html; charset=utf-8
 GET /images/product-headphones.jpg 404 in 42ms
 ⨯ The requested resource isn't a valid image for /images/product-headphones.jpg received text/html; charset=utf-8
 GET /images/product-backpack.jpg 404 in 15ms
 ⨯ The requested resource isn't a valid image for /images/product-backpack.jpg received text/html; charset=utf-8
 GET /images/product-speaker.jpg 404 in 48ms
 ⨯ The requested resource isn't a valid image for /images/product-speaker.jpg received text/html; charset=utf-8
 GET /images/promo-banner.jpg 404 in 53ms
 ⨯ The requested resource isn't a valid image for /images/promo-banner.jpg received text/html; charset=utf-8
 GET /images/hero-banner.jpg 404 in 96ms
 ⨯ The requested resource isn't a valid image for /images/hero-banner.jpg received text/html; charset=utf-8
 GET /images/category-electronics.jpg 404 in 97ms
 ⨯ The requested resource isn't a valid image for /images/category-electronics.jpg received text/html; charset=utf-8
 GET /images/category-apparel.jpg 404 in 98ms
 ⨯ The requested resource isn't a valid image for /images/category-apparel.jpg received text/html; charset=utf-8
 GET /images/category-homegoods.jpg 404 in 99ms
 ⨯ The requested resource isn't a valid image for /images/category-homegoods.jpg received text/html; charset=utf-8
 GET /images/product-headphones.jpg 404 in 107ms
 ⨯ The requested resource isn't a valid image for /images/product-headphones.jpg received text/html; charset=utf-8
 GET /images/product-smartwatch.jpg 404 in 112ms
 ⨯ The requested resource isn't a valid image for /images/product-smartwatch.jpg received text/html; charset=utf-8
 GET /images/product-backpack.jpg 404 in 53ms
 ⨯ The requested resource isn't a valid image for /images/product-backpack.jpg received text/html; charset=utf-8
 GET /images/product-speaker.jpg 404 in 63ms
 ⨯ The requested resource isn't a valid image for /images/product-speaker.jpg received text/html; charset=utf-8
 GET /images/promo-banner.jpg 404 in 64ms
 ⨯ The requested resource isn't a valid image for /images/promo-banner.jpg received text/html; charset=utf-8
 GET /images/hero-banner.jpg 404 in 35ms
 ⨯ The requested resource isn't a valid image for /images/hero-banner.jpg received text/html; charset=utf-8
 GET /images/category-electronics.jpg 404 in 35ms
 ⨯ The requested resource isn't a valid image for /images/category-electronics.jpg received text/html; charset=utf-8
 GET /images/category-apparel.jpg 404 in 35ms
 ⨯ The requested resource isn't a valid image for /images/category-apparel.jpg received text/html; charset=utf-8
 GET /images/category-homegoods.jpg 404 in 37ms
 ⨯ The requested resource isn't a valid image for /images/category-homegoods.jpg received text/html; charset=utf-8
 GET /images/product-headphones.jpg 404 in 36ms
 ⨯ The requested resource isn't a valid image for /images/product-headphones.jpg received text/html; charset=utf-8
 GET /images/product-smartwatch.jpg 404 in 36ms
 ⨯ The requested resource isn't a valid image for /images/product-smartwatch.jpg received text/html; charset=utf-8
 GET /images/product-backpack.jpg 404 in 31ms
 ⨯ The requested resource isn't a valid image for /images/product-backpack.jpg received text/html; charset=utf-8
 GET /images/product-speaker.jpg 404 in 31ms
 ⨯ The requested resource isn't a valid image for /images/product-speaker.jpg received text/html; charset=utf-8
 GET /images/promo-banner.jpg 404 in 32ms
 ⨯ The requested resource isn't a valid image for /images/promo-banner.jpg received text/html; charset=utf-8

--- STARTING SERVER ON PORT 3067 ---

> web@0.1.0 dev
> next dev -p 3067

  ▲ Next.js 14.2.3
  - Local:        http://localhost:3067

 ✓ Starting...
npm error code ENOWORKSPACES
npm error This command does not support workspaces.
npm error A complete log of this run can be found in: C:\Users\DESILO\AppData\Local\npm-cache\_logs\2026-01-10T08_58_40_527Z-debug-0.log
 ✓ Ready in 2.9s

--- STARTING SERVER ON PORT 3067 ---

> web@0.1.0 dev
> next dev -p 3067

  ▲ Next.js 14.2.3
  - Local:        http://localhost:3067

 ✓ Starting...
npm error code ENOWORKSPACES
npm error This command does not support workspaces.
npm error A complete log of this run can be found in: C:\Users\DESILO\AppData\Local\npm-cache\_logs\2026-01-10T09_09_06_718Z-debug-0.log
 ✓ Ready in 2.9s

--- STARTING SERVER ON PORT 3067 ---

> web@0.1.0 dev
> next dev -p 3067

  ▲ Next.js 14.2.3
  - Local:        http://localhost:3067

 ✓ Starting...
npm error code ENOWORKSPACES
npm error This command does not support workspaces.
npm error A complete log of this run can be found in: C:\Users\DESILO\AppData\Local\npm-cache\_logs\2026-01-10T09_16_50_464Z-debug-0.log
 ✓ Ready in 3.1s
 ○ Compiling / ...
 ✓ Compiled / in 1302ms (530 modules)
Image with src "/images/hero-banner.jpg" has legacy prop "layout". Did you forget to run the codemod?
Read more: https://nextjs.org/docs/messages/next-image-upgrade-to-13
Image with src "/images/hero-banner.jpg" has legacy prop "objectFit". Did you forget to run the codemod?
Read more: https://nextjs.org/docs/messages/next-image-upgrade-to-13
Image with src "/images/category-electronics.jpg" has legacy prop "layout". Did you forget to run the codemod?
Read more: https://nextjs.org/docs/messages/next-image-upgrade-to-13
Image with src "/images/category-electronics.jpg" has legacy prop "objectFit". Did you forget to run the codemod?
Read more: https://nextjs.org/docs/messages/next-image-upgrade-to-13
Image with src "/images/category-apparel.jpg" has legacy prop "layout". Did you forget to run the codemod?
Read more: https://nextjs.org/docs/messages/next-image-upgrade-to-13
Image with src "/images/category-apparel.jpg" has legacy prop "objectFit". Did you forget to run the codemod?
Read more: https://nextjs.org/docs/messages/next-image-upgrade-to-13
Image with src "/images/category-homegoods.jpg" has legacy prop "layout". Did you forget to run the codemod?
Read more: https://nextjs.org/docs/messages/next-image-upgrade-to-13
Image with src "/images/category-homegoods.jpg" has legacy prop "objectFit". Did you forget to run the codemod?
Read more: https://nextjs.org/docs/messages/next-image-upgrade-to-13
Image with src "/images/product-headphones.jpg" has legacy prop "layout". Did you forget to run the codemod?
Read more: https://nextjs.org/docs/messages/next-image-upgrade-to-13
Image with src "/images/product-headphones.jpg" has legacy prop "objectFit". Did you forget to run the codemod?
Read more: https://nextjs.org/docs/messages/next-image-upgrade-to-13
Image with src "/images/product-smartwatch.jpg" has legacy prop "layout". Did you forget to run the codemod?
Read more: https://nextjs.org/docs/messages/next-image-upgrade-to-13
Image with src "/images/product-smartwatch.jpg" has legacy prop "objectFit". Did you forget to run the codemod?
Read more: https://nextjs.org/docs/messages/next-image-upgrade-to-13
Image with src "/images/product-backpack.jpg" has legacy prop "layout". Did you forget to run the codemod?
Read more: https://nextjs.org/docs/messages/next-image-upgrade-to-13
Image with src "/images/product-backpack.jpg" has legacy prop "objectFit". Did you forget to run the codemod?
Read more: https://nextjs.org/docs/messages/next-image-upgrade-to-13
Image with src "/images/product-speaker.jpg" has legacy prop "layout". Did you forget to run the codemod?
Read more: https://nextjs.org/docs/messages/next-image-upgrade-to-13
Image with src "/images/product-speaker.jpg" has legacy prop "objectFit". Did you forget to run the codemod?
Read more: https://nextjs.org/docs/messages/next-image-upgrade-to-13
Image with src "/images/promo-banner.jpg" has legacy prop "layout". Did you forget to run the codemod?
Read more: https://nextjs.org/docs/messages/next-image-upgrade-to-13
Image with src "/images/promo-banner.jpg" has legacy prop "objectFit". Did you forget to run the codemod?
Read more: https://nextjs.org/docs/messages/next-image-upgrade-to-13
 GET / 200 in 1650ms
 ○ Compiling /_not-found ...
 ✓ Compiled /_not-found in 775ms (533 modules)
 GET /images/hero-banner.jpg 404 in 1136ms
 ⨯ The requested resource isn't a valid image for /images/hero-banner.jpg received text/html; charset=utf-8
 GET /images/category-electronics.jpg 404 in 1144ms
 ⨯ The requested resource isn't a valid image for /images/category-electronics.jpg received text/html; charset=utf-8
 GET /images/category-homegoods.jpg 404 in 1147ms
 ⨯ The requested resource isn't a valid image for /images/category-homegoods.jpg received text/html; charset=utf-8
 GET /images/category-apparel.jpg 404 in 1156ms
 ⨯ The requested resource isn't a valid image for /images/category-apparel.jpg received text/html; charset=utf-8
 GET /images/product-headphones.jpg 404 in 1158ms
 ⨯ The requested resource isn't a valid image for /images/product-headphones.jpg received text/html; charset=utf-8
 GET /images/product-smartwatch.jpg 404 in 1160ms
 ⨯ The requested resource isn't a valid image for /images/product-smartwatch.jpg received text/html; charset=utf-8
 GET /images/product-backpack.jpg 404 in 75ms
 ⨯ The requested resource isn't a valid image for /images/product-backpack.jpg received text/html; charset=utf-8
 GET /images/product-speaker.jpg 404 in 98ms
 ⨯ The requested resource isn't a valid image for /images/product-speaker.jpg received text/html; charset=utf-8
 GET /images/promo-banner.jpg 404 in 104ms
 ⨯ The requested resource isn't a valid image for /images/promo-banner.jpg received text/html; charset=utf-8

--- STARTING SERVER ON PORT 3067 ---

> web@0.1.0 dev
> next dev -p 3067

  ▲ Next.js 14.2.3
  - Local:        http://localhost:3067

 ✓ Starting...
npm error code ENOWORKSPACES
npm error This command does not support workspaces.
npm error A complete log of this run can be found in: C:\Users\DESILO\AppData\Local\npm-cache\_logs\2026-01-10T09_25_20_883Z-debug-0.log
 ✓ Ready in 3.2s

--- STARTING SERVER ON PORT 3033 ---

> web@0.1.0 dev
> next dev -p 3033

  ▲ Next.js 14.2.3
  - Local:        http://localhost:3033

 ✓ Starting...
npm error code ENOWORKSPACES
npm error This command does not support workspaces.
npm error A complete log of this run can be found in: C:\Users\DESILO\AppData\Local\npm-cache\_logs\2026-01-10T10_12_08_102Z-debug-0.log
 ✓ Ready in 2.5s
 ○ Compiling / ...
 ✓ Compiled / in 3s (560 modules)
Image with src "/images/hero-banner.jpg" has legacy prop "layout". Did you forget to run the codemod?
Read more: https://nextjs.org/docs/messages/next-image-upgrade-to-13
Image with src "/images/hero-banner.jpg" has legacy prop "objectFit". Did you forget to run the codemod?
Read more: https://nextjs.org/docs/messages/next-image-upgrade-to-13
Image with src "/images/category-electronics.jpg" has legacy prop "layout". Did you forget to run the codemod?
Read more: https://nextjs.org/docs/messages/next-image-upgrade-to-13
Image with src "/images/category-electronics.jpg" has legacy prop "objectFit". Did you forget to run the codemod?
Read more: https://nextjs.org/docs/messages/next-image-upgrade-to-13
Image with src "/images/category-apparel.jpg" has legacy prop "layout". Did you forget to run the codemod?
Read more: https://nextjs.org/docs/messages/next-image-upgrade-to-13
Image with src "/images/category-apparel.jpg" has legacy prop "objectFit". Did you forget to run the codemod?
Read more: https://nextjs.org/docs/messages/next-image-upgrade-to-13
Image with src "/images/category-homegoods.jpg" has legacy prop "layout". Did you forget to run the codemod?
Read more: https://nextjs.org/docs/messages/next-image-upgrade-to-13
Image with src "/images/category-homegoods.jpg" has legacy prop "objectFit". Did you forget to run the codemod?
Read more: https://nextjs.org/docs/messages/next-image-upgrade-to-13
Image with src "/images/product-headphones.jpg" has legacy prop "layout". Did you forget to run the codemod?
Read more: https://nextjs.org/docs/messages/next-image-upgrade-to-13
Image with src "/images/product-headphones.jpg" has legacy prop "objectFit". Did you forget to run the codemod?
Read more: https://nextjs.org/docs/messages/next-image-upgrade-to-13
Image with src "/images/product-smartwatch.jpg" has legacy prop "layout". Did you forget to run the codemod?
Read more: https://nextjs.org/docs/messages/next-image-upgrade-to-13
Image with src "/images/product-smartwatch.jpg" has legacy prop "objectFit". Did you forget to run the codemod?
Read more: https://nextjs.org/docs/messages/next-image-upgrade-to-13
Image with src "/images/product-backpack.jpg" has legacy prop "layout". Did you forget to run the codemod?
Read more: https://nextjs.org/docs/messages/next-image-upgrade-to-13
Image with src "/images/product-backpack.jpg" has legacy prop "objectFit". Did you forget to run the codemod?
Read more: https://nextjs.org/docs/messages/next-image-upgrade-to-13
Image with src "/images/product-speaker.jpg" has legacy prop "layout". Did you forget to run the codemod?
Read more: https://nextjs.org/docs/messages/next-image-upgrade-to-13
Image with src "/images/product-speaker.jpg" has legacy prop "objectFit". Did you forget to run the codemod?
Read more: https://nextjs.org/docs/messages/next-image-upgrade-to-13
Image with src "/images/promo-banner.jpg" has legacy prop "layout". Did you forget to run the codemod?
Read more: https://nextjs.org/docs/messages/next-image-upgrade-to-13
Image with src "/images/promo-banner.jpg" has legacy prop "objectFit". Did you forget to run the codemod?
Read more: https://nextjs.org/docs/messages/next-image-upgrade-to-13
 GET / 200 in 3167ms
 ○ Compiling /_not-found ...
 ✓ Compiled /_not-found in 639ms (554 modules)
 GET /images/hero-banner.jpg 404 in 717ms
 ⨯ The requested resource isn't a valid image for /images/hero-banner.jpg received text/html; charset=utf-8
 GET /images/category-electronics.jpg 404 in 716ms
 ⨯ The requested resource isn't a valid image for /images/category-electronics.jpg received text/html; charset=utf-8
 GET /images/category-apparel.jpg 404 in 208ms
 ⨯ The requested resource isn't a valid image for /images/category-apparel.jpg received text/html; charset=utf-8
 GET /images/category-homegoods.jpg 404 in 39ms
 ⨯ The requested resource isn't a valid image for /images/category-homegoods.jpg received text/html; charset=utf-8
 GET /images/product-smartwatch.jpg 404 in 39ms
 ⨯ The requested resource isn't a valid image for /images/product-smartwatch.jpg received text/html; charset=utf-8
 GET /images/product-backpack.jpg 404 in 17ms
 ⨯ The requested resource isn't a valid image for /images/product-backpack.jpg received text/html; charset=utf-8
 GET /images/product-speaker.jpg 404 in 18ms
 ⨯ The requested resource isn't a valid image for /images/product-speaker.jpg received text/html; charset=utf-8
 GET /images/product-headphones.jpg 404 in 13ms
 ⨯ The requested resource isn't a valid image for /images/product-headphones.jpg received text/html; charset=utf-8
 GET /images/promo-banner.jpg 404 in 12ms
 ⨯ The requested resource isn't a valid image for /images/promo-banner.jpg received text/html; charset=utf-8
 ✓ Compiled /product-listing-page in 404ms (552 modules)
 GET /images/product-x.jpg 404 in 65ms
 ⨯ The requested resource isn't a valid image for /images/product-x.jpg received text/html; charset=utf-8
 GET /images/product-y.jpg 404 in 53ms
 ⨯ The requested resource isn't a valid image for /images/product-y.jpg received text/html; charset=utf-8
 GET /images/product-z.jpg 404 in 54ms
 ⨯ The requested resource isn't a valid image for /images/product-z.jpg received text/html; charset=utf-8
 GET /images/product-a.jpg 404 in 54ms
 ⨯ The requested resource isn't a valid image for /images/product-a.jpg received text/html; charset=utf-8
 GET /images/product-b.jpg 404 in 53ms
 ⨯ The requested resource isn't a valid image for /images/product-b.jpg received text/html; charset=utf-8
 GET /images/product-c.jpg 404 in 54ms
 ⨯ The requested resource isn't a valid image for /images/product-c.jpg received text/html; charset=utf-8
 GET /images/product-d.jpg 404 in 25ms
 ⨯ The requested resource isn't a valid image for /images/product-d.jpg received text/html; charset=utf-8
 GET /images/product-e.jpg 404 in 26ms
 ⨯ The requested resource isn't a valid image for /images/product-e.jpg received text/html; charset=utf-8
 GET /homepage 404 in 33ms
Image with src "/images/hero-banner.jpg" has legacy prop "layout". Did you forget to run the codemod?
Read more: https://nextjs.org/docs/messages/next-image-upgrade-to-13
Image with src "/images/hero-banner.jpg" has legacy prop "objectFit". Did you forget to run the codemod?
Read more: https://nextjs.org/docs/messages/next-image-upgrade-to-13
Image with src "/images/category-electronics.jpg" has legacy prop "layout". Did you forget to run the codemod?
Read more: https://nextjs.org/docs/messages/next-image-upgrade-to-13
Image with src "/images/category-electronics.jpg" has legacy prop "objectFit". Did you forget to run the codemod?
Read more: https://nextjs.org/docs/messages/next-image-upgrade-to-13
Image with src "/images/category-apparel.jpg" has legacy prop "layout". Did you forget to run the codemod?
Read more: https://nextjs.org/docs/messages/next-image-upgrade-to-13
Image with src "/images/category-apparel.jpg" has legacy prop "objectFit". Did you forget to run the codemod?
Read more: https://nextjs.org/docs/messages/next-image-upgrade-to-13
Image with src "/images/category-homegoods.jpg" has legacy prop "layout". Did you forget to run the codemod?
Read more: https://nextjs.org/docs/messages/next-image-upgrade-to-13
Image with src "/images/category-homegoods.jpg" has legacy prop "objectFit". Did you forget to run the codemod?
Read more: https://nextjs.org/docs/messages/next-image-upgrade-to-13
Image with src "/images/product-headphones.jpg" has legacy prop "layout". Did you forget to run the codemod?
Read more: https://nextjs.org/docs/messages/next-image-upgrade-to-13
Image with src "/images/product-headphones.jpg" has legacy prop "objectFit". Did you forget to run the codemod?
Read more: https://nextjs.org/docs/messages/next-image-upgrade-to-13
Image with src "/images/product-smartwatch.jpg" has legacy prop "layout". Did you forget to run the codemod?
Read more: https://nextjs.org/docs/messages/next-image-upgrade-to-13
Image with src "/images/product-smartwatch.jpg" has legacy prop "objectFit". Did you forget to run the codemod?
Read more: https://nextjs.org/docs/messages/next-image-upgrade-to-13
Image with src "/images/product-backpack.jpg" has legacy prop "layout". Did you forget to run the codemod?
Read more: https://nextjs.org/docs/messages/next-image-upgrade-to-13
Image with src "/images/product-backpack.jpg" has legacy prop "objectFit". Did you forget to run the codemod?
Read more: https://nextjs.org/docs/messages/next-image-upgrade-to-13
Image with src "/images/product-speaker.jpg" has legacy prop "layout". Did you forget to run the codemod?
Read more: https://nextjs.org/docs/messages/next-image-upgrade-to-13
Image with src "/images/product-speaker.jpg" has legacy prop "objectFit". Did you forget to run the codemod?
Read more: https://nextjs.org/docs/messages/next-image-upgrade-to-13
Image with src "/images/promo-banner.jpg" has legacy prop "layout". Did you forget to run the codemod?
Read more: https://nextjs.org/docs/messages/next-image-upgrade-to-13
Image with src "/images/promo-banner.jpg" has legacy prop "objectFit". Did you forget to run the codemod?
Read more: https://nextjs.org/docs/messages/next-image-upgrade-to-13
 GET / 200 in 89ms
 GET /images/hero-banner.jpg 404 in 27ms
 ⨯ The requested resource isn't a valid image for /images/hero-banner.jpg received text/html; charset=utf-8
 GET /images/category-electronics.jpg 404 in 27ms
 ⨯ The requested resource isn't a valid image for /images/category-electronics.jpg received text/html; charset=utf-8
 GET /images/category-apparel.jpg 404 in 26ms
 ⨯ The requested resource isn't a valid image for /images/category-apparel.jpg received text/html; charset=utf-8
 GET /images/category-homegoods.jpg 404 in 25ms
 ⨯ The requested resource isn't a valid image for /images/category-homegoods.jpg received text/html; charset=utf-8
 GET /images/product-headphones.jpg 404 in 39ms
 ⨯ The requested resource isn't a valid image for /images/product-headphones.jpg received text/html; charset=utf-8
 GET /images/product-smartwatch.jpg 404 in 62ms
 ⨯ The requested resource isn't a valid image for /images/product-smartwatch.jpg received text/html; charset=utf-8
 GET /images/product-backpack.jpg 404 in 62ms
 ⨯ The requested resource isn't a valid image for /images/product-backpack.jpg received text/html; charset=utf-8
 GET /images/product-speaker.jpg 404 in 61ms
 ⨯ The requested resource isn't a valid image for /images/product-speaker.jpg received text/html; charset=utf-8
 GET /images/promo-banner.jpg 404 in 60ms
 ⨯ The requested resource isn't a valid image for /images/promo-banner.jpg received text/html; charset=utf-8
 ✓ Compiled /product-detail-page in 249ms (562 modules)
 GET /images/iphone-black.webp 404 in 60ms
 ⨯ The requested resource isn't a valid image for /images/iphone-black.webp received text/html; charset=utf-8
 GET /images/iphone-black.webp 404 in 35ms
 ⨯ The requested resource isn't a valid image for /images/iphone-black.webp received text/html; charset=utf-8
 GET /images/iphone-titanium.webp 404 in 34ms
 ⨯ The requested resource isn't a valid image for /images/iphone-titanium.webp received text/html; charset=utf-8
 GET /images/iphone-white.webp 404 in 34ms
 ⨯ The requested resource isn't a valid image for /images/iphone-white.webp received text/html; charset=utf-8
 GET /images/iphone-blue.webp 404 in 34ms
 ⨯ The requested resource isn't a valid image for /images/iphone-blue.webp received text/html; charset=utf-8
 GET /images/apple-watch.webp 404 in 43ms
 ⨯ The requested resource isn't a valid image for /images/apple-watch.webp received text/html; charset=utf-8
 GET /images/airpods-pro.webp 404 in 46ms
 ⨯ The requested resource isn't a valid image for /images/airpods-pro.webp received text/html; charset=utf-8
 GET /images/macbook-air.webp 404 in 30ms
 ⨯ The requested resource isn't a valid image for /images/macbook-air.webp received text/html; charset=utf-8
 GET /images/ipad-pro.webp 404 in 32ms
 ⨯ The requested resource isn't a valid image for /images/ipad-pro.webp received text/html; charset=utf-8
 GET /images/iphone-titanium.webp 404 in 65ms
 ⨯ The requested resource isn't a valid image for /images/iphone-titanium.webp received text/html; charset=utf-8
 GET /images/iphone-white.webp 404 in 40ms
 ⨯ The requested resource isn't a valid image for /images/iphone-white.webp received text/html; charset=utf-8
 GET /images/iphone-blue.webp 404 in 52ms
 ⨯ The requested resource isn't a valid image for /images/iphone-blue.webp received text/html; charset=utf-8
 GET /images/iphone-white.webp 404 in 50ms
 ⨯ The requested resource isn't a valid image for /images/iphone-white.webp received text/html; charset=utf-8
 GET /images/product-x.jpg 404 in 72ms
 ⨯ The requested resource isn't a valid image for /images/product-x.jpg received text/html; charset=utf-8
 GET /images/product-a.jpg 404 in 57ms
 ⨯ The requested resource isn't a valid image for /images/product-a.jpg received text/html; charset=utf-8
 GET /images/product-y.jpg 404 in 57ms
 ⨯ The requested resource isn't a valid image for /images/product-y.jpg received text/html; charset=utf-8
 GET /images/product-z.jpg 404 in 62ms
 ⨯ The requested resource isn't a valid image for /images/product-z.jpg received text/html; charset=utf-8
 GET /images/product-b.jpg 404 in 64ms
 ⨯ The requested resource isn't a valid image for /images/product-b.jpg received text/html; charset=utf-8
 GET /images/product-c.jpg 404 in 67ms
 ⨯ The requested resource isn't a valid image for /images/product-c.jpg received text/html; charset=utf-8
 GET /images/product-d.jpg 404 in 18ms
 ⨯ The requested resource isn't a valid image for /images/product-d.jpg received text/html; charset=utf-8
 GET /images/product-e.jpg 404 in 19ms
 ⨯ The requested resource isn't a valid image for /images/product-e.jpg received text/html; charset=utf-8
 GET /images/iphone-black.webp 404 in 29ms
 ⨯ The requested resource isn't a valid image for /images/iphone-black.webp received text/html; charset=utf-8
 GET /images/iphone-black.webp 404 in 60ms
 ⨯ The requested resource isn't a valid image for /images/iphone-black.webp received text/html; charset=utf-8
 GET /images/iphone-titanium.webp 404 in 48ms
 ⨯ The requested resource isn't a valid image for /images/iphone-titanium.webp received text/html; charset=utf-8
 GET /images/iphone-white.webp 404 in 48ms
 ⨯ The requested resource isn't a valid image for /images/iphone-white.webp received text/html; charset=utf-8
 GET /images/iphone-blue.webp 404 in 48ms
 ⨯ The requested resource isn't a valid image for /images/iphone-blue.webp received text/html; charset=utf-8
 GET /images/apple-watch.webp 404 in 50ms
 ⨯ The requested resource isn't a valid image for /images/apple-watch.webp received text/html; charset=utf-8
 GET /images/airpods-pro.webp 404 in 49ms
 ⨯ The requested resource isn't a valid image for /images/airpods-pro.webp received text/html; charset=utf-8
 GET /images/macbook-air.webp 404 in 32ms
 ⨯ The requested resource isn't a valid image for /images/macbook-air.webp received text/html; charset=utf-8
 GET /images/ipad-pro.webp 404 in 46ms
 ⨯ The requested resource isn't a valid image for /images/ipad-pro.webp received text/html; charset=utf-8
 GET /images/product-x.jpg 404 in 35ms
 ⨯ The requested resource isn't a valid image for /images/product-x.jpg received text/html; charset=utf-8
 GET /images/product-y.jpg 404 in 41ms
 ⨯ The requested resource isn't a valid image for /images/product-y.jpg received text/html; charset=utf-8
 GET /images/product-z.jpg 404 in 41ms
 ⨯ The requested resource isn't a valid image for /images/product-z.jpg received text/html; charset=utf-8
 GET /images/product-a.jpg 404 in 41ms
 ⨯ The requested resource isn't a valid image for /images/product-a.jpg received text/html; charset=utf-8
 GET /images/product-b.jpg 404 in 44ms
 ⨯ The requested resource isn't a valid image for /images/product-b.jpg received text/html; charset=utf-8
 GET /images/product-c.jpg 404 in 44ms
 ⨯ The requested resource isn't a valid image for /images/product-c.jpg received text/html; charset=utf-8
 GET /images/product-d.jpg 404 in 25ms
 ⨯ The requested resource isn't a valid image for /images/product-d.jpg received text/html; charset=utf-8
 GET /images/product-e.jpg 404 in 39ms
 ⨯ The requested resource isn't a valid image for /images/product-e.jpg received text/html; charset=utf-8
 ✓ Compiled /shopping-cart-page in 223ms (574 modules)
 GET /placeholder-product.jpg 404 in 76ms
 ⨯ The requested resource isn't a valid image for /placeholder-product.jpg received text/html; charset=utf-8
 GET /images/product-x.jpg 404 in 31ms
 ⨯ The requested resource isn't a valid image for /images/product-x.jpg received text/html; charset=utf-8
 GET /images/product-y.jpg 404 in 40ms
 ⨯ The requested resource isn't a valid image for /images/product-y.jpg received text/html; charset=utf-8
 GET /images/product-z.jpg 404 in 40ms
 ⨯ The requested resource isn't a valid image for /images/product-z.jpg received text/html; charset=utf-8
 GET /images/product-a.jpg 404 in 40ms
 ⨯ The requested resource isn't a valid image for /images/product-a.jpg received text/html; charset=utf-8
 GET /images/product-c.jpg 404 in 41ms
 ⨯ The requested resource isn't a valid image for /images/product-c.jpg received text/html; charset=utf-8
 GET /images/product-b.jpg 404 in 42ms
 ⨯ The requested resource isn't a valid image for /images/product-b.jpg received text/html; charset=utf-8
 GET /images/product-d.jpg 404 in 38ms
 ⨯ The requested resource isn't a valid image for /images/product-d.jpg received text/html; charset=utf-8
 GET /images/product-e.jpg 404 in 69ms
 ⨯ The requested resource isn't a valid image for /images/product-e.jpg received text/html; charset=utf-8
 GET /placeholder-product.jpg 404 in 59ms
 ⨯ The requested resource isn't a valid image for /placeholder-product.jpg received text/html; charset=utf-8
 ○ Compiling /category-page ...
 ✓ Compiled /category-page in 1528ms (1368 modules)
 GET /images/product-x.jpg 404 in 85ms
 ⨯ The requested resource isn't a valid image for /images/product-x.jpg received text/html; charset=utf-8
 GET /images/product-y.jpg 404 in 79ms
 ⨯ The requested resource isn't a valid image for /images/product-y.jpg received text/html; charset=utf-8
 GET /images/product-z.jpg 404 in 79ms
 ⨯ The requested resource isn't a valid image for /images/product-z.jpg received text/html; charset=utf-8
 GET /images/product-a.jpg 404 in 79ms
 ⨯ The requested resource isn't a valid image for /images/product-a.jpg received text/html; charset=utf-8
 GET /images/product-b.jpg 404 in 80ms
 ⨯ The requested resource isn't a valid image for /images/product-b.jpg received text/html; charset=utf-8
 GET /images/product-c.jpg 404 in 82ms
 ⨯ The requested resource isn't a valid image for /images/product-c.jpg received text/html; charset=utf-8
 GET /images/product-d.jpg 404 in 25ms
 ⨯ The requested resource isn't a valid image for /images/product-d.jpg received text/html; charset=utf-8
 GET /images/product-e.jpg 404 in 25ms
 ⨯ The requested resource isn't a valid image for /images/product-e.jpg received text/html; charset=utf-8
 GET /placeholder-product.jpg 404 in 27ms
 ⨯ The requested resource isn't a valid image for /placeholder-product.jpg received text/html; charset=utf-8
 ○ Compiling /checkout-page ...
 ⨯ ./app/checkout-page/page.tsx:6:1
Module not found: Can't resolve 'react-hook-form'
[0m [90m 4 |[39m [36mimport[39m [33mLink[39m [36mfrom[39m [32m'next/link'[39m[33m;[39m[0m
[0m [90m 5 |[39m [36mimport[39m { useRouter } [36mfrom[39m [32m'next/navigation'[39m[33m;[39m[0m
[0m[31m[1m>[22m[39m[90m 6 |[39m [36mimport[39m { useForm } [36mfrom[39m [32m'react-hook-form'[39m[33m;[39m[0m
[0m [90m   |[39m [31m[1m^[22m[39m[0m
[0m [90m 7 |[39m [36mimport[39m { zodResolver } [36mfrom[39m [32m'@hookform/resolvers/zod'[39m[33m;[39m[0m
[0m [90m 8 |[39m [36mimport[39m [33m*[39m [36mas[39m z [36mfrom[39m [32m'zod'[39m[33m;[39m[0m
[0m [90m 9 |[39m[0m

https://nextjs.org/docs/messages/module-not-found
 ⨯ ./app/checkout-page/page.tsx:6:1
Module not found: Can't resolve 'react-hook-form'
[0m [90m 4 |[39m [36mimport[39m [33mLink[39m [36mfrom[39m [32m'next/link'[39m[33m;[39m[0m
[0m [90m 5 |[39m [36mimport[39m { useRouter } [36mfrom[39m [32m'next/navigation'[39m[33m;[39m[0m
[0m[31m[1m>[22m[39m[90m 6 |[39m [36mimport[39m { useForm } [36mfrom[39m [32m'react-hook-form'[39m[33m;[39m[0m
[0m [90m   |[39m [31m[1m^[22m[39m[0m
[0m [90m 7 |[39m [36mimport[39m { zodResolver } [36mfrom[39m [32m'@hookform/resolvers/zod'[39m[33m;[39m[0m
[0m [90m 8 |[39m [36mimport[39m [33m*[39m [36mas[39m z [36mfrom[39m [32m'zod'[39m[33m;[39m[0m
[0m [90m 9 |[39m[0m

https://nextjs.org/docs/messages/module-not-found
 ⨯ ./app/checkout-page/page.tsx:6:1
Module not found: Can't resolve 'react-hook-form'
[0m [90m 4 |[39m [36mimport[39m [33mLink[39m [36mfrom[39m [32m'next/link'[39m[33m;[39m[0m
[0m [90m 5 |[39m [36mimport[39m { useRouter } [36mfrom[39m [32m'next/navigation'[39m[33m;[39m[0m
[0m[31m[1m>[22m[39m[90m 6 |[39m [36mimport[39m { useForm } [36mfrom[39m [32m'react-hook-form'[39m[33m;[39m[0m
[0m [90m   |[39m [31m[1m^[22m[39m[0m
[0m [90m 7 |[39m [36mimport[39m { zodResolver } [36mfrom[39m [32m'@hookform/resolvers/zod'[39m[33m;[39m[0m
[0m [90m 8 |[39m [36mimport[39m [33m*[39m [36mas[39m z [36mfrom[39m [32m'zod'[39m[33m;[39m[0m
[0m [90m 9 |[39m[0m

https://nextjs.org/docs/messages/module-not-found
 GET /checkout-page 500 in 38ms
 GET /shopping-cart-page 500 in 18ms
 GET /category-page 500 in 12ms
 GET /product-listing-page 500 in 12ms
 GET /shopping-cart-page 500 in 9ms
 GET /product-listing-page 500 in 11ms
 GET / 500 in 13ms
 GET / 500 in 18ms
 GET / 500 in 11ms
 ⨯ ./app/checkout-page/page.tsx:6:1
Module not found: Can't resolve 'react-hook-form'
[0m [90m 4 |[39m [36mimport[39m [33mLink[39m [36mfrom[39m [32m'next/link'[39m[33m;[39m[0m
[0m [90m 5 |[39m [36mimport[39m { useRouter } [36mfrom[39m [32m'next/navigation'[39m[33m;[39m[0m
[0m[31m[1m>[22m[39m[90m 6 |[39m [36mimport[39m { useForm } [36mfrom[39m [32m'react-hook-form'[39m[33m;[39m[0m
[0m [90m   |[39m [31m[1m^[22m[39m[0m
[0m [90m 7 |[39m [36mimport[39m { zodResolver } [36mfrom[39m [32m'@hookform/resolvers/zod'[39m[33m;[39m[0m
[0m [90m 8 |[39m [36mimport[39m [33m*[39m [36mas[39m z [36mfrom[39m [32m'zod'[39m[33m;[39m[0m
[0m [90m 9 |[39m[0m

https://nextjs.org/docs/messages/module-not-found
 GET / 500 in 18ms
 GET / 500 in 15ms

--- STARTING SERVER ON PORT 3055 ---

> web@0.1.0 dev
> next dev -p 3055

  ▲ Next.js 14.2.3
  - Local:        http://localhost:3055

 ✓ Starting...
npm error code ENOWORKSPACES
npm error This command does not support workspaces.
npm error A complete log of this run can be found in: C:\Users\DESILO\AppData\Local\npm-cache\_logs\2026-01-10T10_30_51_575Z-debug-0.log
 ✓ Ready in 2.9s
 ○ Compiling / ...
 ✓ Compiled / in 2.1s (537 modules)
Image with src "/images/hero-banner.jpg" has legacy prop "layout". Did you forget to run the codemod?
Read more: https://nextjs.org/docs/messages/next-image-upgrade-to-13
Image with src "/images/hero-banner.jpg" has legacy prop "objectFit". Did you forget to run the codemod?
Read more: https://nextjs.org/docs/messages/next-image-upgrade-to-13
Image with src "/images/category-electronics.jpg" has legacy prop "layout". Did you forget to run the codemod?
Read more: https://nextjs.org/docs/messages/next-image-upgrade-to-13
Image with src "/images/category-electronics.jpg" has legacy prop "objectFit". Did you forget to run the codemod?
Read more: https://nextjs.org/docs/messages/next-image-upgrade-to-13
Image with src "/images/category-apparel.jpg" has legacy prop "layout". Did you forget to run the codemod?
Read more: https://nextjs.org/docs/messages/next-image-upgrade-to-13
Image with src "/images/category-apparel.jpg" has legacy prop "objectFit". Did you forget to run the codemod?
Read more: https://nextjs.org/docs/messages/next-image-upgrade-to-13
Image with src "/images/category-homegoods.jpg" has legacy prop "layout". Did you forget to run the codemod?
Read more: https://nextjs.org/docs/messages/next-image-upgrade-to-13
Image with src "/images/category-homegoods.jpg" has legacy prop "objectFit". Did you forget to run the codemod?
Read more: https://nextjs.org/docs/messages/next-image-upgrade-to-13
Image with src "/images/product-headphones.jpg" has legacy prop "layout". Did you forget to run the codemod?
Read more: https://nextjs.org/docs/messages/next-image-upgrade-to-13
Image with src "/images/product-headphones.jpg" has legacy prop "objectFit". Did you forget to run the codemod?
Read more: https://nextjs.org/docs/messages/next-image-upgrade-to-13
Image with src "/images/product-smartwatch.jpg" has legacy prop "layout". Did you forget to run the codemod?
Read more: https://nextjs.org/docs/messages/next-image-upgrade-to-13
Image with src "/images/product-smartwatch.jpg" has legacy prop "objectFit". Did you forget to run the codemod?
Read more: https://nextjs.org/docs/messages/next-image-upgrade-to-13
Image with src "/images/product-backpack.jpg" has legacy prop "layout". Did you forget to run the codemod?
Read more: https://nextjs.org/docs/messages/next-image-upgrade-to-13
Image with src "/images/product-backpack.jpg" has legacy prop "objectFit". Did you forget to run the codemod?
Read more: https://nextjs.org/docs/messages/next-image-upgrade-to-13
Image with src "/images/product-speaker.jpg" has legacy prop "layout". Did you forget to run the codemod?
Read more: https://nextjs.org/docs/messages/next-image-upgrade-to-13
Image with src "/images/product-speaker.jpg" has legacy prop "objectFit". Did you forget to run the codemod?
Read more: https://nextjs.org/docs/messages/next-image-upgrade-to-13
Image with src "/images/promo-banner.jpg" has legacy prop "layout". Did you forget to run the codemod?
Read more: https://nextjs.org/docs/messages/next-image-upgrade-to-13
Image with src "/images/promo-banner.jpg" has legacy prop "objectFit". Did you forget to run the codemod?
Read more: https://nextjs.org/docs/messages/next-image-upgrade-to-13
 GET / 200 in 2305ms
 ○ Compiling /_not-found ...
 ✓ Compiled /_not-found in 2.3s (540 modules)
 GET /images/hero-banner.jpg 404 in 2428ms
 ⨯ The requested resource isn't a valid image for /images/hero-banner.jpg received text/html; charset=utf-8
 GET /images/category-electronics.jpg 404 in 2431ms
 ⨯ The requested resource isn't a valid image for /images/category-electronics.jpg received text/html; charset=utf-8
 GET /images/category-apparel.jpg 404 in 2431ms
 ⨯ The requested resource isn't a valid image for /images/category-apparel.jpg received text/html; charset=utf-8
 GET /images/category-homegoods.jpg 404 in 2432ms
 ⨯ The requested resource isn't a valid image for /images/category-homegoods.jpg received text/html; charset=utf-8
 GET /images/product-headphones.jpg 404 in 2433ms
 ⨯ The requested resource isn't a valid image for /images/product-headphones.jpg received text/html; charset=utf-8
 GET /images/product-smartwatch.jpg 404 in 2299ms
 ⨯ The requested resource isn't a valid image for /images/product-smartwatch.jpg received text/html; charset=utf-8
 GET /images/product-backpack.jpg 404 in 20ms
 ⨯ The requested resource isn't a valid image for /images/product-backpack.jpg received text/html; charset=utf-8
 GET /images/product-speaker.jpg 404 in 21ms
 ⨯ The requested resource isn't a valid image for /images/product-speaker.jpg received text/html; charset=utf-8
 GET /images/promo-banner.jpg 404 in 22ms
 ⨯ The requested resource isn't a valid image for /images/promo-banner.jpg received text/html; charset=utf-8
 ✓ Compiled /shopping-cart-page in 340ms (552 modules)
 GET /placeholder-product.jpg 404 in 90ms
 ⨯ The requested resource isn't a valid image for /placeholder-product.jpg received text/html; charset=utf-8
 GET /homepage 404 in 54ms
 GET /shopping-cart-page 200 in 50ms
 GET /images/hero-banner.jpg 404 in 93ms
 ⨯ The requested resource isn't a valid image for /images/hero-banner.jpg received text/html; charset=utf-8
 GET /images/category-electronics.jpg 404 in 84ms
 ⨯ The requested resource isn't a valid image for /images/category-electronics.jpg received text/html; charset=utf-8
 GET /images/category-apparel.jpg 404 in 85ms
 ⨯ The requested resource isn't a valid image for /images/category-apparel.jpg received text/html; charset=utf-8
 GET /images/category-homegoods.jpg 404 in 84ms
 ⨯ The requested resource isn't a valid image for /images/category-homegoods.jpg received text/html; charset=utf-8
 GET /images/product-headphones.jpg 404 in 85ms
 ⨯ The requested resource isn't a valid image for /images/product-headphones.jpg received text/html; charset=utf-8
 GET /images/product-smartwatch.jpg 404 in 87ms
 ⨯ The requested resource isn't a valid image for /images/product-smartwatch.jpg received text/html; charset=utf-8
 GET /images/product-backpack.jpg 404 in 18ms
 ⨯ The requested resource isn't a valid image for /images/product-backpack.jpg received text/html; charset=utf-8
 GET /images/product-speaker.jpg 404 in 27ms
 ⨯ The requested resource isn't a valid image for /images/product-speaker.jpg received text/html; charset=utf-8
 GET /images/promo-banner.jpg 404 in 26ms
 ⨯ The requested resource isn't a valid image for /images/promo-banner.jpg received text/html; charset=utf-8
 GET /placeholder-product.jpg 404 in 53ms
 ⨯ The requested resource isn't a valid image for /placeholder-product.jpg received text/html; charset=utf-8
 ✓ Compiled /product-listing-page in 384ms (564 modules)
 GET /images/product-x.jpg 404 in 89ms
 ⨯ The requested resource isn't a valid image for /images/product-x.jpg received text/html; charset=utf-8
 GET /images/product-y.jpg 404 in 77ms
 ⨯ The requested resource isn't a valid image for /images/product-y.jpg received text/html; charset=utf-8
 GET /images/product-z.jpg 404 in 78ms
 ⨯ The requested resource isn't a valid image for /images/product-z.jpg received text/html; charset=utf-8
 GET /images/product-a.jpg 404 in 78ms
 ⨯ The requested resource isn't a valid image for /images/product-a.jpg received text/html; charset=utf-8
 GET /images/product-b.jpg 404 in 79ms
 ⨯ The requested resource isn't a valid image for /images/product-b.jpg received text/html; charset=utf-8
 GET /images/product-c.jpg 404 in 79ms
 ⨯ The requested resource isn't a valid image for /images/product-c.jpg received text/html; charset=utf-8
 GET /images/product-d.jpg 404 in 11ms
 ⨯ The requested resource isn't a valid image for /images/product-d.jpg received text/html; charset=utf-8
 GET /images/product-e.jpg 404 in 10ms
 ⨯ The requested resource isn't a valid image for /images/product-e.jpg received text/html; charset=utf-8
 GET /placeholder-product.jpg 404 in 18ms
 ⨯ The requested resource isn't a valid image for /placeholder-product.jpg received text/html; charset=utf-8
 GET /images/product-x.jpg 404 in 28ms
 ⨯ The requested resource isn't a valid image for /images/product-x.jpg received text/html; charset=utf-8
 GET /images/product-y.jpg 404 in 36ms
 ⨯ The requested resource isn't a valid image for /images/product-y.jpg received text/html; charset=utf-8
 GET /images/product-z.jpg 404 in 36ms
 ⨯ The requested resource isn't a valid image for /images/product-z.jpg received text/html; charset=utf-8
 GET /images/product-a.jpg 404 in 41ms
 ⨯ The requested resource isn't a valid image for /images/product-a.jpg received text/html; charset=utf-8
 GET /images/product-b.jpg 404 in 41ms
 ⨯ The requested resource isn't a valid image for /images/product-b.jpg received text/html; charset=utf-8
 GET /images/product-c.jpg 404 in 41ms
 ⨯ The requested resource isn't a valid image for /images/product-c.jpg received text/html; charset=utf-8
 GET /images/product-d.jpg 404 in 44ms
 ⨯ The requested resource isn't a valid image for /images/product-d.jpg received text/html; charset=utf-8
 GET /images/product-e.jpg 404 in 53ms
 ⨯ The requested resource isn't a valid image for /images/product-e.jpg received text/html; charset=utf-8
