
--- STARTING SERVER ON PORT 3094 ---

> build-a-customer-support-platform-that-allows-user...@0.1.0 dev
> next dev -p 3094

   ▲ Next.js 14.1.0
   - Local:        http://localhost:3094

 ✓ Ready in 2.4s
 ○ Compiling / ...
 ⨯ ./app/page.tsx
Error: 
  [31mx[0m Unexpected token `div`. Expected jsx identifier
    ,-[[36;1;4mD:\Palak\Idea-to-deploy\apps\api\data\artifacts\c4985dec-0a5d-49e5-b6e9-9d0f12f1b8fb\code\frontend\app\page.tsx[0m:5:1]
 [2m 5[0m | 
 [2m 6[0m | export default function LandingPage() {
 [2m 7[0m |   return (
 [2m 8[0m |     <div className="min-h-screen bg-background text-foreground">
    : [31;1m     ^^^[0m
 [2m 9[0m |       <nav className="flex justify-between items-center p-6 max-w-7xl mx-auto border-b border-white/5">
 [2m10[0m |         <h1 className="text-2xl font-black tracking-tighter text-primary">PROJECT...</h1>
 [2m10[0m |         <div className="hidden md:flex space-x-8 text-sm font-medium">
    `----

Caused by:
    Syntax Error

Import trace for requested module:
./app/page.tsx
 ⨯ ./app/page.tsx
Error: 
  [31mx[0m Unexpected token `div`. Expected jsx identifier
    ,-[[36;1;4mD:\Palak\Idea-to-deploy\apps\api\data\artifacts\c4985dec-0a5d-49e5-b6e9-9d0f12f1b8fb\code\frontend\app\page.tsx[0m:5:1]
 [2m 5[0m | 
 [2m 6[0m | export default function LandingPage() {
 [2m 7[0m |   return (
 [2m 8[0m |     <div className="min-h-screen bg-background text-foreground">
    : [31;1m     ^^^[0m
 [2m 9[0m |       <nav className="flex justify-between items-center p-6 max-w-7xl mx-auto border-b border-white/5">
 [2m10[0m |         <h1 className="text-2xl font-black tracking-tighter text-primary">PROJECT...</h1>
 [2m10[0m |         <div className="hidden md:flex space-x-8 text-sm font-medium">
    `----

Caused by:
    Syntax Error

Import trace for requested module:
./app/page.tsx
 ⨯ ./app/page.tsx
Error: 
  [31mx[0m Unexpected token `div`. Expected jsx identifier
    ,-[[36;1;4mD:\Palak\Idea-to-deploy\apps\api\data\artifacts\c4985dec-0a5d-49e5-b6e9-9d0f12f1b8fb\code\frontend\app\page.tsx[0m:5:1]
 [2m 5[0m | 
 [2m 6[0m | export default function LandingPage() {
 [2m 7[0m |   return (
 [2m 8[0m |     <div className="min-h-screen bg-background text-foreground">
    : [31;1m     ^^^[0m
 [2m 9[0m |       <nav className="flex justify-between items-center p-6 max-w-7xl mx-auto border-b border-white/5">
 [2m10[0m |         <h1 className="text-2xl font-black tracking-tighter text-primary">PROJECT...</h1>
 [2m10[0m |         <div className="hidden md:flex space-x-8 text-sm font-medium">
    `----

Caused by:
    Syntax Error

Import trace for requested module:
./app/page.tsx
 ✓ Compiled /_error in 366ms (580 modules)

--- STARTING SERVER ON PORT 3094 ---

> build-a-customer-support-platform-that-allows-user...@0.1.0 dev
> next dev -p 3094

   ▲ Next.js 14.1.0
   - Local:        http://localhost:3094

 ✓ Ready in 2.3s
 ○ Compiling / ...
 ✓ Compiled / in 1054ms (426 modules)
 ⨯ Error: The default export is not a React Component in page: "/"
    at async Promise.all (index 0)
 ⨯ Error: The default export is not a React Component in page: "/"
    at async Promise.all (index 0)
digest: "3506496520"
 ✓ Compiled in 148ms (219 modules)

--- STARTING SERVER ON PORT 3094 ---

> build-a-customer-support-platform-that-allows-user...@0.1.0 dev
> next dev -p 3094

   ▲ Next.js 14.1.0
   - Local:        http://localhost:3094

 ✓ Ready in 2.4s

--- STARTING SERVER ON PORT 3094 ---

> build-a-customer-support-platform-that-allows-user...@0.1.0 dev
> next dev -p 3094

   ▲ Next.js 14.1.0
   - Local:        http://localhost:3094

 ✓ Ready in 2.1s

--- STARTING SERVER ON PORT 3094 ---

> build-a-customer-support-platform-that-allows-user...@0.1.0 dev
> next dev -p 3094

   ▲ Next.js 14.1.0
   - Local:        http://localhost:3094

 ✓ Ready in 2.1s

--- STARTING SERVER ON PORT 3094 ---

> build-a-customer-support-platform-that-allows-user...@0.1.0 dev
> next dev -p 3094

   ▲ Next.js 14.1.0
   - Local:        http://localhost:3094

 ✓ Ready in 2.4s

--- STARTING SERVER ON PORT 3094 ---

> build-a-customer-support-platform-that-allows-user...@0.1.0 dev
> next dev -p 3094

   ▲ Next.js 14.1.0
   - Local:        http://localhost:3094

 ✓ Ready in 2.2s
Error: ENOENT: no such file or directory, scandir 'D:\Palak\Idea-to-deploy\apps\api\data\artifacts\c4985dec-0a5d-49e5-b6e9-9d0f12f1b8fb\code\frontend\app'
    at async Object.readdir (node:internal/fs/promises:Error: ENOENT: no such file or directory, scandir 'D:\Palak\Idea-to-deploy\apps\api\data\artifacts\c4985dec-0a5d-49e5-b6e9-9d0f12f1b8fb\code\frontend\app'
    at async Object.readdir (node:internal/fs/promises:958:18)
    at async D:\Palak\Idea-to-deploy\apps\api\data\artifacts\c4985dec-0a5d-49e5-b6e9-9d0f12f1b8fb\code\frontend\node_modules\next\dist\lib\recursive-readdir.js:39:29
    at async Promise.all (index 0)
    at async recursiveReadDir (D:\Palak\Idea-to-deploy\apps\api\data\artifacts\c4985dec-0a5d-49e5-b6e9-9d0f12f1b8fb\code\frontend\node_modules\next\dist\lib\recursive-readdir.js:32:25)
    at async D:\Palak\Idea-to-deploy\apps\api\data\artifacts\c4985dec-0a5d-49e5-b6e9-9d0f12f1b8fb\code\frontend\node_modules\next\dist\server\future\route-matcher-providers\dev\helpers\file-reader\batched-file-reader.js:71:25
    at async Promise.all (index 0)
    at async BatchedFileReader.load (D:\Palak\Idea-to-deploy\apps\api\data\artifacts\c4985dec-0a5d-49e5-b6e9-9d0f12f1b8fb\code\frontend\node_modules\next\dist\server\future\route-matcher-providers\dev\helpers\file-reader\batched-file-reader.js:67:25)
    at async D:\Palak\Idea-to-deploy\apps\api\data\artifacts\c4985dec-0a5d-49e5-b6e9-9d0f12f1b8fb\code\frontend\node_modules\next\dist\server\future\route-matcher-providers\dev\helpers\file-reader\batched-file-reader.js:41:26 {
  errno: -4058,
  code: 'ENOENT',
  syscall: 'scandir',
  path: 'D:\\Palak\\Idea-to-deploy\\apps\\api\\data\\artifacts\\c4985dec-0a5d-49e5-b6e9-9d0f12f1b8fb\\code\\frontend\\app'
}
Error: ENOENT: no such file or directory, scandir 'D:\Palak\Idea-to-deploy\apps\api\data\artifacts\c4985dec-0a5d-49e5-b6e9-9d0f12f1b8fb\code\frontend\app'
    at async Object.readdir (node:internal/fs/promises:958:18)
    at async D:\Palak\Idea-to-deploy\apps\api\data\artifacts\c4985dec-0a5d-49e5-b6e9-9d0f12f1b8fb\code\frontend\node_modules\next\dist\lib\recursive-readdir.js:39:29
    at async Promise.all (index 0)
    at async recursiveReadDir (D:\Palak\Idea-to-deploy\apps\api\data\artifacts\c4985dec-0a5d-49e5-b6e9-9d0f12f1b8fb\code\frontend\node_modules\next\dist\lib\recursive-readdir.js:32:25)
    at async D:\Palak\Idea-to-deploy\apps\api\data\artifacts\c4985dec-0a5d-49e5-b6e9-9d0f12f1b8fb\code\frontend\node_modules\next\dist\server\future\route-matcher-providers\dev\helpers\file-reader\batched-file-reader.js:71:25
    at async Promise.all (index 0)
    at async BatchedFileReader.load (D:\Palak\Idea-to-deploy\apps\api\data\artifacts\c4985dec-0a5d-49e5-b6e9-9d0f12f1b8fb\code\frontend\node_modules\next\dist\server\future\route-matcher-providers\dev\helpers\file-reader\batched-file-reader.js:67:25)
    at async D:\Palak\Idea-to-deploy\apps\api\data\artifacts\c4985dec-0a5d-49e5-b6e9-9d0f12f1b8fb\code\frontend\node_modules\next\dist\server\future\route-matcher-providers\dev\helpers\file-reader\ba ⨯ unhandledRejection: Error: ENOENT: no such file or directory, scandir 'D:\Palak\Idea-to-deploy\apps\api\data\artifacts\c4985dec-0a5d-49e5-b6e9-9d0f12f1b8fb\code\frontend\app'
    at async Object.readdir (n ⨯ unhandledRejection: Error: ENOENT: no such file or directory, scandir 'D:\Palak\Idea-to-deploy\apps\api\data\artifacts\c4985dec-0a5d-49e5-b6e9-9d0f12f1b8fb\code\frontend\app'
    at async Object.readdir (node:internal/fs/promises:958:18)
    at async D:\Palak\Idea-to-deploy\apps\api\data\artifacts\c4985dec-0a5d-49e5-b6e9-9d0f12f1b8fb\code\frontend\node_modules\next\dist\lib\recursive-readdir.js:39:29
    at async Promise.all (index 0)
    at async recursiveReadDir (D:\Palak\Idea-to-deploy\apps\api\data\artifacts\c4985dec-0a5d-49e5-b6e9-9d0f12f1b8fb\code\frontend\node_modules\next\dist\lib\recursive-readdir.js:32:25)
    at async D:\Palak\Idea-to-deploy\apps\api\data\artifacts\c4985dec-0a5d-49e5-b6e9-9d0f12f1b8fb\code\frontend\node_modules\next\dist\server\future\route-matcher-providers\dev\helpers\file-reader\batched-file-reader.js:71:25
    at async Promise.all (index 0)
    at async BatchedFileReader.load (D:\Palak\Idea-to-deploy\apps\api\data\artifacts\c4985dec-0a5d-49e5-b6e9-9d0f12f1b8fb\code\frontend\node_modules\next\dist\server\future\route-matcher-providers\dev\helpers\file-reader\batched-file-reader.js:67:25)
    at async D:\Palak\Idea-to-deploy\apps\api\data\artifacts\c4985dec-0a5d-49e5-b6e9-9d0f12f1b8fb\code\frontend\node_modules\next\dist\server\future\route-matcher-providers\dev\helpers\file-reader\batched-file-reader.js:41:26 {
  errno: -4058,
  code: 'ENOENT',
  syscall: 'scandir',
  path: 'D:\\Palak\\Idea-to-deploy\\apps\\api\\data\\artifacts\\c4985dec-0a5d-49e5-b6e9-9d0f12f1b8fb\\code\\frontend\\app'
}
 ⨯ unhandledRejection: Error: ENOENT: no such file or directory, scandir 'D:\Palak\Idea-to-deploy\apps\api\data\artifacts\c4985dec-0a5d-49e5-b6e9-9d0f12f1b8fb\code\frontend\app'
    at async Object.readdir (node:internal/fs/promises:958:18)
    at async D:\Palak\Idea-to-deploy\apps\api\data\artifacts\c4985dec-0a5d-49e5-b6e9-9d0f12f1b8fb\code\frontend\node_modules\next\dist\lib\recursive-readdir.js:39:29
    at async Promise.all (index 0)
    at async recursiveReadDir (D:\Palak\Idea-to-deploy\apps\api\data\artifacts\c4985dec-0a5d-49e5-b6e9-9d0f12f1b8fb\code\frontend\node_modules\next\dist\lib\recursive-readdir.js:32:25)
    at async D:\Palak\Idea-to-deploy\apps\api\data\artifacts\c4985dec-0a5d-49e5-b6e9-9d0f12f1b8fb\code\frontend\node_modules\next\dist\server\future\route-matcher-providers\dev\helpers\file-reader\batched-file-reader.js:71:25
    at async Promise.all (index 0)
    at async BatchedFileReader.load (D:\Palak\Idea-to-deploy\apps\api\data\artifacts\c4985dec-0a5d-49e5-b6e9-9d0f12f1b8fb\code\frontend\node_modules\next\dist\server\future\route-matcher-providers\dev\helpers\file-reader\batched-file-reader.js:67:25)
    at async D:\Palak\Idea-to-deploy\apps\api\data\artifacts\c4985dec-0a5d-49e5-b6e9-9d0f12f1b8fb\code\frontend\node_modules\next\dist\server\future\route-matcher-providers\dev\helpers\file-reader\batched-file-reader.js:41:26 {
  errno: -4058,
  code: 'ENOENT',
  syscall: 'scandir',
  path: 'D:\\Palak\\Idea-to-deploy\\apps\\api\\data\\artifacts\\c4985dec-0a5d-49e5-b6e9-9d0f12f1b8fb\\code\\frontend\\app'
}
