
--- STARTING SERVER ON PORT 3022 ---

> create-a-social-media-platform
@0.1.0 dev
> next dev -p 3022

   ▲ Next.js 14.1.0
   - Local:        http://localhost:3022

 ✓ Ready in 2.7s
 ○ Compiling / ...
 ⨯ ./app/layout.tsx
Error: 
  [31mx[0m Unterminated string constant
   ,-[[36;1;4mD:\Palak\Idea-to-deploy\data\artifacts\e6086f13-7e71-40b8-91b0-8cfd792be0dc\code\frontend\app\layout.tsx[0m:2:1]
 [2m2[0m | import './globals.css'
 [2m3[0m | 
 [2m4[0m | export const metadata: Metadata = {
 [2m5[0m |   title: 'CREATE A SOCIAL MEDIA PLATFORM
   : [31;1m         ^^^^^^^^^^^^^^^^^^^^^^^^^^^^^^^[0m
 [2m6[0m | ',
 [2m7[0m |   description: 'Generated by Idea-to-Deploy',
 [2m7[0m | }
   `----

  [31mx[0m Unterminated string constant
   ,-[[36;1;4mD:\Palak\Idea-to-deploy\data\artifacts\e6086f13-7e71-40b8-91b0-8cfd792be0dc\code\frontend\app\layout.tsx[0m:3:1]
 [2m3[0m | 
 [2m4[0m | export const metadata: Metadata = {
 [2m5[0m |   title: 'CREATE A SOCIAL MEDIA PLATFORM
 [2m6[0m | ',
   : [31;1m^^[0m
 [2m7[0m |   description: 'Generated by Idea-to-Deploy',
 [2m8[0m | }
 [2m8[0m | 
   `----

  [31mx[0m Expected ',', got 'string literal (,, ',)'
   ,-[[36;1;4mD:\Palak\Idea-to-deploy\data\artifacts\e6086f13-7e71-40b8-91b0-8cfd792be0dc\code\frontend\app\layout.tsx[0m:3:1]
 [2m3[0m | 
 [2m4[0m | export const metadata: Metadata = {
 [2m5[0m |   title: 'CREATE A SOCIAL MEDIA PLATFORM
 [2m6[0m | ',
   : [31;1m^^[0m
 [2m7[0m |   description: 'Generated by Idea-to-Deploy',
 [2m8[0m | }
 [2m8[0m | 
   `----

Caused by:
    Syntax Error

Import trace for requested module:
./app/layout.tsx
 ⨯ ./app/layout.tsx
Error: 
  [31mx[0m Unterminated string constant
   ,-[[36;1;4mD:\Palak\Idea-to-deploy\data\artifacts\e6086f13-7e71-40b8-91b0-8cfd792be0dc\code\frontend\app\layout.tsx[0m:2:1]
 [2m2[0m | import './globals.css'
 [2m3[0m | 
 [2m4[0m | export const metadata: Metadata = {
 [2m5[0m |   title: 'CREATE A SOCIAL MEDIA PLATFORM
   : [31;1m         ^^^^^^^^^^^^^^^^^^^^^^^^^^^^^^^[0m
 [2m6[0m | ',
 [2m7[0m |   description: 'Generated by Idea-to-Deploy',
 [2m7[0m | }
   `----

  [31mx[0m Unterminated string constant
   ,-[[36;1;4mD:\Palak\Idea-to-deploy\data\artifacts\e6086f13-7e71-40b8-91b0-8cfd792be0dc\code\frontend\app\layout.tsx[0m:3:1]
 [2m3[0m | 
 [2m4[0m | export const metadata: Metadata = {
 [2m5[0m |   title: 'CREATE A SOCIAL MEDIA PLATFORM
 [2m6[0m | ',
   : [31;1m^^[0m
 [2m7[0m |   description: 'Generated by Idea-to-Deploy',
 [2m8[0m | }
 [2m8[0m | 
   `----

  [31mx[0m Expected ',', got 'string literal (,, ',)'
   ,-[[36;1;4mD:\Palak\Idea-to-deploy\data\artifacts\e6086f13-7e71-40b8-91b0-8cfd792be0dc\code\frontend\app\layout.tsx[0m:3:1]
 [2m3[0m | 
 [2m4[0m | export const metadata: Metadata = {
 [2m5[0m |   title: 'CREATE A SOCIAL MEDIA PLATFORM
 [2m6[0m | ',
   : [31;1m^^[0m
 [2m7[0m |   description: 'Generated by Idea-to-Deploy',
 [2m8[0m | }
 [2m8[0m | 
   `----

Caused by:
    Syntax Error

Import trace for requested module:
./app/layout.tsx
 ⨯ ./app/layout.tsx
Error: 
  [31mx[0m Unterminated string constant
   ,-[[36;1;4mD:\Palak\Idea-to-deploy\data\artifacts\e6086f13-7e71-40b8-91b0-8cfd792be0dc\code\frontend\app\layout.tsx[0m:2:1]
 [2m2[0m | import './globals.css'
 [2m3[0m | 
 [2m4[0m | export const metadata: Metadata = {
 [2m5[0m |   title: 'CREATE A SOCIAL MEDIA PLATFORM
   : [31;1m         ^^^^^^^^^^^^^^^^^^^^^^^^^^^^^^^[0m
 [2m6[0m | ',
 [2m7[0m |   description: 'Generated by Idea-to-Deploy',
 [2m7[0m | }
   `----

  [31mx[0m Unterminated string constant
   ,-[[36;1;4mD:\Palak\Idea-to-deploy\data\artifacts\e6086f13-7e71-40b8-91b0-8cfd792be0dc\code\frontend\app\layout.tsx[0m:3:1]
 [2m3[0m | 
 [2m4[0m | export const metadata: Metadata = {
 [2m5[0m |   title: 'CREATE A SOCIAL MEDIA PLATFORM
 [2m6[0m | ',
   : [31;1m^^[0m
 [2m7[0m |   description: 'Generated by Idea-to-Deploy',
 [2m8[0m | }
 [2m8[0m | 
   `----

  [31mx[0m Expected ',', got 'string literal (,, ',)'
   ,-[[36;1;4mD:\Palak\Idea-to-deploy\data\artifacts\e6086f13-7e71-40b8-91b0-8cfd792be0dc\code\frontend\app\layout.tsx[0m:3:1]
 [2m3[0m | 
 [2m4[0m | export const metadata: Metadata = {
 [2m5[0m |   title: 'CREATE A SOCIAL MEDIA PLATFORM
 [2m6[0m | ',
   : [31;1m^^[0m
 [2m7[0m |   description: 'Generated by Idea-to-Deploy',
 [2m8[0m | }
 [2m8[0m | 
   `----

Caused by:
    Syntax Error

Import trace for requested module:
./app/layout.tsx
^C^C