Requirement already satisfied: fastapi==0.109.0 in c:\users\desilo\appdata\local\programs\python\python311\lib\site-packages (from -r requirements.txt (line 1)) (0.109.0)
Requirement already satisfied: uvicorn==0.27.0 in c:\users\desilo\appdata\local\programs\python\python311\lib\site-packages (from -r requirements.txt (line 2)) (0.27.0)
Requirement already satisfied: sqlalchemy==2.0.25 in c:\users\desilo\appdata\local\programs\python\python311\lib\site-packages (from -r requirements.txt (line 3)) (2.0.25)
Requirement already satisfied: pydantic==2.6.0 in c:\users\desilo\appdata\local\programs\python\python311\lib\site-packages (from -r requirements.txt (line 4)) (2.6.0)
Requirement already satisfied: pydantic-settings==2.1.0 in c:\users\desilo\appdata\local\programs\python\python311\lib\site-packages (from -r requirements.txt (line 5)) (2.1.0)
Requirement already satisfied: python-dotenv==1.0.1 in c:\users\desilo\appdata\local\programs\python\python311\lib\site-packages (from -r requirements.txt (line 6)) (1.0.1)
Requirement already satisfied: python-multipart==0.0.6 in c:\users\desilo\appdata\local\programs\python\python311\lib\site-packages (from -r requirements.txt (line 7)) (0.0.6)
Requirement already satisfied: python-jose==3.3.0 in c:\users\desilo\appdata\local\programs\python\python311\lib\site-packages (from python-jose[cryptography]==3.3.0->-r requirements.txt (line 8)) (3.3.0)
Requirement already satisfied: passlib==1.7.4 in c:\users\desilo\appdata\local\programs\python\python311\lib\site-packages (from passlib[bcrypt]==1.7.4->-r requirements.txt (line 9)) (1.7.4)
Requirement already satisfied: psycopg2-binary==2.9.9 in c:\users\desilo\appdata\local\programs\python\python311\lib\site-packages (from -r requirements.txt (line 10)) (2.9.9)
Requirement already satisfied: asyncpg==0.29.0 in c:\users\desilo\appdata\local\programs\python\python311\lib\site-packages (from -r requirements.txt (line 11)) (0.29.0)
Requirement already satisfied: alembic==1.13.1 in c:\users\desilo\appdata\local\programs\python\python311\lib\site-packages (from -r requirements.txt (line 12)) (1.13.1)
Requirement already satisfied: starlette<0.36.0,>=0.35.0 in c:\users\desilo\appdata\local\programs\python\python311\lib\site-packages (from fastapi==0.109.0->-r requirements.txt (line 1)) (0.35.1)
Requirement already satisfied: typing-extensions>=4.8.0 in c:\users\desilo\appdata\local\programs\python\python311\lib\site-packages (from fastapi==0.109.0->-r requirements.txt (line 1)) (4.15.0)
Requirement already satisfied: annotated-types>=0.4.0 in c:\users\desilo\appdata\local\programs\python\python311\lib\site-packages (from pydantic==2.6.0->-r requirements.txt (line 4)) (0.6.0)
Requirement already satisfied: pydantic-core==2.16.1 in c:\users\desilo\appdata\local\programs\python\python311\lib\site-packages (from pydantic==2.6.0->-r requirements.txt (line 4)) (2.16.1)
Requirement already satisfied: click>=7.0 in c:\users\desilo\appdata\roaming\python\python311\site-packages (from uvicorn==0.27.0->-r requirements.txt (line 2)) (8.2.1)
Requirement already satisfied: h11>=0.8 in c:\users\desilo\appdata\local\programs\python\python311\lib\site-packages (from uvicorn==0.27.0->-r requirements.txt (line 2)) (0.16.0)
Requirement already satisfied: greenlet!=0.4.17 in c:\users\desilo\appdata\local\programs\python\python311\lib\site-packages (from sqlalchemy==2.0.25->-r requirements.txt (line 3)) (3.2.3)
Requirement already satisfied: ecdsa!=0.15 in c:\users\desilo\appdata\local\programs\python\python311\lib\site-packages (from python-jose==3.3.0->python-jose[cryptography]==3.3.0->-r requirements.txt (line 8)) (0.19.1)
Requirement already satisfied: rsa in c:\users\desilo\appdata\local\programs\python\python311\lib\site-packages (from python-jose==3.3.0->python-jose[cryptography]==3.3.0->-r requirements.txt (line 8)) (4.9.1)
Requirement already satisfied: pyasn1 in c:\users\desilo\appdata\local\programs\python\python311\lib\site-packages (from python-jose==3.3.0->python-jose[cryptography]==3.3.0->-r requirements.txt (line 8)) (0.6.1)
Requirement already satisfied: async-timeout>=4.0.3 in c:\users\desilo\appdata\local\programs\python\python311\lib\site-packages (from asyncpg==0.29.0->-r requirements.txt (line 11)) (5.0.1)
Requirement already satisfied: Mako in c:\users\desilo\appdata\local\programs\python\python311\lib\site-packages (from alembic==1.13.1->-r requirements.txt (line 12)) (1.3.10)
Requirement already satisfied: bcrypt>=3.1.0 in c:\users\desilo\appdata\local\programs\python\python311\lib\site-packages (from passlib[bcrypt]==1.7.4->-r requirements.txt (line 9)) (5.0.0)
Requirement already satisfied: cryptography>=3.4.0 in c:\users\desilo\appdata\local\programs\python\python311\lib\site-packages (from python-jose[cryptography]==3.3.0->-r requirements.txt (line 8)) (46.0.3)
Requirement already satisfied: anyio<5,>=3.4.0 in c:\users\desilo\appdata\local\programs\python\python311\lib\site-packages (from starlette<0.36.0,>=0.35.0->fastapi==0.109.0->-r requirements.txt (line 1)) (4.12.0)
Requirement already satisfied: idna>=2.8 in c:\users\desilo\appdata\local\programs\python\python311\lib\site-packages (from anyio<5,>=3.4.0->starlette<0.36.0,>=0.35.0->fastapi==0.109.0->-r requirements.txt (line 1)) (3.10)
Requirement already satisfied: colorama in c:\users\desilo\appdata\roaming\python\python311\site-packages (from click>=7.0->uvicorn==0.27.0->-r requirements.txt (line 2)) (0.4.6)
Requirement already satisfied: cffi>=2.0.0 in c:\users\desilo\appdata\local\programs\python\python311\lib\site-packages (from cryptography>=3.4.0->python-jose[cryptography]==3.3.0->-r requirements.txt (line 8)) (2.0.0)
Requirement already satisfied: pycparser in c:\users\desilo\appdata\local\programs\python\python311\lib\site-packages (from cffi>=2.0.0->cryptography>=3.4.0->python-jose[cryptography]==3.3.0->-r requirements.txt (line 8)) (2.22)
Requirement already satisfied: six>=1.9.0 in c:\users\desilo\appdata\local\programs\python\python311\lib\site-packages (from ecdsa!=0.15->python-jose==3.3.0->python-jose[cryptography]==3.3.0->-r requirements.txt (line 8)) (1.17.0)
Requirement already satisfied: MarkupSafe>=0.9.2 in c:\users\desilo\appdata\local\programs\python\python311\lib\site-packages (from Mako->alembic==1.13.1->-r requirements.txt (line 12)) (3.0.2)

WARNING: Ignoring invalid distribution ~cipy (C:\Users\DESILO\AppData\Local\Programs\Python\Python311\Lib\site-packages)
WARNING: Ignoring invalid distribution ~treamlit (C:\Users\DESILO\AppData\Local\Programs\Python\Python311\Lib\site-packages)
WARNING: Ignoring invalid distribution ~vicorn (C:\Users\DESILO\AppData\Local\Programs\Python\Python311\Lib\site-packages)
WARNING: Ignoring invalid distribution ~cipy (C:\Users\DESILO\AppData\Local\Programs\Python\Python311\Lib\site-packages)
WARNING: Ignoring invalid distribution ~treamlit (C:\Users\DESILO\AppData\Local\Programs\Python\Python311\Lib\site-packages)
WARNING: Ignoring invalid distribution ~vicorn (C:\Users\DESILO\AppData\Local\Programs\Python\Python311\Lib\site-packages)
WARNING: Ignoring invalid distribution ~cipy (C:\Users\DESILO\AppData\Local\Programs\Python\Python311\Lib\site-packages)
WARNING: Ignoring invalid distribution ~treamlit (C:\Users\DESILO\AppData\Local\Programs\Python\Python311\Lib\site-packages)
WARNING: Ignoring invalid distribution ~vicorn (C:\Users\DESILO\AppData\Local\Programs\Python\Python311\Lib\site-packages)
