
--- STARTING SERVER ON PORT 3053 ---

> create-a-portfolio-website
@0.1.0 dev
> next dev -p 3053

   ▲ Next.js 14.1.0
   - Local:        http://localhost:3053

 ✓ Ready in 3.6s
 ○ Compiling / ...
 ⨯ ./app/layout.tsx
Error: 
  [31mx[0m Unterminated string constant
   ,-[[36;1;4mD:\Palak\Idea-to-deploy\apps\api\data\artifacts\4f2d20ff-8829-4c92-9d99-639b42618a80\code\frontend\app\layout.tsx[0m:2:1]
 [2m2[0m | import './globals.css'
 [2m3[0m | 
 [2m4[0m | export const metadata: Metadata = {
 [2m5[0m |   title: 'Create a portfolio website
   : [31;1m         ^^^^^^^^^^^^^^^^^^^^^^^^^^^[0m
 [2m6[0m | ',
 [2m7[0m |   description: 'Generated by Idea-to-Deploy',
 [2m7[0m | }
   `----

  [31mx[0m Unterminated string constant
   ,-[[36;1;4mD:\Palak\Idea-to-deploy\apps\api\data\artifacts\4f2d20ff-8829-4c92-9d99-639b42618a80\code\frontend\app\layout.tsx[0m:3:1]
 [2m3[0m | 
 [2m4[0m | export const metadata: Metadata = {
 [2m5[0m |   title: 'Create a portfolio website
 [2m6[0m | ',
   : [31;1m^^[0m
 [2m7[0m |   description: 'Generated by Idea-to-Deploy',
 [2m8[0m | }
 [2m8[0m | 
   `----

  [31mx[0m Expected ',', got 'string literal (,, ',)'
   ,-[[36;1;4mD:\Palak\Idea-to-deploy\apps\api\data\artifacts\4f2d20ff-8829-4c92-9d99-639b42618a80\code\frontend\app\layout.tsx[0m:3:1]
 [2m3[0m | 
 [2m4[0m | export const metadata: Metadata = {
 [2m5[0m |   title: 'Create a portfolio website
 [2m6[0m | ',
   : [31;1m^^[0m
 [2m7[0m |   description: 'Generated by Idea-to-Deploy',
 [2m8[0m | }
 [2m8[0m | 
   `----

Caused by:
    Syntax Error

Import trace for requested module:
./app/layout.tsx
 ⨯ ./app/layout.tsx
Error: 
  [31mx[0m Unterminated string constant
   ,-[[36;1;4mD:\Palak\Idea-to-deploy\apps\api\data\artifacts\4f2d20ff-8829-4c92-9d99-639b42618a80\code\frontend\app\layout.tsx[0m:2:1]
 [2m2[0m | import './globals.css'
 [2m3[0m | 
 [2m4[0m | export const metadata: Metadata = {
 [2m5[0m |   title: 'Create a portfolio website
   : [31;1m         ^^^^^^^^^^^^^^^^^^^^^^^^^^^[0m
 [2m6[0m | ',
 [2m7[0m |   description: 'Generated by Idea-to-Deploy',
 [2m7[0m | }
   `----

  [31mx[0m Unterminated string constant
   ,-[[36;1;4mD:\Palak\Idea-to-deploy\apps\api\data\artifacts\4f2d20ff-8829-4c92-9d99-639b42618a80\code\frontend\app\layout.tsx[0m:3:1]
 [2m3[0m | 
 [2m4[0m | export const metadata: Metadata = {
 [2m5[0m |   title: 'Create a portfolio website
 [2m6[0m | ',
   : [31;1m^^[0m
 [2m7[0m |   description: 'Generated by Idea-to-Deploy',
 [2m8[0m | }
 [2m8[0m | 
   `----

  [31mx[0m Expected ',', got 'string literal (,, ',)'
   ,-[[36;1;4mD:\Palak\Idea-to-deploy\apps\api\data\artifacts\4f2d20ff-8829-4c92-9d99-639b42618a80\code\frontend\app\layout.tsx[0m:3:1]
 [2m3[0m | 
 [2m4[0m | export const metadata: Metadata = {
 [2m5[0m |   title: 'Create a portfolio website
 [2m6[0m | ',
   : [31;1m^^[0m
 [2m7[0m |   description: 'Generated by Idea-to-Deploy',
 [2m8[0m | }
 [2m8[0m | 
   `----

Caused by:
    Syntax Error

Import trace for requested module:
./app/layout.tsx
 ⨯ ./app/layout.tsx
Error: 
  [31mx[0m Unterminated string constant
   ,-[[36;1;4mD:\Palak\Idea-to-deploy\apps\api\data\artifacts\4f2d20ff-8829-4c92-9d99-639b42618a80\code\frontend\app\layout.tsx[0m:2:1]
 [2m2[0m | import './globals.css'
 [2m3[0m | 
 [2m4[0m | export const metadata: Metadata = {
 [2m5[0m |   title: 'Create a portfolio website
   : [31;1m         ^^^^^^^^^^^^^^^^^^^^^^^^^^^[0m
 [2m6[0m | ',
 [2m7[0m |   description: 'Generated by Idea-to-Deploy',
 [2m7[0m | }
   `----

  [31mx[0m Unterminated string constant
   ,-[[36;1;4mD:\Palak\Idea-to-deploy\apps\api\data\artifacts\4f2d20ff-8829-4c92-9d99-639b42618a80\code\frontend\app\layout.tsx[0m:3:1]
 [2m3[0m | 
 [2m4[0m | export const metadata: Metadata = {
 [2m5[0m |   title: 'Create a portfolio website
 [2m6[0m | ',
   : [31;1m^^[0m
 [2m7[0m |   description: 'Generated by Idea-to-Deploy',
 [2m8[0m | }
 [2m8[0m | 
   `----

  [31mx[0m Expected ',', got 'string literal (,, ',)'
   ,-[[36;1;4mD:\Palak\Idea-to-deploy\apps\api\data\artifacts\4f2d20ff-8829-4c92-9d99-639b42618a80\code\frontend\app\layout.tsx[0m:3:1]
 [2m3[0m | 
 [2m4[0m | export const metadata: Metadata = {
 [2m5[0m |   title: 'Create a portfolio website
 [2m6[0m | ',
   : [31;1m^^[0m
 [2m7[0m |   description: 'Generated by Idea-to-Deploy',
 [2m8[0m | }
 [2m8[0m | 
   `----

Caused by:
    Syntax Error

Import trace for requested module:
./app/layout.tsx
 ⨯ ./app/globals.css:1:1
Syntax error: D:\Palak\Idea-to-deploy\apps\api\data\artifacts\4f2d20ff-8829-4c92-9d99-639b42618a80\code\frontend\app\globals.css The `border-border` class does not exist. If `border-border` is a custom class, make sure it is defined within a `@layer` directive.

[1m[31m>[39m[22m[90m 1 | [39m[36m@tailwind[39m base[33m;[39m
 [90m   | [39m[1m[31m^[39m[22m
 [90m 2 | [39m[36m@tailwind[39m components[33m;[39m
 [90m 3 | [39m[36m@tailwind[39m utilities[33m;[39m
 ⚠ Fast Refresh had to perform a full reload due to a runtime error.
 ✓ Compiled / in 167ms (250 modules)
<w> [webpack.cache.PackFileCacheStrategy] Skipped not serializable cache item 'Compilation/modules|D:\Palak\Idea-to-deploy\apps\api\data\artifacts\4f2d20ff-8829-4c92-9d99-639b42618a80\code\frontend\node_modules\next\dist\build\webpack\loaders\css-loader\src\index.js??ruleSet[1].rules[11].oneOf[12].use[2]!D:\Palak\Idea-to-deploy\apps\api\data\artifacts\4f2d20ff-8829-4c92-9d99-639b42618a80\code\frontend\node_modules\next\dist\build\webpack\loaders\postcss-loader\src\index.js??ruleSet[1].rules[11].oneOf[12].use[3]!D:\Palak\Idea-to-deploy\apps\api\data\artifacts\4f2d20ff-8829-4c92-9d99-639b42618a80\code\frontend\app\globals.css': No serializer registered for PostCSSSyntaxError
<w> while serializing webpack/lib/cache/PackFileCacheStrategy.PackContentItems -> webpack/lib/NormalModule -> webpack/lib/ModuleBuildError -> PostCSSSyntaxError
 ✓ Compiled in 356ms (575 modules)
 ✓ Compiled in 108ms (48 modules)
Error: ENOENT: no such file or directory, scandir 'D:\Palak\Idea-to-deploy\apps\api\data\artifacts\4f2d20ff-8829-4c92-9d99-639b42618a80\code\frontend\app'
    at async Object.readdir (node:internal/fs/promises:958:18)
    at async D:\Palak\Idea-to-deploy\apps\api\data\artifacts\4f2d20ff-8829-4c92-9d99-639b42618a80\code\frontend\node_modules\next\dist\lib\recursive-readdir.js:39:29
    at async Promise.all (index 0)
    at async recursiveReadDir (D:\Palak\Idea-to-deploy\apps\api\data\artifacts\4f2d20ff-8829-4c92-9d99-639b42618a80\code\frontend\node_modules\next\dist\lib\recursive-readdir.js:32:25)
    at async D:\Palak\Idea-to-deploy\apps\api\data\artifacts\4f2d20ff-8829-4c92-9d99-639b42618a80\code\frontend\node_modules\next\dist\server\future\route-matcher-providers\dev\helpers\file-reader\batched-file-reader.js:71:25
    at async Promise.all (index 0)
    at async BatchedFileReader.load (D:\Palak\Idea-to-deploy\apps\api\data\artifacts\4f2d20ff-8829-4c92-9d99-639b42618a80\code\frontend\node_modules\next\dist\server\future\route-matcher-providers\dev\helpers\file-reader\batched-file-reader.js:67:25)
    at async D:\Palak\Idea-to-deploy\apps\api\data\artifacts\4f2d20ff-8829-4c92-9d99-639b42618a80\code\frontend\node_modules\next\dist\server\future\route-matcher-providers\dev\helpers\file-reader\batched-file-reader.js:41:26 {
  errno: -4058,
  code: 'ENOENT',
  syscall: 'scandir',
  path: 'D:\\Palak\\Idea-to-deploy\\apps\\api\\data\\artifacts\\4f2d20ff-8829-4c92-9d99-639b42618a80\\code\\frontend\\app'
}
Error: ENOENT: no such file or directory, scandir 'D:\Palak\Idea-to-deploy\apps\api\data\artifacts\4f2d20ff-8829-4c92-9d99-639b42618a80\code\frontend\app'
    at async Object.readdir (node:internal/fs/promises:958:18)
    at async D:\Palak\Idea-to-deploy\apps\api\data\artifacts\4f2d20ff-8829-4c92-9d99-639b42618a80\code\frontend\node_modules\next\dist\lib\recursive-readdir.js:39:29
    at async Promise.all (index 0)
    at async recursiveReadDir (D:\Palak\Idea-to-deploy\apps\api\data\artifacts\4f2d20ff-8829-4c92-9d99-639b42618a80\code\frontend\node_modules\next\dist\lib\recursive-readdir.js:32:25)
    at async D:\Palak\Idea-to-deploy\apps\api\data\artifacts\4f2d20ff-8829-4c92-9d99-639b42618a80\code\frontend\node_modules\next\dist\server\future\route-matcher-providers\dev\helpers\file-reader\batched-file-reader.js:71:25
    at async Promise.all (index 0)
    at async BatchedFileReader.load (D:\Palak\Idea-to-deploy\apps\api\data\artifacts\4f2d20ff-8829-4c92-9d99-639b42618a80\code\frontend\node_modules\next\dist\server\future\route-matcher-providers\dev\helpers\file-reader\batched-file-reader.js:67:25)
    at async D:\Palak\Idea-to-deploy\apps\api\data\artifacts\4f2d20ff-8829-4c92-9d99-639b42618a80\code\frontend\node_modules\next\dist\server\future\route-matcher-providers\dev\helpers\file-reader\batched-file-reader.js:41:26 {
  errno: -4058,
  code: 'ENOENT',
  syscall: 'scandir',
  path: 'D:\\Palak\\Idea-to-deploy\\apps\\api\\data\\artifacts\\4f2d20ff-8829-4c92-9d99-639b42618a80\\code\\frontend\\app'
}
 ⨯ unhandledRejection: Error: ENOENT: no such file or directory, scandir 'D:\Palak\Idea-to-deploy\apps\api\data\artifacts\4f2d20ff-8829-4c92-9d99-639b42618a80\code\frontend\app'
    at async Object.readdir (node:internal/fs/promises:958:18)
    at async D:\Palak\Idea-to-deploy\apps\api\data\artifacts\4f2d20ff-8829-4c92-9d99-639b42618a80\code\frontend\node_modules\next\dist\lib\recursive-readdir.js:39:29
    at async Promise.all (index 0)
    at async recursiveReadDir (D:\Palak\Idea-to-deploy\apps\api\data\artifacts\4f2d20ff-8829-4c92-9d99-639b42618a80\code\frontend\node_modules\next\dist\lib\recursive-readdir.js:32:25)
    at async D:\Palak\Idea-to-deploy\apps\api\data\artifacts\4f2d20ff-8829-4c92-9d99-639b42618a80\code\frontend\node_modules\next\dist\server\future\route-matcher-providers\dev\helpers\file-reader\batched-file-reader.js:71:25
    at async Promise.all (index 0)
    at async BatchedFileReader.load (D:\Palak\Idea-to-deploy\apps\api\data\artifacts\4f2d20ff-8829-4c92-9d99-639b42618a80\code\frontend\node_modules\next\dist\server\future\route-matcher-providers\dev\helpers\file-reader\batched-file-reader.js:67:25)
    at async D:\Palak\Idea-to-deploy\apps\api\data\artifacts\4f2d20ff-8829-4c92-9d99-639b42618a80\code\frontend\node_modules\next\dist\server\future\route-matcher-providers\dev\helpers\file-reader\batched-file-reader.js:41:26 {
  errno: -4058,
  code: 'ENOENT',
  syscall: 'scandir',
  path: 'D:\\Palak\\Idea-to-deploy\\apps\\api\\data\\artifacts\\4f2d20ff-8829-4c92-9d99-639b42618a80\\code\\frontend\\app'
}
 ⨯ unhandledRejection: Error: ENOENT: no such file or directory, scandir 'D:\Palak\Idea-to-deploy\apps\api\data\artifacts\4f2d20ff-8829-4c92-9d99-639b42618a80\code\frontend\app'
    at async Object.readdir (node:internal/fs/promises:958:18)
    at async D:\Palak\Idea-to-deploy\apps\api\data\artifacts\4f2d20ff-8829-4c92-9d99-639b42618a80\code\frontend\node_modules\next\dist\lib\recursive-readdir.js:39:29
    at async Promise.all (index 0)
    at async recursiveReadDir (D:\Palak\Idea-to-deploy\apps\api\data\artifacts\4f2d20ff-8829-4c92-9d99-639b42618a80\code\frontend\node_modules\next\dist\lib\recursive-readdir.js:32:25)
    at async D:\Palak\Idea-to-deploy\apps\api\data\artifacts\4f2d20ff-8829-4c92-9d99-639b42618a80\code\frontend\node_modules\next\dist\server\future\route-matcher-providers\dev\helpers\file-reader\batched-file-reader.js:71:25
    at async Promise.all (index 0)
    at async BatchedFileReader.load (D:\Palak\Idea-to-deploy\apps\api\data\artifacts\4f2d20ff-8829-4c92-9d99-639b42618a80\code\frontend\node_modules\next\dist\server\future\route-matcher-providers\dev\helpers\file-reader\batched-file-reader.js:67:25)
    at async D:\Palak\Idea-to-deploy\apps\api\data\artifacts\4f2d20ff-8829-4c92-9d99-639b42618a80\code\frontend\node_modules\next\dist\server\future\route-matcher-providers\dev\helpers\file-reader\batched-file-reader.js:41:26 {
  errno: -4058,
  code: 'ENOENT',
  syscall: 'scandir',
  path: 'D:\\Palak\\Idea-to-deploy\\apps\\api\\data\\artifacts\\4f2d20ff-8829-4c92-9d99-639b42618a80\\code\\frontend\\app'
}
 ✓ Compiled in 166ms (372 modules)
oy\apps\api\data\artifacts\4f2d20ff-8829-4c92-9d99-639b42618a80\code\frontend\app'
    at async Object.readdir (node:internal/fs/promises:958:18)
    at async D:\Palak\Idea-to-deploy\apps\api\data\artifacts\4f2d20ff-8829-4c92-9d99-639b42618a80\code\frontend\node_modules\next\dist\lib\recursive-readdir.js:39:29
    at async Promise.all (index 0)
    at async recursiveReadDir (D:\Palak\Idea-to-deploy\apps\api\data\artifacts\4f2d20ff-8829-4c92-9d99-639b42618a80\code\frontend\node_modules\next\dist\lib\recursive-readdir.js:32:25)
    at async D:\Palak\Idea-to-deploy\apps\api\data\artifacts\4f2d20ff-8829-4c92-9d99-639b42618a80\code\frontend\node_modules\next\dist\server\future\route-matcher-providers\dev\helpers\file-reader\batched-file-reader.js:71:25
    at async Promise.all (index 0)
    at async BatchedFileReader.load (D:\Palak\Idea-to-deploy\apps\api\data\artifacts\4f2d20ff-8829-4c92-9d99-639b42618a80\code\frontend\node_modules\next\dist\server\future\route-matcher-providers\dev\helpers\file-reader\batched-file-reader.js:67:25)
    at async D:\Palak\Idea-to-deploy\apps\api\data\artifacts\4f2d20ff-8829-4c92-9d99-639b42618a80\code\frontend\node_modules\next\dist\server\future\route-matcher-providers\dev\helpers\file-reader\batched-file-reader.js:41:26 {
  errno: -4058,
  code: 'ENOENT',
  syscall: 'scandir',
  path: 'D:\\Palak\\Idea-to-deploy\\apps\\api\\data\\artifacts\\4f2d20ff-8829-4c92-9d99-639b42618a80\\code\\frontend\\app'
}
^C^C