
--- STARTING SERVER ON PORT 3088 ---

> build-a-full-stack-e-commerce-platform-that-allows...@0.1.0 dev
> next dev -p 3088

   ▲ Next.js 14.1.0
   - Local:        http://localhost:3088

 ✓ Ready in 2.3s
 ○ Compiling / ...
 ✓ Compiled / in 2.4s (426 modules)
 ✓ Compiled in 319ms (219 modules)
 ✓ Compiled /not-found in 231ms (417 modules)
 ✓ Compiled in 180ms (201 modules)
Error: ENOENT: no such file or directory, scandir 'D:\Palak\Idea-to-deploy\apps\api\data\artifacts\4939e1ae-6cc8-46f4-81e3-01782e3c5ae5\code\frontend\app'
    at async Object.readdir (node:internal/fs/promises:958:18)
    at async D:\Palak\Idea-to-deploy\apps\api\data\artifacts\4939e1ae-6cc8-46f4-81e3-01782e3c5ae5\code\frontend\node_modules\next\dist\lib\recursive-readdir.js:39:29
    at async Promise.all (index 0)
    at async recursiveReadDir (D:\Palak\Idea-to-deploy\apps\api\data\artifacts\4939e1ae-6cc8-46f4-81e3-01782e3c5ae5\code\frontend\node_modules\next\dist\lib\recursive-readdir.js:32:25)
    at async D:\Palak\Idea-to-deploy\apps\api\data\artifacts\4939e1ae-6cc8-46f4-81e3-01782e3c5ae5\code\frontend\node_modules\next\dist\server\future\route-matcher-providers\dev\helpers\file-reader\batched-file-reader.js:71:25
    at async Promise.all (index 0)
    at async BatchedFileReader.load (D:\Palak\Idea-to-deploy\apps\api\data\artifacts\4939e1ae-6cc8-46f4-81e3-01782e3c5ae5\code\frontend\node_modules\next\dist\server\future\route-matcher-providers\dev\helpers\file-reader\batched-file-reader.js:67:25)
    at async D:\Palak\Idea-to-deploy\apps\api\data\artifacts\4939e1ae-6cc8-46f4-81e3-01782e3c5ae5\code\frontend\node_modules\next\dist\server\future\route-matcher-providers\dev\helpers\file-reader\batched-file-reader.js:41:26 {
  errno: -4058,
  code: 'ENOENT',
  syscall: 'scandir',
  path: 'D:\\Palak\\Idea-to-deploy\\apps\\api\\data\\artifacts\\4939e1ae-6cc8-46f4-81e3-01782e3c5ae5\\code\\frontend\\app'
}
Error: ENOENT: no such file or directory, scandir 'D:\Palak\Idea-to-deploy\apps\api\data\artifacts\4939e1ae-6cc8-46f4-81e3-01782e3c5ae5\code\frontend\app'
    at async Object.readdir (node:internal/fs/promises:958:18)
    at async D:\Palak\Idea-to-deploy\apps\api\data\artifacts\4939e1ae-6cc8-46f4-81e3-01782e3c5ae5\code\frontend\node_modules\next\dist\lib\recursive-readdir.js:39:29
    at async Promise.all (index 0)
    at async recursiveReadDir (D:\Palak\Idea-to-deploy\apps\api\data\artifacts\4939e1ae-6cc8-46f4-81e3-01782e3c5ae5\code\frontend\node_modules\next\dist\lib\recursive-readdir.js:32:25)
    at async D:\Palak\Idea-to-deploy\apps\api\data\artifacts\4939e1ae-6cc8-46f4-81e3-01782e3c5ae5\code\frontend\node_modules\next\dist\server\future\route-matcher-providers\dev\helpers\file-reader\batched-file-reader.js:71:25
    at async Promise.all (index 0)
    at async BatchedFileReader.load (D:\Palak\Idea-to-deploy\apps\api\data\artifacts\4939e1ae-6cc8-46f4-81e3-01782e3c5ae5\code\frontend\node_modules\next\dist\server\future\route-matcher-providers\dev\helpers\file-reader\batched-file-reader.js:67:25)
    at async D:\Palak\Idea-to-deploy\apps\api\data\artifacts\4939e1ae-6cc8-46f4-81e3-01782e3c5ae5\code\frontend\node_modules\next\dist\server\future\route-matcher-providers\dev\helpers\file-reader\batched-file-reader.js:41:26 {
  errno: -4058,
  code: 'ENOENT',
  syscall: 'scandir',
  path: 'D:\\Palak\\Idea-to-deploy\\apps\\api\\data\\artifacts\\4939e1ae-6cc8-46f4-81e3-01782e3c5ae5\\code\\frontend\\app'
}
 ⨯ unhandledRejection: Error: ENOENT: no such file or directory, scandir 'D:\Palak\Idea-to-deploy\apps\api\data\artifacts\4939e1ae-6cc8-46f4-81e3-01782e3c5ae5\code\frontend\app'
    at async Object.readdir (node:internal/fs/promises:958:18)
    at async D:\Palak\Idea-to-deploy\apps\api\data\artifacts\4939e1ae-6cc8-46f4-81e3-01782e3c5ae5\code\frontend\node_modules\next\dist\lib\recursive-readdir.js:39:29
    at async Promise.all (index 0)
    at async recursiveReadDir (D:\Palak\Idea-to-deploy\apps\api\data\artifacts\4939e1ae-6cc8-46f4-81e3-01782e3c5ae5\code\frontend\node_modules\next\dist\lib\recursive-readdir.js:32:25)
    at async D:\Palak\Idea-to-deploy\apps\api\data\artifacts\4939e1ae-6cc8-46f4-81e3-01782e3c5ae5\code\frontend\node_modules\next\dist\server\future\route-matcher-providers\dev\helpers\file-reader\batched-file-reader.js:71:25
    at async Promise.all (index 0)
    at async BatchedFileReader.load (D:\Palak\Idea-to-deploy\apps\api\data\artifacts\4939e1ae-6cc8-46f4-81e3-01782e3c5ae5\code\frontend\node_modules\next\dist\server\future\route-matcher-providers\dev\helpers\file-reader\batched-file-reader.js:67:25)
    at async D:\Palak\Idea-to-deploy\apps\api\data\artifacts\4939e1ae-6cc8-46f4-81e3-01782e3c5ae5\code\frontend\node_modules\next\dist\server\future\route-matcher-providers\dev\helpers\file-reader\batched-file-reader.js:41:26 {
  errno: -4058,
  code: 'ENOENT',
  syscall: 'scandir',
  path: 'D:\\Palak\\Idea-to-deploy\\apps\\api\\data\\artifacts\\4939e1ae-6cc8-46f4-81e3-01782e3c5ae5\\code\\frontend\\app'
}
 ⨯ unhandledRejection: Error: ENOENT: no such file or directory, scandir 'D:\Palak\Idea-to-deploy\apps\api\data\artifacts\4939e1ae-6cc8-46f4-81e3-01782e3c5ae5\code\frontend\app'
    at async Object.readdir (node:internal/fs/promises:958:18)
    at async D:\Palak\Idea-to-deploy\apps\api\data\artifacts\4939e1ae-6cc8-46f4-81e3-01782e3c5ae5\code\frontend\node_modules\next\dist\lib\recursive-readdir.js:39:29
    at async Promise.all (index 0)
    at async recursiveReadDir (D:\Palak\Idea-to-deploy\apps\api\data\artifacts\4939e1ae-6cc8-46f4-81e3-01782e3c5ae5\code\frontend\node_modules\next\dist\lib\recursive-readdir.js:32:25)
    at async D:\Palak\Idea-to-deploy\apps\api\data\artifacts\4939e1ae-6cc8-46f4-81e3-01782e3c5ae5\code\frontend\node_modules\next\dist\server\future\route-matcher-providers\dev\helpers\file-reader\batched-file-reader.js:71:25
    at async Promise.all (index 0)
    at async BatchedFileReader.load (D:\Palak\Idea-to-deploy\apps\api\data\artifacts\4939e1ae-6cc8-46f4-81e3-01782e3c5ae5\code\frontend\node_modules\next\dist\server\future\route-matcher-providers\dev\helpers\file-reader\batched-file-reader.js:67:25)
    at async D:\Palak\Idea-to-deploy\apps\api\data\artifacts\4939e1ae-6cc8-46f4-81e3-01782e3c5ae5\code\frontend\node_modules\next\dist\server\future\route-matcher-providers\dev\helpers\file-reader\batched-file-reader.js:41:26 {
  errno: -4058,
  code: 'ENOENT',
  syscall: 'scandir',
  path: 'D:\\Palak\\Idea-to-deploy\\apps\\api\\data\\artifacts\\4939e1ae-6cc8-46f4-81e3-01782e3c5ae5\\code\\frontend\\app'
}
 ✓ Compiled in 76ms (201 modules)
^C^C