
--- STARTING SERVER ON PORT 3073 ---

> i-want-to-create-a-platform-where-i-can-connect-di...@0.1.0 dev
> next dev -p 3073

   ▲ Next.js 14.1.0
   - Local:        http://localhost:3073

 ✓ Ready in 2.9s
 ○ Compiling / ...
 ⨯ ./app/globals.css:1:1
Syntax error: D:\Palak\Idea-to-deploy\apps\api\data\artifacts\4cde7b0d-2d8a-4c8b-b518-9b29d658ce56\code\frontend\app\globals.css The `border-border` class does not exist. If `border-border` is a custom class, make sure it is defined within a `@layer` directive.

[1m[31m>[39m[22m[90m 1 | [39m[36m@tailwind[39m base[33m;[39m
 [90m   | [39m[1m[31m^[39m[22m
 [90m 2 | [39m[36m@tailwind[39m components[33m;[39m
 [90m 3 | [39m[36m@tailwind[39m utilities[33m;[39m
 ⨯ ./app/globals.css:1:1
Syntax error: D:\Palak\Idea-to-deploy\apps\api\data\artifacts\4cde7b0d-2d8a-4c8b-b518-9b29d658ce56\code\frontend\app\globals.css The `border-border` class does not exist. If `border-border` is a custom class, make sure it is defined within a `@layer` directive.

[1m[31m>[39m[22m[90m 1 | [39m[36m@tailwind[39m base[33m;[39m
 [90m   | [39m[1m[31m^[39m[22m
 [90m 2 | [39m[36m@tailwind[39m components[33m;[39m
 [90m 3 | [39m[36m@tailwind[39m utilities[33m;[39m
<w> [webpack.cache.PackFileCacheStrategy] Skipped not serializable cache item 'Compilation/modules|D:\Palak\Idea-to-deploy\apps\api\data\artifacts\4cde7b0d-2d8a-4c8b-b518-9b29d658ce56\code\frontend\node_modules\next\dist\build\webpack\loaders\css-loader\src\index.js??ruleSet[1].rules[11].oneOf[12].use[2]!D:\Palak\Idea-to-deploy\apps\api\data\artifacts\4cde7b0d-2d8a-4c8b-b518-9b29d658ce56\code\frontend\node_modules\next\dist\build\webpack\loaders\postcss-loader\src\index.js??ruleSet[1].rules[11].oneOf[12].use[3]!D:\Palak\Idea-to-deploy\apps\api\data\artifacts\4cde7b0d-2d8a-4c8b-b518-9b29d658ce56\code\frontend\app\globals.css': No serializer registered for PostCSSSyntaxError
<w> while serializing webpack/lib/cache/PackFileCacheStrategy.PackContentItems -> webpack/lib/NormalModule -> webpack/lib/ModuleBuildError -> PostCSSSyntaxError
 ✓ Compiled /_error in 332ms (589 modules)

--- STARTING SERVER ON PORT 3073 ---

> i-want-to-create-a-platform-where-i-can-connect-di...@0.1.0 dev
> next dev -p 3073

   ▲ Next.js 14.1.0
   - Local:        http://localhost:3073

 ✓ Ready in 2.8s
 ○ Compiling / ...
 ✓ Compiled / in 1585ms (426 modules)
 ⨯ Error: The default export is not a React Component in page: "/"
    at async Promise.all (index 0)
 ⨯ Error: The default export is not a React Component in page: "/"
    at async Promise.all (index 0)
digest: "3666873096"

--- STARTING SERVER ON PORT 3006 ---

> i-want-to-create-a-platform-where-i-can-connect-di...@0.1.0 dev
> next dev -p 3006

   ▲ Next.js 14.1.0
   - Local:        http://localhost:3006

 ✓ Ready in 3.6s
 ○ Compiling / ...
 ✓ Compiled / in 810ms (412 modules)
 ⨯ Error: The default export is not a React Component in page: "/"
    at async Promise.all (index 0)
 ⨯ Error: The default export is not a React Component in page: "/"
    at async Promise.all (index 0)
digest: "3666873096"

--- STARTING SERVER ON PORT 3006 ---

> i-want-to-create-a-platform-where-i-can-connect-di...@0.1.0 dev
> next dev -p 3006

   ▲ Next.js 14.1.0
   - Local:        http://localhost:3006

 ✓ Ready in 2.5s
 ○ Compiling / ...
 ✓ Compiled / in 1350ms (426 modules)
 ⨯ Error: The default export is not a React Component in page: "/"
    at async Promise.all (index 0)
 ⨯ Error: The default export is not a React Component in page: "/"
    at async Promise.all (index 0)
digest: "3666873096"
^C^C